[INFO] [1791310202.219333001] [ontology_rgat_px4_gateway_0]: gateway target=sitl, UDP=127.0.0.1:14650, PX4 namespace=/fmu, arm_allowed=True, offboard_allowed=True, heartbeat=50 Hz, pad_motion=random_walk, gnss=off, battery=on (hover 186 W)
[INFO] [1791310202.222003556] [ontology_rgat_px4_gateway_0]: PX4 local frame is at world ENU (-0.0, 0.0, 2.86) m; deck poses will be brought into it.
[WARN] [1791310270.712412852] [ontology_rgat_px4_gateway_0]: PX4 rejected command 400 with result 1 (reason 0)
[INFO] [1791310398.081035699] [ontology_rgat_px4_gateway_0]: physical pad touchdown: OFFBOARD hold retained until SITL force-disarm confirmation (truth pad xyz=-0.16,0.08,0.07)
[WARN] [1791310398.432224930] [ontology_rgat_px4_gateway_0]: PX4 rejected command 400 with result 1 (reason 0)
[INFO] [1791310437.149889153] [ontology_rgat_px4_gateway_0]: physical pad touchdown: OFFBOARD hold retained until SITL force-disarm confirmation (truth pad xyz=-0.17,0.10,0.10)
[INFO] [1791310484.744481058] [ontology_rgat_px4_gateway_0]: physical pad touchdown: OFFBOARD hold retained until SITL force-disarm confirmation (truth pad xyz=-0.10,0.14,0.09)
[WARN] [1791310485.084140826] [ontology_rgat_px4_gateway_0]: PX4 rejected command 400 with result 1 (reason 0)
[INFO] [1791310553.096734208] [ontology_rgat_px4_gateway_0]: physical pad touchdown: OFFBOARD hold retained until SITL force-disarm confirmation (truth pad xyz=-0.07,0.07,0.10)
[WARN] [1791310638.577215905] [ontology_rgat_px4_gateway_0]: PX4 rejected command 400 with result 1 (reason 0)
[WARN] [1791310783.420586187] [ontology_rgat_px4_gateway_0]: PX4 rejected command 400 with result 1 (reason 0)
[INFO] [1791310823.756577728] [ontology_rgat_px4_gateway_0]: physical pad touchdown: OFFBOARD hold retained until SITL force-disarm confirmation (truth pad xyz=-0.02,0.26,0.07)
[WARN] [1791310824.114341724] [ontology_rgat_px4_gateway_0]: PX4 rejected command 400 with result 1 (reason 0)
[INFO] [1791310865.699673133] [ontology_rgat_px4_gateway_0]: physical pad touchdown: OFFBOARD hold retained until SITL force-disarm confirmation (truth pad xyz=-0.12,0.13,0.09)
[INFO] [1791311010.136511124] [ontology_rgat_px4_gateway_0]: physical pad touchdown: OFFBOARD hold retained until SITL force-disarm confirmation (truth pad xyz=-0.25,0.11,0.10)
[INFO] [1791311196.070825438] [ontology_rgat_px4_gateway_0]: physical pad touchdown: OFFBOARD hold retained until SITL force-disarm confirmation (truth pad xyz=-0.11,0.06,0.06)
[WARN] [1791311196.432871603] [ontology_rgat_px4_gateway_0]: PX4 rejected command 400 with result 1 (reason 0)
[WARN] [1791311359.910931790] [ontology_rgat_px4_gateway_0]: XRCE-DDS rebased the PX4 timestamp (raw delta -1791310841.429 s); continuing on the monotonic simulated-time axis
[WARN] [1791311362.405268847] [ontology_rgat_px4_gateway_0]: XRCE-DDS rebased the PX4 timestamp (raw delta 1791310854.374 s); continuing on the monotonic simulated-time axis
[WARN] [1791311479.675027532] [ontology_rgat_px4_gateway_0]: PX4 rejected command 400 with result 1 (reason 0)
[INFO] [1791311521.935392025] [ontology_rgat_px4_gateway_0]: physical pad touchdown: OFFBOARD hold retained until SITL force-disarm confirmation (truth pad xyz=-0.19,0.14,0.10)
[INFO] [1791311573.011291350] [ontology_rgat_px4_gateway_0]: physical pad touchdown: OFFBOARD hold retained until SITL force-disarm confirmation (truth pad xyz=-0.16,0.03,0.08)
[WARN] [1791311573.369814070] [ontology_rgat_px4_gateway_0]: PX4 rejected command 400 with result 1 (reason 0)
[INFO] [1791311618.281856039] [ontology_rgat_px4_gateway_0]: physical pad touchdown: OFFBOARD hold retained until SITL force-disarm confirmation (truth pad xyz=-0.18,0.02,0.12)
[WARN] [1791311690.985978035] [ontology_rgat_px4_gateway_0]: PX4 rejected command 400 with result 1 (reason 0)
[WARN] [1791311790.660322782] [ontology_rgat_px4_gateway_0]: PX4 rejected command 400 with result 1 (reason 0)
[INFO] [1791311832.843437041] [ontology_rgat_px4_gateway_0]: physical pad touchdown: OFFBOARD hold retained until SITL force-disarm confirmation (truth pad xyz=-0.14,0.19,0.12)
[WARN] [1791311833.205435537] [ontology_rgat_px4_gateway_0]: PX4 rejected command 400 with result 1 (reason 0)
[INFO] [1791311876.522125267] [ontology_rgat_px4_gateway_0]: physical pad touchdown: OFFBOARD hold retained until SITL force-disarm confirmation (truth pad xyz=-0.31,0.13,0.10)
[INFO] [1791312050.743741226] [ontology_rgat_px4_gateway_0]: physical pad touchdown: OFFBOARD hold retained until SITL force-disarm confirmation (truth pad xyz=-0.13,0.05,0.07)
[WARN] [1791312051.113613113] [ontology_rgat_px4_gateway_0]: PX4 rejected command 400 with result 1 (reason 0)
[INFO] [1791312094.913381039] [ontology_rgat_px4_gateway_0]: physical pad touchdown: OFFBOARD hold retained until SITL force-disarm confirmation (truth pad xyz=-0.24,0.09,0.07)
[INFO] [1791312283.181556870] [ontology_rgat_px4_gateway_0]: physical pad touchdown: OFFBOARD hold retained until SITL force-disarm confirmation (truth pad xyz=-0.46,-0.08,0.08)
[WARN] [1791312283.535225797] [ontology_rgat_px4_gateway_0]: PX4 rejected command 400 with result 1 (reason 0)
[INFO] [1791312468.552072130] [ontology_rgat_px4_gateway_0]: physical pad touchdown: OFFBOARD hold retained until SITL force-disarm confirmation (truth pad xyz=-0.41,-0.10,0.10)
[INFO] [1791312505.341563344] [ontology_rgat_px4_gateway_0]: physical pad touchdown: OFFBOARD hold retained until SITL force-disarm confirmation (truth pad xyz=-0.09,0.16,0.07)
[WARN] [1791312505.708410264] [ontology_rgat_px4_gateway_0]: PX4 rejected command 400 with result 1 (reason 0)
[INFO] [1791312551.824882941] [ontology_rgat_px4_gateway_0]: physical pad touchdown: OFFBOARD hold retained until SITL force-disarm confirmation (truth pad xyz=-0.15,0.07,0.13)
[WARN] [1791312567.304923224] [ontology_rgat_px4_gateway_0]: XRCE-DDS rebased the PX4 timestamp (raw delta -1791311543.604 s); continuing on the monotonic simulated-time axis
[WARN] [1791312569.651954951] [ontology_rgat_px4_gateway_0]: XRCE-DDS rebased the PX4 timestamp (raw delta 1791311553.604 s); continuing on the monotonic simulated-time axis
[INFO] [1791312594.095593507] [ontology_rgat_px4_gateway_0]: physical pad touchdown: OFFBOARD hold retained until SITL force-disarm confirmation (truth pad xyz=-0.13,0.09,0.11)
[WARN] [1791312594.450405585] [ontology_rgat_px4_gateway_0]: PX4 rejected command 400 with result 1 (reason 0)
[INFO] [1791312641.245259491] [ontology_rgat_px4_gateway_0]: physical pad touchdown: OFFBOARD hold retained until SITL force-disarm confirmation (truth pad xyz=-0.22,0.02,0.12)
