
=== CICS2026 Ontology-TA-GAT Adaptive PF Experiment ===
Mode        : SYNTHETIC
Run folder  : c:\Users\user\SynologyDrive\junsuk\학술대회\CICS2026\codes\CICS2026_Ontology_TAGAT_PF_MATLAB\results\run_20260822_214048
MATLAB      : 25.2.0.3312555 (R2025b) Update 6

Samples: total=200 train=110 val=30 test=60

--- Training GAT baseline ---
epoch 01 | train 0.05675 | val 0.05957

--- Training ontology R-GAT baseline ---
epoch 01 | train 0.16087 | val 0.11803

--- Training ontology TA-GAT proposed model ---
epoch 01 | train 0.13638 | val 0.09190

=== Running particle-filter baselines ===

[1/6] PF-Fixed

[2/6] PF-Adaptive

[3/6] Ontology-Rule-PF

[4/6] GAT-PF

[5/6] Ontology-RGAT-PF

[6/6] Ontology-TAGAT-PF

=== Summary ===
           Model           PositionRMSE_m    PositionMAE_m    PositionP95_m    YawRMSE_deg    FailureRate_pct    MeanNEES2D    MeanParticles    MaxParticles    MeanRuntime_ms    P95Runtime_ms    RealTimeFactor
    ___________________    ______________    _____________    _____________    ___________    _______________    __________    _____________    ____________    ______________    _____________    ______________

    "PF-Fixed"                0.33223           0.30621          0.55242         0.94987             0            0.34366            150            150             1.0614            3.2824           188.43    
    "PF-Adaptive"             0.28054           0.23411          0.46789         0.81513             0              0.249            297            300            0.30096            0.4901           664.55    
    "Ontology-Rule-PF"        0.33517           0.28514          0.66298          1.4655             0             1.2034         298.35            300            0.55139            1.0935           362.72    
    "GAT-PF"                  0.28291           0.24332            0.503         0.82595             0             1.4956            300            300            0.28823           0.35773            693.9    
    "Ontology-RGAT-PF"        0.28569           0.24643          0.51213         0.85446             0            0.53475            300            300            0.29984           0.45594           667.03    
    "Ontology-TAGAT-PF"       0.28415           0.24395          0.50057         0.80118             0              1.366            300            300            0.26439           0.34266           756.47    

Results saved to:
c:\Users\user\SynologyDrive\junsuk\학술대회\CICS2026\codes\CICS2026_Ontology_TAGAT_PF_MATLAB\results\run_20260822_214048
