[INFO] [1791291647.874821657] [ontology_rgat_px4_gateway_0]: gateway target=sitl, UDP=127.0.0.1:14650, PX4 namespace=/fmu, arm_allowed=True, offboard_allowed=True, heartbeat=50 Hz, pad_motion=random_walk, gnss=off, battery=on (hover 186 W)
[INFO] [1791291647.878335321] [ontology_rgat_px4_gateway_0]: PX4 local frame is at world ENU (0.0, 0.0, 2.87) m; deck poses will be brought into it.
[WARN] [1791291648.858202869] [ontology_rgat_px4_gateway_0]: XRCE-DDS rebased the PX4 timestamp (raw delta -0.012 s); continuing on the monotonic simulated-time axis
[WARN] [1791291649.880487010] [ontology_rgat_px4_gateway_0]: XRCE-DDS rebased the PX4 timestamp (raw delta -0.011 s); continuing on the monotonic simulated-time axis
[INFO] [1791291680.589136389] [ontology_rgat_px4_gateway_0]: physical pad touchdown: OFFBOARD hold retained until SITL force-disarm confirmation (truth pad xyz=-0.18,0.17,0.34)
[WARN] [1791291680.854387961] [ontology_rgat_px4_gateway_0]: PX4 rejected command 400 with result 1 (reason 0)
[INFO] [1791291705.572354663] [ontology_rgat_px4_gateway_0]: physical pad touchdown: OFFBOARD hold retained until SITL force-disarm confirmation (truth pad xyz=-0.12,-0.08,0.32)
[INFO] [1791291733.716516226] [ontology_rgat_px4_gateway_0]: physical pad touchdown: OFFBOARD hold retained until SITL force-disarm confirmation (truth pad xyz=-0.43,-0.06,0.33)
[WARN] [1791291733.984024430] [ontology_rgat_px4_gateway_0]: PX4 rejected command 400 with result 1 (reason 0)
[INFO] [1791291760.457735946] [ontology_rgat_px4_gateway_0]: physical pad touchdown: OFFBOARD hold retained until SITL force-disarm confirmation (truth pad xyz=-0.19,-0.02,0.34)
[INFO] [1791291787.021708818] [ontology_rgat_px4_gateway_0]: physical pad touchdown: OFFBOARD hold retained until SITL force-disarm confirmation (truth pad xyz=-0.05,0.13,0.33)
[WARN] [1791291787.290558459] [ontology_rgat_px4_gateway_0]: PX4 rejected command 400 with result 1 (reason 0)
[INFO] [1791291814.773584347] [ontology_rgat_px4_gateway_0]: physical pad touchdown: OFFBOARD hold retained until SITL force-disarm confirmation (truth pad xyz=-0.13,0.04,0.34)
[INFO] [1791291840.600891444] [ontology_rgat_px4_gateway_0]: physical pad touchdown: OFFBOARD hold retained until SITL force-disarm confirmation (truth pad xyz=-0.30,0.11,0.35)
[WARN] [1791291840.874188051] [ontology_rgat_px4_gateway_0]: PX4 rejected command 400 with result 1 (reason 0)
[INFO] [1791291867.641346110] [ontology_rgat_px4_gateway_0]: physical pad touchdown: OFFBOARD hold retained until SITL force-disarm confirmation (truth pad xyz=-0.16,0.02,0.32)
[INFO] [1791291899.904335520] [ontology_rgat_px4_gateway_0]: physical pad touchdown: OFFBOARD hold retained until SITL force-disarm confirmation (truth pad xyz=-0.47,0.03,0.34)
[WARN] [1791291900.170923823] [ontology_rgat_px4_gateway_0]: PX4 rejected command 400 with result 1 (reason 0)
[INFO] [1791291940.479023945] [ontology_rgat_px4_gateway_0]: physical pad touchdown: OFFBOARD hold retained until SITL force-disarm confirmation (truth pad xyz=-0.21,0.11,0.33)
[INFO] [1791291980.509149763] [ontology_rgat_px4_gateway_0]: physical pad touchdown: OFFBOARD hold retained until SITL force-disarm confirmation (truth pad xyz=-0.13,0.17,0.32)
[WARN] [1791291980.918471573] [ontology_rgat_px4_gateway_0]: PX4 rejected command 400 with result 1 (reason 0)
[WARN] [1791291981.672320953] [ontology_rgat_px4_gateway_0]: PX4 rejected command 400 with result 1 (reason 0)
[WARN] [1791291983.659644557] [ontology_rgat_px4_gateway_0]: PX4 rejected command 400 with result 1 (reason 0)
[WARN] [1791291985.638612411] [ontology_rgat_px4_gateway_0]: PX4 rejected command 400 with result 1 (reason 0)
[WARN] [1791291987.622347841] [ontology_rgat_px4_gateway_0]: PX4 rejected command 400 with result 1 (reason 0)
[WARN] [1791291989.636638203] [ontology_rgat_px4_gateway_0]: PX4 rejected command 400 with result 1 (reason 0)
[WARN] [1791291991.629579219] [ontology_rgat_px4_gateway_0]: PX4 rejected command 400 with result 1 (reason 0)
[WARN] [1791291993.799668487] [ontology_rgat_px4_gateway_0]: PX4 rejected command 400 with result 1 (reason 0)
[WARN] [1791291995.769381274] [ontology_rgat_px4_gateway_0]: PX4 rejected command 400 with result 1 (reason 0)
[WARN] [1791291997.753257334] [ontology_rgat_px4_gateway_0]: PX4 rejected command 400 with result 1 (reason 0)
[WARN] [1791291999.747335820] [ontology_rgat_px4_gateway_0]: PX4 rejected command 400 with result 1 (reason 0)
[WARN] [1791292001.772689065] [ontology_rgat_px4_gateway_0]: PX4 rejected command 400 with result 1 (reason 0)
[WARN] [1791292003.757166913] [ontology_rgat_px4_gateway_0]: PX4 rejected command 400 with result 1 (reason 0)
[WARN] [1791292005.737290512] [ontology_rgat_px4_gateway_0]: PX4 rejected command 400 with result 1 (reason 0)
