[INFO] [1791283287.775349477] [ontology_rgat_px4_gateway_0]: gateway target=sitl, UDP=127.0.0.1:14650, PX4 namespace=/fmu, arm_allowed=True, offboard_allowed=True, heartbeat=50 Hz, pad_motion=random_walk, gnss=off, battery=on (hover 186 W)
[INFO] [1791283287.778336398] [ontology_rgat_px4_gateway_0]: PX4 local frame is at world ENU (0.0, 0.0, 2.87) m; deck poses will be brought into it.
[INFO] [1791283321.534502797] [ontology_rgat_px4_gateway_0]: physical pad touchdown: OFFBOARD hold retained until SITL force-disarm confirmation (truth pad xyz=-0.16,0.24,0.35)
[WARN] [1791283321.805161077] [ontology_rgat_px4_gateway_0]: PX4 rejected command 400 with result 1 (reason 0)
[INFO] [1791283347.572565158] [ontology_rgat_px4_gateway_0]: physical pad touchdown: OFFBOARD hold retained until SITL force-disarm confirmation (truth pad xyz=-0.11,-0.02,0.32)
[INFO] [1791283401.996100336] [ontology_rgat_px4_gateway_0]: physical pad touchdown: OFFBOARD hold retained until SITL force-disarm confirmation (truth pad xyz=-0.33,0.05,0.32)
[WARN] [1791283402.268122950] [ontology_rgat_px4_gateway_0]: PX4 rejected command 400 with result 1 (reason 0)
[INFO] [1791283437.915755164] [ontology_rgat_px4_gateway_0]: physical pad touchdown: OFFBOARD hold retained until SITL force-disarm confirmation (truth pad xyz=-0.42,-0.01,0.33)
[INFO] [1791283472.042869320] [ontology_rgat_px4_gateway_0]: physical pad touchdown: OFFBOARD hold retained until SITL force-disarm confirmation (truth pad xyz=-0.10,0.16,0.36)
[WARN] [1791283472.301553327] [ontology_rgat_px4_gateway_0]: PX4 rejected command 400 with result 1 (reason 0)
[INFO] [1791283497.966898656] [ontology_rgat_px4_gateway_0]: physical pad touchdown: OFFBOARD hold retained until SITL force-disarm confirmation (truth pad xyz=0.08,0.11,0.32)
[INFO] [1791283524.953870903] [ontology_rgat_px4_gateway_0]: physical pad touchdown: OFFBOARD hold retained until SITL force-disarm confirmation (truth pad xyz=-0.22,0.16,0.32)
[WARN] [1791283525.210447479] [ontology_rgat_px4_gateway_0]: PX4 rejected command 400 with result 1 (reason 0)
[INFO] [1791283552.027757664] [ontology_rgat_px4_gateway_0]: physical pad touchdown: OFFBOARD hold retained until SITL force-disarm confirmation (truth pad xyz=-0.15,0.06,0.34)
[INFO] [1791283601.197225510] [ontology_rgat_px4_gateway_0]: physical pad touchdown: OFFBOARD hold retained until SITL force-disarm confirmation (truth pad xyz=-0.64,0.15,0.33)
[WARN] [1791283601.461647931] [ontology_rgat_px4_gateway_0]: PX4 rejected command 400 with result 1 (reason 0)
[INFO] [1791283687.824030411] [ontology_rgat_px4_gateway_0]: physical pad touchdown: OFFBOARD hold retained until SITL force-disarm confirmation (truth pad xyz=-0.16,0.04,0.34)
[WARN] [1791283723.681289541] [ontology_rgat_px4_gateway_0]: PX4 rejected command 400 with result 1 (reason 0)
[INFO] [1791283752.309505423] [ontology_rgat_px4_gateway_0]: physical pad touchdown: OFFBOARD hold retained until SITL force-disarm confirmation (truth pad xyz=-0.19,0.05,0.37)
[INFO] [1791283778.465385768] [ontology_rgat_px4_gateway_0]: physical pad touchdown: OFFBOARD hold retained until SITL force-disarm confirmation (truth pad xyz=-0.17,0.04,0.32)
[WARN] [1791283778.767300682] [ontology_rgat_px4_gateway_0]: PX4 rejected command 400 with result 1 (reason 0)
[INFO] [1791283805.137313868] [ontology_rgat_px4_gateway_0]: physical pad touchdown: OFFBOARD hold retained until SITL force-disarm confirmation (truth pad xyz=-0.16,0.04,0.33)
[INFO] [1791283835.248798588] [ontology_rgat_px4_gateway_0]: physical pad touchdown: OFFBOARD hold retained until SITL force-disarm confirmation (truth pad xyz=-0.24,0.20,0.32)
[WARN] [1791283835.523341803] [ontology_rgat_px4_gateway_0]: PX4 rejected command 400 with result 1 (reason 0)
[INFO] [1791283864.392698492] [ontology_rgat_px4_gateway_0]: physical pad touchdown: OFFBOARD hold retained until SITL force-disarm confirmation (truth pad xyz=-0.21,0.19,0.34)
[INFO] [1791283892.640104190] [ontology_rgat_px4_gateway_0]: physical pad touchdown: OFFBOARD hold retained until SITL force-disarm confirmation (truth pad xyz=-0.26,0.09,0.32)
[WARN] [1791283892.909095043] [ontology_rgat_px4_gateway_0]: PX4 rejected command 400 with result 1 (reason 0)
[INFO] [1791283920.976792009] [ontology_rgat_px4_gateway_0]: physical pad touchdown: OFFBOARD hold retained until SITL force-disarm confirmation (truth pad xyz=-0.14,0.10,0.34)
[INFO] [1791283949.033093895] [ontology_rgat_px4_gateway_0]: physical pad touchdown: OFFBOARD hold retained until SITL force-disarm confirmation (truth pad xyz=-0.19,0.22,0.32)
[WARN] [1791283949.300182659] [ontology_rgat_px4_gateway_0]: PX4 rejected command 400 with result 1 (reason 0)
[INFO] [1791283976.112211290] [ontology_rgat_px4_gateway_0]: physical pad touchdown: OFFBOARD hold retained until SITL force-disarm confirmation (truth pad xyz=-0.10,0.09,0.33)
[INFO] [1791284007.437292419] [ontology_rgat_px4_gateway_0]: physical pad touchdown: OFFBOARD hold retained until SITL force-disarm confirmation (truth pad xyz=-0.42,0.11,0.33)
[WARN] [1791284007.712277381] [ontology_rgat_px4_gateway_0]: PX4 rejected command 400 with result 1 (reason 0)
[INFO] [1791284037.984254558] [ontology_rgat_px4_gateway_0]: physical pad touchdown: OFFBOARD hold retained until SITL force-disarm confirmation (truth pad xyz=-0.23,0.10,0.36)
[INFO] [1791284069.487620355] [ontology_rgat_px4_gateway_0]: physical pad touchdown: OFFBOARD hold retained until SITL force-disarm confirmation (truth pad xyz=-0.12,0.20,0.34)
[WARN] [1791284069.758761840] [ontology_rgat_px4_gateway_0]: PX4 rejected command 400 with result 1 (reason 0)
[INFO] [1791284096.301939741] [ontology_rgat_px4_gateway_0]: physical pad touchdown: OFFBOARD hold retained until SITL force-disarm confirmation (truth pad xyz=-0.00,0.17,0.33)
[INFO] [1791284122.712128391] [ontology_rgat_px4_gateway_0]: physical pad touchdown: OFFBOARD hold retained until SITL force-disarm confirmation (truth pad xyz=-0.25,0.25,0.33)
[WARN] [1791284122.984292554] [ontology_rgat_px4_gateway_0]: PX4 rejected command 400 with result 1 (reason 0)
[INFO] [1791284150.291372104] [ontology_rgat_px4_gateway_0]: physical pad touchdown: OFFBOARD hold retained until SITL force-disarm confirmation (truth pad xyz=0.03,0.16,0.34)
[INFO] [1791284181.857122953] [ontology_rgat_px4_gateway_0]: physical pad touchdown: OFFBOARD hold retained until SITL force-disarm confirmation (truth pad xyz=-0.13,0.14,0.36)
[WARN] [1791284182.128045981] [ontology_rgat_px4_gateway_0]: PX4 rejected command 400 with result 1 (reason 0)
[WARN] [1791284194.920142581] [ontology_rgat_px4_gateway_0]: XRCE-DDS rebased the PX4 timestamp (raw delta -1791283684.067 s); continuing on the monotonic simulated-time axis
[WARN] [1791284196.646734085] [ontology_rgat_px4_gateway_0]: XRCE-DDS rebased the PX4 timestamp (raw delta 1791283688.621 s); continuing on the monotonic simulated-time axis
[INFO] [1791284211.315240617] [ontology_rgat_px4_gateway_0]: physical pad touchdown: OFFBOARD hold retained until SITL force-disarm confirmation (truth pad xyz=-0.02,0.06,0.32)
[INFO] [1791284243.811695202] [ontology_rgat_px4_gateway_0]: physical pad touchdown: OFFBOARD hold retained until SITL force-disarm confirmation (truth pad xyz=-0.19,0.13,0.33)
[WARN] [1791284244.084616645] [ontology_rgat_px4_gateway_0]: PX4 rejected command 400 with result 1 (reason 0)
[INFO] [1791284282.338703641] [ontology_rgat_px4_gateway_0]: physical pad touchdown: OFFBOARD hold retained until SITL force-disarm confirmation (truth pad xyz=-0.05,0.11,0.32)
The following exception was never retrieved: cannot use Destroyable because destruction was requested
