Starting kit application with the following args:  ['/home/j/env_isaaclab/lib/python3.11/site-packages/isaacsim/exts/isaacsim.simulation_app/isaacsim/simulation_app/simulation_app.py', '/home/j/env_isaaclab/lib/python3.11/site-packages/isaacsim/apps/isaacsim.exp.base.python.kit', '--/app/tokens/exe-path=/home/j/env_isaaclab/lib/python3.11/site-packages/isaacsim/kit', '--/persistent/app/viewport/displayOptions=3094', '--/rtx/materialDb/syncLoads=True', '--/rtx/hydra/materialSyncLoads=True', '--/omni.kit.plugin/syncUsdLoads=True', '--/app/renderer/resolution/width=1280', '--/app/renderer/resolution/height=720', '--/app/window/width=1440', '--/app/window/height=900', '--/renderer/multiGpu/enabled=True', '--/app/fastShutdown=True', '--/app/installSignalHandlers=0', '--ext-folder', '/home/j/env_isaaclab/lib/python3.11/site-packages/isaacsim/exts', '--ext-folder', '/home/j/env_isaaclab/lib/python3.11/site-packages/isaacsim/apps', '--/physics/cudaDevice=0', '--/plugins/carb.tasking.plugin/threadCount=20', '--/plugins/omni.tbb.globalcontrol/maxThreadCount=20', '--portable']
Passing the following args to the base kit application:  ['--config', 'config/temporal_environment.yaml', '--output', '/home/j/SynologyDrive/junsuk/학술대회/CICS2026/codes/isaac_ros/results/temporal/run_20260831_152803', '--gui', '--hold']
[Info] [carb] Logging to file: /home/j/env_isaaclab/lib/python3.11/site-packages/isaacsim/kit/logs/Kit/Isaac-Sim Python/5.1/kit_20260831_152804.log
[0.033s] [ext: omni.kit.async_engine-0.0.3] startup
[0.090s] [ext: omni.metrics.core-0.0.3] startup
[0.090s] [ext: omni.client.lib-1.1.0] startup
[0.098s] [ext: omni.blobkey-1.1.2] startup
[0.098s] [ext: omni.stats-1.0.1] startup
[0.099s] [ext: omni.datastore-0.0.0] startup
[0.103s] [ext: omni.client-1.3.0] startup
[0.106s] [ext: omni.ujitso.default-1.0.0] startup
[0.107s] [ext: omni.hsscclient-1.1.2] startup
[0.110s] [ext: omni.gpu_foundation.shadercache.vulkan-1.0.0] startup
[0.111s] [ext: omni.assets.plugins-0.0.0] startup
[0.112s] [ext: omni.gpu_foundation-0.0.0] startup
[0.116s] [ext: carb.windowing.plugins-1.0.0] startup
[0.121s] [ext: omni.kit.renderer.init-0.0.0] startup
2026-08-31T06:28:05Z [344ms] [Warning] [gpu.foundation.plugin] Skipping unsupported non-NVIDIA GPU: Intel(R) Graphics (RPL-S)
2026-08-31T06:28:05Z [345ms] [Warning] [gpu.foundation.plugin] Skipping unsupported non-NVIDIA GPU: Intel(R) Graphics (RPL-S)

|---------------------------------------------------------------------------------------------|
| Driver Version: 570.172.08    | Graphics API: Vulkan
|=============================================================================================|
| GPU | Name                             | Active | LDA | GPU Memory | Vendor-ID | LUID       |
|     |                                  |        |     |            | Device-ID | UUID       |
|     |                                  |        |     |            | Bus-ID    |            |
|---------------------------------------------------------------------------------------------|
| 0   | NVIDIA GeForce RTX 4060 Laptop.. | Yes: 0 |     | 8188    MB | 10de      | 0          |
|     |                                  |        |     |            | 28e0      | 182d21ed.. |
|     |                                  |        |     |            | 1         |            |
|---------------------------------------------------------------------------------------------|
| 1   | Intel(R) Graphics (RPL-S)        |        |     | 23832   MB | 8086      | 0          |
|     |                                  |        |     |            | a78b      | 86808ba7.. |
|     |                                  |        |     |            | 0         |            |
|=============================================================================================|
| OS: 22.04.5 LTS (Jammy Jellyfish) ubuntu, Version: 22.04.5, Kernel: 6.1.0-1013-oem
| XServer Vendor: The X.Org Foundation, XServer Version: 12101004 (1.21.1.4)
| Processor: 13th Gen Intel(R) Core(TM) i7-13650HX
| Bare Metal Cores: 14 | Bare Metal Logical Cores: 28
| Available Cores:  20 
|---------------------------------------------------------------------------------------------|
| Total Memory (MB): 31776 | Free Memory: 25912
| Total Page/Swap (MB): 2047 | Free Page/Swap: 2046
|---------------------------------------------------------------------------------------------|
2026-08-31T06:28:05Z [547ms] [Warning] [gpu.foundation.plugin] CPU performance profile is set to powersave. This profile sets the CPU to the lowest frequency reducing performance.
[0.682s] [ext: omni.materialx.libs-1.0.7] startup
[0.688s] [ext: omni.kit.telemetry-0.5.2] startup
[0.700s] [ext: omni.usd.config-1.0.6] startup
[0.703s] [ext: omni.gpucompute.plugins-0.0.0] startup
[0.704s] [ext: omni.usd.libs-1.0.1] startup
[0.765s] [ext: omni.kit.loop-isaac-1.3.7] startup
[0.766s] [ext: omni.kit.test-2.0.1] startup
[0.797s] [ext: omni.mdl-56.0.3] startup
[0.809s] [ext: omni.iray.libs-0.0.0] startup
[0.813s] [ext: omni.mdl.neuraylib-0.2.12] startup
[0.814s] [ext: omni.kit.usd.mdl-1.1.5] startup
[0.877s] [ext: omni.kit.pipapi-0.0.0] startup
[0.878s] [ext: omni.appwindow-1.1.10] startup
[0.882s] [ext: omni.kit.renderer.core-1.1.0] startup
[0.972s] [ext: omni.kit.renderer.capture-0.0.0] startup
[0.974s] [ext: omni.kit.renderer.imgui-2.0.5] startup
[1.038s] [ext: omni.ui-2.27.1] startup
[1.045s] [ext: omni.kit.mainwindow-1.0.3] startup
[1.045s] [ext: carb.audio-0.1.0] startup
[1.048s] [ext: omni.uiaudio-1.0.0] startup
[1.048s] [ext: omni.kit.uiapp-0.0.0] startup
[1.048s] [ext: omni.usd.schema.metrics.assembler-107.3.1] startup
[1.050s] [ext: omni.usd.schema.physx-107.3.26] startup
[1.073s] [ext: omni.usd.schema.geospatial-0.0.0] startup
[1.075s] [ext: omni.usd.schema.audio-0.0.0] startup
[1.077s] [ext: omni.usd.schema.anim-0.0.0] startup
[1.090s] [ext: omni.usd.schema.flow-107.1.1] startup
[1.091s] [ext: omni.usd_resolver-1.0.0] startup
[1.093s] [ext: omni.usd.core-1.5.3] startup
[1.095s] [ext: omni.usd.schema.omni_sensors-0.0.0] startup
[1.110s] [ext: omni.usd.schema.semantics-0.0.0] startup
[1.112s] [ext: omni.usd.schema.omniscripting-1.0.0] startup
[1.115s] [ext: omni.usd.schema.omni_lens_distortion-0.0.0] startup
[1.115s] [ext: omni.usd.schema.omnigraph-1.0.0] startup
[1.119s] [ext: omni.kit.window.popup_dialog-2.0.24] startup
[1.121s] [ext: omni.graph.exec-0.9.6] startup
[1.121s] [ext: omni.kit.widget.nucleus_connector-2.0.1] startup
[1.123s] [ext: omni.kit.usd_undo-0.1.8] startup
[1.123s] [ext: omni.kit.exec.core-0.13.4] startup
[1.124s] [ext: omni.kit.actions.core-1.0.0] startup
[1.125s] [ext: omni.resourcemonitor-107.0.1] startup
[1.127s] [ext: omni.activity.core-1.0.3] startup
[1.127s] [ext: omni.timeline-1.0.14] startup
[1.129s] [ext: omni.kit.commands-1.4.10] startup
[1.131s] [ext: usdrt.scenegraph-7.6.1] startup
[1.155s] [ext: omni.kit.audiodeviceenum-1.0.2] startup
[1.156s] [ext: omni.hydra.usdrt_delegate-7.5.1] startup
[1.160s] [ext: omni.hydra.scene_delegate-0.3.4] startup
[1.163s] [ext: omni.usd-1.13.10] startup
[1.178s] [ext: omni.inspect-1.0.2] startup
[1.179s] [ext: omni.kit.notification_manager-1.0.10] startup
[1.180s] [ext: omni.graph.core-2.184.5] startup
[1.182s] [ext: isaacsim.core.deprecation_manager-0.2.7] startup
[1.183s] [ext: omni.anim.graph.schema-107.3.3] startup
[1.187s] [ext: omni.usd.schema.isaac-3.0.5] startup
[1.187s] [ext: omni.anim.navigation.schema-107.3.3] startup
[1.190s] [ext: omni.kit.asset_converter-5.0.17] startup
[1.199s] [ext: isaacsim.robot.schema-3.6.0] startup
[1.204s] [ext: omni.usd.schema.render_settings.rtx-0.0.0] startup
[1.205s] [ext: omni.kit.menu.core-1.1.2] startup
[1.205s] [ext: omni.kit.widget.path_field-2.0.11] startup
[1.206s] [ext: omni.kit.widget.context_menu-1.2.5] startup
[1.207s] [ext: omni.kit.widget.browser_bar-2.0.10] startup
[1.207s] [ext: omni.kit.clipboard-1.0.5] startup
[1.208s] [ext: omni.kit.numpy.common-0.1.3] startup
[1.209s] [ext: omni.kit.widget.options_menu-1.1.6] startup
[1.211s] [ext: omni.kit.helper.file_utils-0.1.9] startup
[1.212s] [ext: omni.ui.scene-1.11.5] startup
[1.215s] [ext: omni.kit.widget.options_button-1.0.3] startup
[1.215s] [ext: omni.kit.widget.filebrowser-2.12.3] startup
[1.218s] [ext: omni.kit.usd.layers-2.2.11] startup
[1.223s] [ext: omni.kit.window.filepicker-2.13.4] startup
[1.230s] [ext: omni.kit.hotkeys.core-1.3.10] startup
[1.232s] [ext: omni.kit.context_menu-1.8.6] startup
[1.233s] [ext: omni.kit.property.adapter.core-1.0.2] startup
[1.235s] [ext: omni.kit.window.file_exporter-1.0.33] startup
[1.236s] [ext: omni.kit.widget.searchfield-1.1.8] startup
[1.237s] [ext: omni.kit.widget.filter-1.1.4] startup
[1.237s] [ext: omni.kit.widget.graph-2.0.0] startup
[1.240s] [ext: omni.kit.widget.stage-3.1.4] startup
[1.247s] [ext: omni.kit.property.adapter.usd-1.0.2] startup
[1.248s] [ext: omni.kit.property.adapter.fabric-1.0.3] startup
[1.249s] [ext: omni.kit.graph.delegate.default-1.2.3] startup
[1.249s] [ext: omni.kit.window.file_importer-1.1.18] startup
[1.249s] [ext: omni.kit.stage_template.core-1.1.22] startup
[1.250s] [ext: omni.kit.menu.utils-2.0.5] startup
[1.253s] [ext: omni.kit.window.file-2.0.5] startup
[1.255s] [ext: omni.kit.widget.highlight_label-1.0.3] startup
[1.255s] [ext: omni.kit.window.drop_support-1.0.5] startup
[1.255s] [ext: omni.kit.window.content_browser_registry-0.0.6] startup
[1.256s] [ext: omni.kit.window.property-1.12.1] startup
[1.257s] [ext: omni.kit.window.content_browser-3.1.3] startup
[1.264s] [ext: isaacsim.core.version-2.0.6] startup
[1.265s] [ext: omni.kit.property.usd-4.5.12] startup
[1.271s] [ext: omni.kit.graph.editor.core-1.5.3] startup
[1.273s] [ext: omni.kit.material.library-2.0.7] startup
[1.276s] [ext: omni.kit.graph.usd.commands-1.3.1] startup
[1.276s] [ext: omni.kvdb-107.3.26] startup
[1.277s] [ext: omni.usdphysics-107.3.26] startup
[1.279s] [ext: omni.physx.foundation-107.3.26] startup
[1.280s] [ext: omni.localcache-107.3.26] startup
[1.281s] [ext: omni.convexdecomposition-107.3.26] startup
[1.283s] [ext: omni.physics-107.3.26] startup
[1.285s] [ext: omni.physx.cooking-107.3.26] startup
[1.287s] [ext: omni.physics.stageupdate-107.3.26] startup
[1.288s] [ext: omni.physx-107.3.26] startup
[1.295s] [ext: omni.index.libs-380600.8087.0] startup
[1.295s] [ext: omni.physics.physx-107.3.26] startup
2026-08-31T06:28:06Z [1,286ms] [Warning] [carb] Acquiring non optional plugin interface which is not listed as dependency: [omni::physx::IPhysxBenchmarks v1.0] (plugin: <default plugin>), by client: omni.physics.physx.plugin. Add it to CARB_PLUGIN_IMPL_DEPS() macro of a client.
[1.296s] [ext: omni.index-1.0.1] startup
[1.296s] [ext: omni.volume-0.5.2] startup
[1.298s] [ext: omni.ujitso.client-0.0.0] startup
[1.298s] [ext: omni.hydra.rtx.shadercache.vulkan-1.0.0] startup
[1.299s] [ext: omni.kit.widget.searchable_combobox-1.0.6] startup
[1.299s] [ext: omni.hydra.rtx-1.0.0] startup
2026-08-31T06:28:06Z [1,302ms] [Warning] [omni.log] Source: omni.hydra was already registered.
[1.323s] [ext: omni.kit.widget.settings-1.2.6] startup
[1.325s] [ext: omni.kit.hydra_texture-1.4.6] startup
[1.327s] [ext: omni.graph.tools-1.79.2] startup
[1.343s] [ext: omni.kit.window.preferences-1.8.0] startup
[1.346s] [ext: omni.kit.widget.material_preview-1.0.16] startup
[1.347s] [ext: omni.graph-1.141.2] startup
[1.375s] [ext: omni.kit.window.material_graph-1.9.1] startup
[1.380s] [ext: omni.isaac.dynamic_control-2.0.7] startup
2026-08-31T06:28:06Z [1,374ms] [Warning] [omni.isaac.dynamic_control] omni.isaac.dynamic_control is deprecated as of Isaac Sim 4.5. No action is needed from end-users.
[1.384s] [ext: isaacsim.storage.native-1.5.1] startup
[1.386s] [ext: omni.graph.scriptnode-1.50.0] startup
[1.388s] [ext: omni.hydra.engine.stats-1.0.3] startup
[1.391s] [ext: omni.kit.viewport.legacy_gizmos-1.0.19] startup
[1.393s] [ext: omni.kit.raycast.query-1.1.0] startup
[1.397s] [ext: omni.graph.action_core-1.1.7] startup
[1.400s] [ext: omni.kit.viewport.scene_camera_model-1.0.6] startup
[1.405s] [ext: omni.graph.image.core-0.6.1] startup
[1.406s] [ext: omni.kit.widget.viewport-107.1.3] startup
[1.409s] [ext: omni.kit.viewport.registry-104.0.6] startup
[1.410s] [ext: omni.usd.metrics.assembler-107.3.1] startup
[1.412s] [ext: omni.kit.viewport.window-107.2.0] startup
[1.424s] [ext: omni.kit.viewport.menubar.core-107.2.1] startup
[1.433s] [ext: omni.graph.image.nodes-1.3.1] startup
[1.434s] [ext: omni.usd.metrics.assembler.physics-107.3.26] startup
[1.435s] [ext: omni.warp.core-1.8.2] startup
[1.557s] [ext: omni.kit.viewport.utility-1.1.2] startup
[1.558s] [ext: omni.physics.tensors-107.3.26] startup
[1.562s] [ext: omni.syntheticdata-0.6.13] startup
[1.572s] [ext: isaacsim.test.docstring-1.1.0] startup
[1.577s] [ext: isaacsim.core.utils-3.5.1] startup
[1.580s] [ext: omni.physx.tensors-107.3.26] startup
[1.584s] [ext: omni.graph.nodes-1.170.10] startup
[1.593s] [ext: omni.graph.action_nodes-1.50.4] startup
[1.596s] [ext: omni.kit.primitive.mesh-1.0.17] startup
[1.604s] [ext: isaacsim.core.simulation_manager-1.4.4] startup
[2.520s] [ext: omni.graph.ui_nodes-1.50.5] startup
[2.524s] [ext: omni.graph.action-1.130.0] startup
[2.525s] [ext: omni.kit.stage_templates-2.0.0] startup
[2.529s] [ext: isaacsim.core.prims-0.6.1] startup
[2.548s] [ext: omni.warp-1.8.2] startup
[2.554s] [ext: omni.videoencoding-0.1.2] startup
[2.557s] [ext: isaacsim.core.api-4.8.0] startup
[2.583s] [ext: isaacsim.core.experimental.utils-0.3.0] startup
[2.591s] [ext: omni.replicator.core-1.12.27] startup
2026-08-31T06:28:07Z [2,605ms] [Warning] [pxr.Semantics] pxr.Semantics is deprecated - please use Semantics instead
Warp 1.8.2 initialized:
   CUDA Toolkit 12.8, Driver 12.8
   Devices:
     "cpu"      : "x86_64"
     "cuda:0"   : "NVIDIA GeForce RTX 4060 Laptop GPU" (8 GiB, sm_89, mempool enabled)
   Kernel cache:
     /home/j/.cache/warp/1.8.2
2026-08-31T06:28:07Z [2,675ms] [Warning] [omni.graph.core.plugin] Found duplicate of category 'Replicator' - was 'Annotators', adding 'Fabric Reader'
2026-08-31T06:28:07Z [2,675ms] [Warning] [omni.graph.core.plugin] Category 'Replicator' not accepted on node type 'omni.replicator.core.FabricReader' in extension 'omni.replicator.core'
2026-08-31T06:28:07Z [2,675ms] [Warning] [omni.replicator.core.scripts.extension] No material configuration file, adding configuration to material settings directly.
[2.687s] [ext: isaacsim.core.experimental.prims-0.8.1] startup
[2.718s] [ext: omni.kit.window.extensions-1.4.27] startup
[2.726s] [ext: isaacsim.core.experimental.objects-0.4.0] startup
[2.730s] [ext: omni.ui_query-1.1.8] startup
[2.732s] [ext: omni.kit.manipulator.viewport-107.0.1] startup
[2.733s] [ext: isaacsim.robot.surface_gripper-3.3.1] startup
[2.738s] [ext: omni.kit.ui_test-1.3.7] startup
[2.743s] [ext: omni.graph.visualization.nodes-2.1.3] startup
[2.756s] [ext: isaacsim.robot_motion.lula-4.0.8] startup
[2.765s] [ext: isaacsim.core.nodes-3.4.3] startup
[2.776s] [ext: isaacsim.gui.components-1.2.1] startup
[2.794s] [ext: isaacsim.robot_motion.motion_generation-8.0.26] startup
[2.826s] [ext: isaacsim.robot.manipulators-3.3.6] startup
[2.865s] [ext: isaacsim.core.experimental.materials-0.4.0] startup
[2.926s] [ext: isaacsim.robot.manipulators.examples-1.1.2] startup
[2.931s] [ext: isaacsim.cortex.framework-1.0.12] startup
[2.937s] [ext: isaacsim.cortex.behaviors-2.0.14] startup
[2.938s] [ext: omni.isaac.cortex.sample_behaviors-2.0.5] startup
2026-08-31T06:28:07Z [2,935ms] [Warning] [omni.isaac.cortex] omni.isaac.cortex has been deprecated in favor of isaacsim.cortex.framework. Please update your code accordingly.
2026-08-31T06:28:07Z [2,942ms] [Warning] [omni.isaac.cortex.sample_behaviors] omni.isaac.cortex.sample_behaviors has been deprecated in favor of isaacsim.cortex.behaviors. Please update your code accordingly.
[2.962s] [ext: omni.kit.widget.zoombar-1.0.6] startup
[3.056s] [ext: isaacsim.gui.content_browser-0.1.11] startup
Warp DeprecationWarning: The `warp.sim` module is deprecated and will be removed in v1.10. Please transition to using the forthcoming Newton library instead.
[3.164s] [ext: omni.kit.browser.core-2.3.13] startup
[3.174s] [ext: omni.kit.widget.stage_icons-1.0.8] startup
[3.177s] [ext: omni.kit.widget.prompt-1.0.7] startup
[3.180s] [ext: omni.kit.usd.collect-2.4.5] startup
[3.184s] [ext: omni.kit.browser.folder.core-1.10.9] startup
[3.190s] [ext: omni.kit.window.stage-2.6.1] startup
[3.196s] [ext: omni.kit.usdz_export-1.0.9] startup
[3.201s] [ext: omni.kit.tool.collect-2.2.18] startup
[3.208s] [ext: omni.kit.menu.stage-1.2.7] startup
[3.214s] [ext: omni.kit.tool.asset_importer-4.3.2] startup
[3.223s] [ext: isaacsim.robot.wheeled_robots-4.0.24] startup
[3.232s] [ext: isaacsim.examples.browser-0.2.1] startup
[3.236s] [ext: isaacsim.asset.importer.urdf-2.4.30] startup
[3.287s] [ext: omni.isaac.wheeled_robots-3.0.7] startup
2026-08-31T06:28:08Z [3,278ms] [Warning] [omni.isaac.wheeled_robots] omni.isaac.wheeled_robots has been deprecated in favor of isaacsim.robot.wheeled_robots. Please update your code accordingly.
2026-08-31T06:28:08Z [3,278ms] [Warning] [omni.isaac.wheeled_robots.controllers] omni.isaac.wheeled_robots has been deprecated in favor of isaacsim.robot.wheeled_robots. Please update your code accordingly.
2026-08-31T06:28:08Z [3,279ms] [Warning] [omni.isaac.wheeled_robots.controllers.ackermann_controller] omni.isaac.wheeled_robots has been deprecated in favor of isaacsim.robot.wheeled_robots. Please update your code accordingly.
2026-08-31T06:28:08Z [3,279ms] [Warning] [omni.isaac.wheeled_robots.controllers.differential_controller] omni.isaac.wheeled_robots has been deprecated in favor of isaacsim.robot.wheeled_robots. Please update your code accordingly.
2026-08-31T06:28:08Z [3,279ms] [Warning] [omni.isaac.wheeled_robots.controllers.holonomic_controller] omni.isaac.wheeled_robots has been deprecated in favor of isaacsim.robot.wheeled_robots. Please update your code accordingly.
2026-08-31T06:28:08Z [3,279ms] [Warning] [omni.isaac.wheeled_robots.controllers.quintic_path_planner] omni.isaac.wheeled_robots has been deprecated in favor of isaacsim.robot.wheeled_robots. Please update your code accordingly.
2026-08-31T06:28:08Z [3,279ms] [Warning] [omni.isaac.wheeled_robots.controllers.stanley_control] omni.isaac.wheeled_robots has been deprecated in favor of isaacsim.robot.wheeled_robots. Please update your code accordingly.
2026-08-31T06:28:08Z [3,281ms] [Warning] [omni.isaac.wheeled_robots.controllers.wheel_base_pose_controller] omni.isaac.wheeled_robots has been deprecated in favor of isaacsim.robot.wheeled_robots. Please update your code accordingly.
2026-08-31T06:28:08Z [3,281ms] [Warning] [omni.isaac.wheeled_robots.impl] omni.isaac.wheeled_robots has been deprecated in favor of isaacsim.robot.wheeled_robots. Please update your code accordingly.
2026-08-31T06:28:08Z [3,282ms] [Warning] [omni.isaac.wheeled_robots.robots] omni.isaac.wheeled_robots has been deprecated in favor of isaacsim.robot.wheeled_robots. Please update your code accordingly.
2026-08-31T06:28:08Z [3,284ms] [Warning] [omni.isaac.wheeled_robots.robots.holonomic_robot_usd_setup] omni.isaac.wheeled_robots has been deprecated in favor of isaacsim.robot.wheeled_robots. Please update your code accordingly.
2026-08-31T06:28:08Z [3,284ms] [Warning] [omni.isaac.wheeled_robots.robots.wheeled_robot] omni.isaac.wheeled_robots has been deprecated in favor of isaacsim.robot.wheeled_robots. Please update your code accordingly.
[3.294s] [ext: isaacsim.simulation_app-2.12.2] startup
[3.294s] [ext: omni.isaac.franka-1.0.7] startup
2026-08-31T06:28:08Z [3,285ms] [Warning] [omni.isaac.franka] omni.isaac.franka has been deprecated in favor of isaacsim.robot.manipulators.examples.franka. Please update your code accordingly.
2026-08-31T06:28:08Z [3,287ms] [Warning] [omni.isaac.franka.franka] omni.isaac.franka has been deprecated in favor of isaacsim.robot.manipulators.examples.franka. Please update your code accordingly.
2026-08-31T06:28:08Z [3,301ms] [Warning] [omni.isaac.franka.kinematics_solver] omni.isaac.franka has been deprecated in favor of isaacsim.robot.manipulators.examples.franka. Please update your code accordingly.
[3.311s] [ext: omni.isaac.kit-2.0.6] startup
2026-08-31T06:28:08Z [3,303ms] [Warning] [omni.isaac.kit] omni.isaac.kit has been deprecated in favor of isaacsim.simulation_app. Please update your code accordingly.
[3.312s] [ext: omni.kit.selection-0.1.6] startup
[3.314s] [ext: omni.isaac.lula-4.0.6] startup
2026-08-31T06:28:08Z [3,304ms] [Warning] [omni.isaac.lula] omni.isaac.lula has been deprecated in favor of isaacsim.robot_motion.lula. Please update your code accordingly.
[3.314s] [ext: isaacsim.robot_motion.lula_test_widget-1.0.12] startup
[3.316s] [ext: isaacsim.asset.browser-1.3.23] startup
[3.350s] [ext: omni.kit.viewport.actions-107.0.2] startup
[3.353s] [ext: isaacsim.gui.menu-2.4.4] startup
[3.358s] [ext: omni.isaac.manipulators-3.0.7] startup
2026-08-31T06:28:08Z [3,349ms] [Warning] [omni.isaac.manipulators] omni.isaac.manipulators has been deprecated in favor of isaacsim.robot.manipulators. Please update your code accordingly.
2026-08-31T06:28:08Z [3,349ms] [Warning] [omni.isaac.manipulators.controllers] omni.isaac.manipulators has been deprecated in favor of isaacsim.robot.manipulators. Please update your code accordingly.
2026-08-31T06:28:08Z [3,349ms] [Warning] [omni.isaac.manipulators.controllers.pick_place_controller] omni.isaac.manipulators has been deprecated in favor of isaacsim.robot.manipulators. Please update your code accordingly.
2026-08-31T06:28:08Z [3,350ms] [Warning] [omni.isaac.manipulators.controllers.stacking_controller] omni.isaac.manipulators has been deprecated in favor of isaacsim.robot.manipulators. Please update your code accordingly.
2026-08-31T06:28:08Z [3,350ms] [Warning] [omni.isaac.manipulators.grippers] omni.isaac.manipulators has been deprecated in favor of isaacsim.robot.manipulators. Please update your code accordingly.
2026-08-31T06:28:08Z [3,350ms] [Warning] [omni.isaac.manipulators.grippers.gripper] omni.isaac.manipulators has been deprecated in favor of isaacsim.robot.manipulators. Please update your code accordingly.
2026-08-31T06:28:08Z [3,350ms] [Warning] [omni.isaac.manipulators.grippers.parallel_gripper] omni.isaac.manipulators has been deprecated in favor of isaacsim.robot.manipulators. Please update your code accordingly.
2026-08-31T06:28:08Z [3,350ms] [Warning] [omni.isaac.manipulators.grippers.surface_gripper] omni.isaac.manipulators has been deprecated in favor of isaacsim.robot.manipulators. Please update your code accordingly.
2026-08-31T06:28:08Z [3,350ms] [Warning] [omni.isaac.manipulators.manipulators] omni.isaac.manipulators has been deprecated in favor of isaacsim.robot.manipulators. Please update your code accordingly.
2026-08-31T06:28:08Z [3,351ms] [Warning] [omni.isaac.manipulators.manipulators.single_manipulator] omni.isaac.manipulators has been deprecated in favor of isaacsim.robot.manipulators. Please update your code accordingly.
[3.361s] [ext: omni.isaac.lula_test_widget-1.0.6] startup
2026-08-31T06:28:08Z [3,353ms] [Warning] [omni.isaac.lula_test_widget] omni.isaac.lula_test_widget has been deprecated in favor of isaacsim.robot_motion.lula_test_widget. Please update your code accordingly.
[3.363s] [ext: omni.isaac.asset_browser-1.0.6] startup
2026-08-31T06:28:08Z [3,354ms] [Warning] [omni.isaac.asset_browser] omni.isaac.asset_browser has been deprecated in favor of isaacsim.asset.browser. Please update your code accordingly.
[3.365s] [ext: omni.kit.viewport.menubar.display-107.0.3] startup
[3.370s] [ext: omni.isaac.menu-1.0.6] startup
2026-08-31T06:28:08Z [3,361ms] [Warning] [omni.isaac.menu] omni.isaac.menu has been deprecated in favor of isaacsim.gui.menu. Please update your code accordingly.
[3.371s] [ext: omni.isaac.motion_generation-8.0.7] startup
2026-08-31T06:28:08Z [3,363ms] [Warning] [omni.isaac.motion_generation] omni.isaac.motion_generation has been deprecated in favor of isaacsim.robot_motion.motion_generation. Please update your code accordingly.
2026-08-31T06:28:08Z [3,363ms] [Warning] [omni.isaac.motion_generation.articulation_kinematics_solver] omni.isaac.motion_generation has been deprecated in favor of isaacsim.robot_motion.motion_generation. Please update your code accordingly.
2026-08-31T06:28:08Z [3,364ms] [Warning] [omni.isaac.motion_generation.articulation_motion_policy] omni.isaac.motion_generation has been deprecated in favor of isaacsim.robot_motion.motion_generation. Please update your code accordingly.
2026-08-31T06:28:08Z [3,364ms] [Warning] [omni.isaac.motion_generation.articulation_trajectory] omni.isaac.motion_generation has been deprecated in favor of isaacsim.robot_motion.motion_generation. Please update your code accordingly.
2026-08-31T06:28:08Z [3,364ms] [Warning] [omni.isaac.motion_generation.kinematics_interface] omni.isaac.motion_generation has been deprecated in favor of isaacsim.robot_motion.motion_generation. Please update your code accordingly.
2026-08-31T06:28:08Z [3,364ms] [Warning] [omni.isaac.motion_generation.lula] omni.isaac.motion_generation has been deprecated in favor of isaacsim.robot_motion.motion_generation. Please update your code accordingly.
2026-08-31T06:28:08Z [3,364ms] [Warning] [omni.isaac.motion_generation.lula.kinematics] omni.isaac.motion_generation has been deprecated in favor of isaacsim.robot_motion.motion_generation. Please update your code accordingly.
2026-08-31T06:28:08Z [3,364ms] [Warning] [omni.isaac.motion_generation.lula.motion_policies] omni.isaac.motion_generation has been deprecated in favor of isaacsim.robot_motion.motion_generation. Please update your code accordingly.
2026-08-31T06:28:08Z [3,364ms] [Warning] [omni.isaac.motion_generation.lula.path_planners] omni.isaac.motion_generation has been deprecated in favor of isaacsim.robot_motion.motion_generation. Please update your code accordingly.
2026-08-31T06:28:08Z [3,364ms] [Warning] [omni.isaac.motion_generation.lula.trajectory_generator] omni.isaac.motion_generation has been deprecated in favor of isaacsim.robot_motion.motion_generation. Please update your code accordingly.
2026-08-31T06:28:08Z [3,365ms] [Warning] [omni.isaac.motion_generation.motion_policy_controller] omni.isaac.motion_generation has been deprecated in favor of isaacsim.robot_motion.motion_generation. Please update your code accordingly.
2026-08-31T06:28:08Z [3,365ms] [Warning] [omni.isaac.motion_generation.motion_policy_interface] omni.isaac.motion_generation has been deprecated in favor of isaacsim.robot_motion.motion_generation. Please update your code accordingly.
2026-08-31T06:28:08Z [3,365ms] [Warning] [omni.isaac.motion_generation.path_planner_visualizer] omni.isaac.motion_generation has been deprecated in favor of isaacsim.robot_motion.motion_generation. Please update your code accordingly.
2026-08-31T06:28:08Z [3,365ms] [Warning] [omni.isaac.motion_generation.path_planning_interface] omni.isaac.motion_generation has been deprecated in favor of isaacsim.robot_motion.motion_generation. Please update your code accordingly.
2026-08-31T06:28:08Z [3,365ms] [Warning] [omni.isaac.motion_generation.trajectory] omni.isaac.motion_generation has been deprecated in favor of isaacsim.robot_motion.motion_generation. Please update your code accordingly.
2026-08-31T06:28:08Z [3,365ms] [Warning] [omni.isaac.motion_generation.world_interface] omni.isaac.motion_generation has been deprecated in favor of isaacsim.robot_motion.motion_generation. Please update your code accordingly.
[3.375s] [ext: omni.isaac.assets_check-0.3.13] startup
2026-08-31T06:28:08Z [3,367ms] [Warning] [omni.isaac.assets_check] omni.isaac.assets_check has been deprecated in favor of isaacsim.asset.browser. Please update your code accordingly.
[3.377s] [ext: isaacsim.gui.sensors.icon-2.0.3] startup
[3.388s] [ext: isaacsim.asset.importer.mjcf-2.5.13] startup
[3.393s] [ext: omni.sensors.nv.common-3.0.0] startup
[3.399s] [ext: isaacsim.sensors.physics-0.4.3] startup
[3.403s] [ext: omni.sensors.net-1.0.0] startup
[3.406s] [ext: omni.isaac.nucleus-1.0.6] startup
2026-08-31T06:28:08Z [3,397ms] [Warning] [omni.isaac.nucleus] omni.isaac.nucleus has been deprecated in favor of isaacsim.storage.native. Please update your code accordingly.
2026-08-31T06:28:08Z [3,397ms] [Warning] [omni.isaac.nucleus.nucleus] omni.isaac.nucleus.nucleus has been deprecated in favor of isaacsim.storage.native. Please update your code accordingly.
[3.407s] [ext: omni.sensors.nv.materials-2.0.0] startup
[3.411s] [ext: isaacsim.robot.policy.examples-4.1.11] startup
[3.413s] [ext: omni.sensors.nv.wpm-3.0.0] startup
[3.416s] [ext: omni.sensors.nv.lidar-3.0.0] startup
[3.421s] [ext: isaacsim.util.debug_draw-3.1.0] startup
[3.425s] [ext: omni.sensors.nv.radar-3.0.0] startup
[3.427s] [ext: omni.sensors.nv.ids-2.0.0] startup
[3.428s] [ext: isaacsim.core.cloner-1.4.10] startup
[3.430s] [ext: isaacsim.sensors.physx-2.3.2] startup
[3.433s] [ext: isaacsim.sensors.rtx-15.8.4] startup
[3.440s] [ext: isaacsim.sensors.camera-1.3.6] startup
[3.446s] [ext: omni.isaac.quadruped-3.0.7] startup
2026-08-31T06:28:08Z [3,438ms] [Warning] [omni.isaac.quadruped] omni.isaac.quadruped has been deprecated in favor of isaacsim.robot.policy.examples. Please update your code accordingly.
[3.448s] [ext: omni.isaac.cloner-1.0.7] startup
2026-08-31T06:28:08Z [3,439ms] [Warning] [omni.isaac.cloner] omni.isaac.cloner has been deprecated in favor of isaacsim.core.cloner. Please update your code accordingly.
[3.449s] [ext: omni.isaac.range_sensor-4.0.6] startup
2026-08-31T06:28:08Z [3,439ms] [Warning] [omni.isaac.range_sensor] omni.isaac.range_sensor has been deprecated in favor of isaacsim.sensors.physx. Please update your code accordingly.
2026-08-31T06:28:08Z [3,442ms] [Warning] [omni.isaac.range_sensor.commands] omni.isaac.range_sensor.commands has been deprecated in favor of isaacsim.sensors.physx.commands. Please update your code accordingly.
[3.453s] [ext: omni.isaac.sensor-13.0.7] startup
2026-08-31T06:28:08Z [3,445ms] [Warning] [omni.isaac.sensor] omni.isaac.sensor has been deprecated in favor of isaacsim.sensors.camera, isaacsim.sensors.physics, isaacsim.sensors.physx, and isaacsim.sensors.rtx. Please update your code accordingly.
2026-08-31T06:28:08Z [3,447ms] [Warning] [omni.isaac.sensor.camera] omni.isaac.sensor.camera has been deprecated in favor of isaacsim.sensors.camera.camera. Please update your code accordingly.
2026-08-31T06:28:08Z [3,448ms] [Warning] [omni.isaac.sensor.camera_view] omni.isaac.sensor.camera_view has been deprecated in favor of isaacsim.sensors.camera.camera_view. Please update your code accordingly.
2026-08-31T06:28:08Z [3,448ms] [Warning] [omni.isaac.sensor.commands] omni.isaac.sensor.commands has been deprecated in favor of isaacsim.sensors.physics.commands, isaacsim.sensors.physx.commands, and isaacsim.sensors.rtx.commands. Please update your code accordingly.
2026-08-31T06:28:08Z [3,450ms] [Warning] [omni.isaac.sensor.contact_sensor] omni.isaac.sensor.contact_sensor has been deprecated in favor of isaacsim.sensors.physics.contact_sensor. Please update your code accordingly.
2026-08-31T06:28:08Z [3,450ms] [Warning] [omni.isaac.sensor.imu_sensor] omni.isaac.sensor.imu_sensor has been deprecated in favor of isaacsim.sensors.physics.imu_sensor. Please update your code accordingly.
2026-08-31T06:28:08Z [3,451ms] [Warning] [omni.isaac.sensor.lidar_rtx] omni.isaac.sensor.lidar_rtx has been deprecated in favor of isaacsim.sensors.rtx.lidar_rtx. Please update your code accordingly.
2026-08-31T06:28:08Z [3,451ms] [Warning] [omni.isaac.sensor.rotating_lidar_physX] omni.isaac.sensor.imu_sensor has been deprecated in favor of isaacsim.sensors.physix.rotating_lidar_physX. Please update your code accordingly.
2026-08-31T06:28:08Z [3,453ms] [Warning] [omni.isaac.sensor.scripts.samples.contact_sensor] omni.isaac.sensor.scripts.samples.contact_sensor has been deprecated in favor of isaacsim.sensors.physics.scripts.samples.contact_sensor. Please update your code accordingly.
2026-08-31T06:28:08Z [3,453ms] [Warning] [omni.isaac.sensor.scripts.samples.imu_sensor] omni.isaac.sensor.scripts.samples.imu_sensor has been deprecated in favor of isaacsim.sensors.physics.scripts.samples.imu_sensor. Please update your code accordingly.
2026-08-31T06:28:08Z [3,453ms] [Warning] [omni.isaac.sensor.scripts.samples.lightbeam_sensor] omni.isaac.sensor.scripts.samples.lightbeam_sensor has been deprecated in favor of isaacsim.sensors.physx.scripts.samples.lightbeam_sensor. Please update your code accordingly.
[3.463s] [ext: omni.kit.menu.create-2.0.1] startup
[3.469s] [ext: omni.kit.widget.toolbar-2.0.1] startup
[3.480s] [ext: omni.kit.manipulator.transform-107.0.0] startup
[3.483s] [ext: omni.isaac.core-4.0.7] startup
2026-08-31T06:28:08Z [3,474ms] [Warning] [omni.isaac.core.physics_context.physics_context] omni.isaac.core.physics_context.physics_context has been deprecated in favor of isaacsim.core.api.physics_context.physics_context. Please update your code accordingly.
2026-08-31T06:28:08Z [3,474ms] [Warning] [omni.isaac.core.simulation_context.simulation_context] omni.isaac.core.simulation_context.simulation_context has been deprecated in favor of isaacsim.core.api.simulation_context.simulation_context. Please update your code accordingly.
2026-08-31T06:28:08Z [3,475ms] [Warning] [omni.isaac.core.world.world] omni.isaac.core.world.world has been deprecated in favor of isaacsim.core.api.world.world. Please update your code accordingly.
2026-08-31T06:28:08Z [3,475ms] [Warning] [omni.isaac.core] omni.isaac.core has been deprecated in favor of isaacsim.core.api. Please update your code accordingly.
[3.484s] [ext: omni.kit.scripting-107.3.2] startup
[3.489s] [ext: omni.kit.manipulator.tool.snap-1.5.13] startup
[3.493s] [ext: omni.kit.manipulator.selector-1.1.3] startup
[3.495s] [ext: isaacsim.app.about-2.0.11] startup
[3.499s] [ext: isaacsim.replicator.behavior-1.1.16] startup
[3.500s] [ext: omni.kit.viewport.manipulator.transform-107.0.4] startup
[3.502s] [ext: omni.isaac.window.about-2.0.7] startup
2026-08-31T06:28:08Z [3,494ms] [Warning] [omni.isaac.window.about] omni.isaac.window.about has been deprecated in favor of isaacsim.app.about. Please update your code accordingly.
2026-08-31T06:28:08Z [3,494ms] [Warning] [omni.isaac.window.about.about] omni.isaac.window.about.about has been deprecated in favor of isaacsim.app.about.about. Please update your code accordingly.
[3.503s] [ext: omni.fabric.commands-1.1.6] startup
[3.506s] [ext: omni.kit.manipulator.prim.core-107.0.8] startup
[3.510s] [ext: omni.kit.property.audio-1.0.16] startup
[3.512s] [ext: omni.kit.property.camera-1.0.10] startup
[3.514s] [ext: omni.kit.property.geometry-2.0.4] startup
[3.518s] [ext: omni.hydra.scene_api-0.1.2] startup
[3.522s] [ext: omni.kit.property.light-1.0.12] startup
[3.556s] [ext: omni.kit.manipulator.prim.fabric-107.0.4] startup
[3.558s] [ext: omni.kit.manipulator.prim.usd-107.0.3] startup
[3.560s] [ext: omni.kit.property.material-1.11.9] startup
[3.564s] [ext: omni.kit.property.render-1.2.1] startup
[3.566s] [ext: omni.kit.property.transform-1.5.13] startup
[3.569s] [ext: isaacsim.gui.property-1.1.3] startup
[3.571s] [ext: omni.kit.manipulator.camera-106.0.4] startup
[3.574s] [ext: omni.kit.manipulator.prim-107.0.0] startup
[3.574s] [ext: omni.isaac.surface_gripper-2.0.6] startup
2026-08-31T06:28:08Z [3,565ms] [Warning] [omni.isaac.surface_gripper] omni.isaac.surface_gripper has been deprecated in favor of isaacsim.robot.surface_gripper. Please update your code accordingly.
[3.574s] [ext: omni.kit.manipulator.selection-106.0.1] startup
[3.578s] [ext: omni.kit.property.bundle-1.4.1] startup
[3.579s] [ext: omni.kit.property.isaac-1.0.6] startup
2026-08-31T06:28:08Z [3,570ms] [Warning] [omni.kit.property.isaac] omni.kit.property.isaac has been deprecated in favor of isaacsim.gui.property. Please update your code accordingly.
2026-08-31T06:28:08Z [3,570ms] [Warning] [omni.kit.property.isaac.widgets] omni.kit.property.isaac.widgets has been deprecated in favor of isaacsim.gui.property.widgets. Please update your code accordingly.
[3.580s] [ext: omni.isaac.universal_robots-1.0.6] startup
2026-08-31T06:28:08Z [3,571ms] [Warning] [omni.isaac.universal_robots] omni.isaac.universal_robots has been deprecated in favor of isaacsim.robot.manipulators.examples.universal_robots. Please update your code accordingly.
2026-08-31T06:28:08Z [3,571ms] [Warning] [omni.isaac.universal_robots.kinematics_solver] omni.isaac.franka has been deprecated in favor of isaacsim.robot.manipulators.examples.universal_robots. Please update your code accordingly.
2026-08-31T06:28:08Z [3,572ms] [Warning] [omni.isaac.universal_robots.ur10] omni.isaac.franka has been deprecated in favor of isaacsim.robot.manipulators.examples.universal_robots. Please update your code accordingly.
[3.582s] [ext: omni.isaac.core_nodes-2.0.6] startup
2026-08-31T06:28:08Z [3,574ms] [Warning] [omni.isaac.core_nodes] omni.isaac.core_nodes has been deprecated in favor of isaacsim.core.nodes. Please update your code accordingly.
[3.584s] [ext: omni.kit.viewport.menubar.camera-107.0.6] startup
[3.590s] [ext: omni.kit.viewport.menubar.lighting-107.3.1] startup
[3.592s] [ext: isaacsim.replicator.writers-1.0.17] startup
[3.603s] [ext: omni.kit.viewport.menubar.render-107.0.10] startup
[3.608s] [ext: omni.kit.viewport.menubar.settings-107.0.3] startup
[3.614s] [ext: omni.kit.window.console-1.1.4] startup
[3.619s] [ext: isaacsim.replicator.domain_randomization-1.0.16] startup
[3.620s] [ext: isaacsim.replicator.examples-1.3.6] startup
[3.623s] [ext: omni.ocio-0.1.1] startup
[3.626s] [ext: omni.rtx.window.settings-0.6.19] startup
[3.631s] [ext: omni.kit.window.status_bar-0.1.9] startup
[3.637s] [ext: omni.kit.window.toolbar-2.0.0] startup
[3.645s] [ext: omni.replicator.isaac-2.0.8] startup
2026-08-31T06:28:08Z [3,636ms] [Warning] [omni.replicator.isaac] omni.replicator.isaac has been deprecated in favor of isaacsim.replicator.domain_randomization, isaacsim.replicator.examples, isaacsim.replicator.writers. Please update your code accordingly.
[3.646s] [ext: omni.replicator.replicator_yaml-2.0.11] startup
[3.652s] [ext: omni.rtx.settings.core-0.6.5] startup
[3.656s] [ext: omni.usd.metrics.assembler.ui-107.3.1] startup
[3.665s] [ext: omni.isaac.utils-2.0.6] startup
[3.666s] [ext: semantics.schema.editor-2.0.2] startup
[3.669s] [ext: omni.kit.ui.actions-1.0.5] startup
[3.671s] [ext: semantics.schema.property-2.0.1] startup
[3.672s] [ext: omni.isaac.version-2.0.7] startup
2026-08-31T06:28:08Z [3,663ms] [Warning] [omni.isaac.version] omni.isaac.version has been deprecated in favor of isaacsim.core.version. Please update your code accordingly.
[3.674s] [ext: omni.isaac.cortex-1.0.5] startup
[3.674s] [ext: omni.anim.curve.core-1.3.1] startup
[3.681s] [ext: isaacsim.core.throttling-2.2.2] startup
[3.684s] [ext: omni.kit.menu.common-2.0.1] startup
[3.685s] [ext: isaacsim.exp.base-5.1.0] startup
[3.686s] [ext: isaacsim.exp.base.python-5.1.0] startup
[3.687s] Simulation App Starting
2026-08-31T06:28:08Z [3,921ms] [Warning] [omni.fabric.plugin] Warning: attribute viewportHandle not found for bucket id 9

[4.012s] app ready
[6.084s] Simulation App Startup Complete
[temporal-isaac] building USD scene
[temporal-isaac] applying Year0
[temporal-isaac] rendering Year0 pose 0
2026-08-31T06:28:11Z [6,730ms] [Warning] [rtx.postprocessing.plugin] DLSS increasing input dimensions: Render resolution of (160, 160) is below minimal input resolution of 300.
2026-08-31T06:28:11Z [6,786ms] [Warning] [omni.syntheticdata.plugin] OgnSdPostRenderVarToHost : rendervar copy from texture directly to host buffer is counter-performant. Please use copy from texture to device buffer first.
[temporal-isaac] rendering Year0 pose 1
2026-08-31T06:28:11Z [7,168ms] [Warning] [carb] Plugin interface for a client: omni.hydratexture.plugin was already released.
[temporal-isaac] rendering Year0 pose 2
[temporal-isaac] applying Year2
[temporal-isaac] rendering Year2 pose 0
2026-08-31T06:28:12Z [7,354ms] [Warning] [omni.fabric.plugin] Warning: attribute primvars:displayColor:indices not found for path /World/Environment/Vegetation/Tree_018

[temporal-isaac] rendering Year2 pose 1
[temporal-isaac] rendering Year2 pose 2
[temporal-isaac] applying Year5
[temporal-isaac] rendering Year5 pose 0
[temporal-isaac] rendering Year5 pose 1
[temporal-isaac] rendering Year5 pose 2
[temporal-isaac] applying Year10
[temporal-isaac] rendering Year10 pose 0
[temporal-isaac] rendering Year10 pose 1
[temporal-isaac] rendering Year10 pose 2
[temporal-isaac] applying CaseAppearance
[temporal-isaac] rendering CaseAppearance pose 0
[temporal-isaac] rendering CaseAppearance pose 1
[temporal-isaac] rendering CaseAppearance pose 2
[temporal-isaac] applying CaseStructural
[temporal-isaac] rendering CaseStructural pose 0
[temporal-isaac] rendering CaseStructural pose 1
[temporal-isaac] rendering CaseStructural pose 2
[temporal-isaac] wrote /home/j/SynologyDrive/junsuk/학술대회/CICS2026/codes/isaac_ros/results/temporal/run_20260831_152803
[temporal-isaac] validation GUI ready; close Isaac Sim to exit
