[INFO] [1791335744.876429973] [ontology_rgat_px4_gateway_0]: gateway target=sitl, UDP=127.0.0.1:14650, PX4 namespace=/fmu, arm_allowed=True, offboard_allowed=True, heartbeat=50 Hz, pad_motion=random_walk, gnss=off, battery=on (hover 186 W)
[INFO] [1791335744.879188241] [ontology_rgat_px4_gateway_0]: PX4 local frame is at world ENU (-0.0, -0.0, 2.87) m; deck poses will be brought into it.
[INFO] [1791335945.082571103] [ontology_rgat_px4_gateway_0]: physical pad touchdown: OFFBOARD hold retained until SITL force-disarm confirmation (truth pad xyz=-0.23,0.14,0.09)
[WARN] [1791335945.346819761] [ontology_rgat_px4_gateway_0]: PX4 rejected command 400 with result 1 (reason 0)
[INFO] [1791335979.059488196] [ontology_rgat_px4_gateway_0]: physical pad touchdown: OFFBOARD hold retained until SITL force-disarm confirmation (truth pad xyz=-0.13,0.04,0.10)
[INFO] [1791336012.546542955] [ontology_rgat_px4_gateway_0]: physical pad touchdown: OFFBOARD hold retained until SITL force-disarm confirmation (truth pad xyz=-0.13,0.15,0.09)
[WARN] [1791336012.807608822] [ontology_rgat_px4_gateway_0]: PX4 rejected command 400 with result 1 (reason 0)
[INFO] [1791336042.924785069] [ontology_rgat_px4_gateway_0]: physical pad touchdown: OFFBOARD hold retained until SITL force-disarm confirmation (truth pad xyz=0.01,0.11,0.09)
[WARN] [1791336182.183626095] [ontology_rgat_px4_gateway_0]: PX4 rejected command 400 with result 1 (reason 0)
[INFO] [1791336295.829812694] [ontology_rgat_px4_gateway_0]: physical pad touchdown: OFFBOARD hold retained until SITL force-disarm confirmation (truth pad xyz=0.12,0.26,0.09)
[WARN] [1791336296.083789077] [ontology_rgat_px4_gateway_0]: PX4 rejected command 400 with result 1 (reason 0)
[INFO] [1791336328.142459771] [ontology_rgat_px4_gateway_0]: physical pad touchdown: OFFBOARD hold retained until SITL force-disarm confirmation (truth pad xyz=0.12,0.13,0.11)
[INFO] [1791336357.668116319] [ontology_rgat_px4_gateway_0]: physical pad touchdown: OFFBOARD hold retained until SITL force-disarm confirmation (truth pad xyz=-0.08,0.07,0.09)
[WARN] [1791336357.928375827] [ontology_rgat_px4_gateway_0]: PX4 rejected command 400 with result 1 (reason 0)
[INFO] [1791336384.892199174] [ontology_rgat_px4_gateway_0]: physical pad touchdown: OFFBOARD hold retained until SITL force-disarm confirmation (truth pad xyz=-0.09,0.08,0.11)
[INFO] [1791336531.088786962] [ontology_rgat_px4_gateway_0]: physical pad touchdown: OFFBOARD hold retained until SITL force-disarm confirmation (truth pad xyz=-0.65,0.26,0.07)
[WARN] [1791336531.361148571] [ontology_rgat_px4_gateway_0]: PX4 rejected command 400 with result 1 (reason 0)
[WARN] [1791336673.625391635] [ontology_rgat_px4_gateway_0]: XRCE-DDS rebased the PX4 timestamp (raw delta -1791336142.500 s); continuing on the monotonic simulated-time axis
[WARN] [1791336675.535068788] [ontology_rgat_px4_gateway_0]: XRCE-DDS rebased the PX4 timestamp (raw delta 1791336167.510 s); continuing on the monotonic simulated-time axis
[INFO] [1791336691.936688216] [ontology_rgat_px4_gateway_0]: physical pad touchdown: OFFBOARD hold retained until SITL force-disarm confirmation (truth pad xyz=-0.06,0.14,0.09)
[INFO] [1791336722.147304422] [ontology_rgat_px4_gateway_0]: physical pad touchdown: OFFBOARD hold retained until SITL force-disarm confirmation (truth pad xyz=-0.22,0.06,0.12)
[WARN] [1791336722.407839559] [ontology_rgat_px4_gateway_0]: PX4 rejected command 400 with result 1 (reason 0)
[INFO] [1791336756.850708793] [ontology_rgat_px4_gateway_0]: physical pad touchdown: OFFBOARD hold retained until SITL force-disarm confirmation (truth pad xyz=-0.13,-0.03,0.10)
[INFO] [1791336786.786150169] [ontology_rgat_px4_gateway_0]: physical pad touchdown: OFFBOARD hold retained until SITL force-disarm confirmation (truth pad xyz=-0.25,0.31,0.07)
[WARN] [1791336787.057182478] [ontology_rgat_px4_gateway_0]: PX4 rejected command 400 with result 1 (reason 0)
[INFO] [1791336819.847807941] [ontology_rgat_px4_gateway_0]: physical pad touchdown: OFFBOARD hold retained until SITL force-disarm confirmation (truth pad xyz=-0.08,0.13,0.09)
[INFO] [1791336964.124645981] [ontology_rgat_px4_gateway_0]: physical pad touchdown: OFFBOARD hold retained until SITL force-disarm confirmation (truth pad xyz=-0.03,0.13,0.12)
[WARN] [1791336964.390067414] [ontology_rgat_px4_gateway_0]: PX4 rejected command 400 with result 1 (reason 0)
[INFO] [1791337115.446211413] [ontology_rgat_px4_gateway_0]: physical pad touchdown: OFFBOARD hold retained until SITL force-disarm confirmation (truth pad xyz=-0.61,0.11,0.09)
[INFO] [1791337143.346125106] [ontology_rgat_px4_gateway_0]: physical pad touchdown: OFFBOARD hold retained until SITL force-disarm confirmation (truth pad xyz=-0.13,0.00,0.10)
[WARN] [1791337143.602087138] [ontology_rgat_px4_gateway_0]: PX4 rejected command 400 with result 1 (reason 0)
[INFO] [1791337176.413939182] [ontology_rgat_px4_gateway_0]: physical pad touchdown: OFFBOARD hold retained until SITL force-disarm confirmation (truth pad xyz=-0.30,-0.00,0.07)
[INFO] [1791337206.458502160] [ontology_rgat_px4_gateway_0]: physical pad touchdown: OFFBOARD hold retained until SITL force-disarm confirmation (truth pad xyz=-0.21,0.01,0.11)
[WARN] [1791337206.720502170] [ontology_rgat_px4_gateway_0]: PX4 rejected command 400 with result 1 (reason 0)
[INFO] [1791337240.625032019] [ontology_rgat_px4_gateway_0]: physical pad touchdown: OFFBOARD hold retained until SITL force-disarm confirmation (truth pad xyz=-0.12,0.00,0.12)
[INFO] [1791337561.248100927] [ontology_rgat_px4_gateway_0]: physical pad touchdown: OFFBOARD hold retained until SITL force-disarm confirmation (truth pad xyz=-0.39,-0.08,0.13)
[INFO] [1791337593.598889767] [ontology_rgat_px4_gateway_0]: physical pad touchdown: OFFBOARD hold retained until SITL force-disarm confirmation (truth pad xyz=-0.35,0.02,0.11)
[WARN] [1791337593.865670405] [ontology_rgat_px4_gateway_0]: PX4 rejected command 400 with result 1 (reason 0)
[WARN] [1791337618.006159556] [ontology_rgat_px4_gateway_0]: XRCE-DDS rebased the PX4 timestamp (raw delta -1791336578.923 s); continuing on the monotonic simulated-time axis
[WARN] [1791337619.791994315] [ontology_rgat_px4_gateway_0]: XRCE-DDS rebased the PX4 timestamp (raw delta 1791336603.742 s); continuing on the monotonic simulated-time axis
[INFO] [1791337631.665493646] [ontology_rgat_px4_gateway_0]: physical pad touchdown: OFFBOARD hold retained until SITL force-disarm confirmation (truth pad xyz=-0.07,-0.03,0.09)
[INFO] [1791337663.719282127] [ontology_rgat_px4_gateway_0]: physical pad touchdown: OFFBOARD hold retained until SITL force-disarm confirmation (truth pad xyz=-0.09,0.00,0.09)
[WARN] [1791337663.973274317] [ontology_rgat_px4_gateway_0]: PX4 rejected command 400 with result 1 (reason 0)
[INFO] [1791337692.948095614] [ontology_rgat_px4_gateway_0]: physical pad touchdown: OFFBOARD hold retained until SITL force-disarm confirmation (truth pad xyz=-0.08,0.04,0.08)
