Starting kit application with the following args:  ['/home/j/env_isaaclab/lib/python3.11/site-packages/isaacsim/exts/isaacsim.simulation_app/isaacsim/simulation_app/simulation_app.py', '/home/j/env_isaaclab/lib/python3.11/site-packages/isaacsim/apps/isaacsim.exp.base.python.kit', '--/app/tokens/exe-path=/home/j/env_isaaclab/lib/python3.11/site-packages/isaacsim/kit', '--/persistent/app/viewport/displayOptions=3094', '--/rtx/materialDb/syncLoads=True', '--/rtx/hydra/materialSyncLoads=True', '--/omni.kit.plugin/syncUsdLoads=True', '--/app/renderer/resolution/width=1280', '--/app/renderer/resolution/height=720', '--/app/window/width=1440', '--/app/window/height=900', '--/renderer/multiGpu/enabled=True', '--/app/fastShutdown=True', '--/app/installSignalHandlers=0', '--ext-folder', '/home/j/env_isaaclab/lib/python3.11/site-packages/isaacsim/exts', '--ext-folder', '/home/j/env_isaaclab/lib/python3.11/site-packages/isaacsim/apps', '--/physics/cudaDevice=0', '--/plugins/carb.tasking.plugin/threadCount=20', '--/plugins/omni.tbb.globalcontrol/maxThreadCount=20', '--portable']
Passing the following args to the base kit application:  ['--config', 'config/temporal_environment.yaml', '--output', '/home/j/SynologyDrive/junsuk/학술대회/CICS2026/codes/isaac_ros/results/temporal/run_20260831_153752', '--gui', '--hold']
[Info] [carb] Logging to file: /home/j/env_isaaclab/lib/python3.11/site-packages/isaacsim/kit/logs/Kit/Isaac-Sim Python/5.1/kit_20260831_153804.log
[0.037s] [ext: omni.kit.async_engine-0.0.3] startup
[0.094s] [ext: omni.metrics.core-0.0.3] startup
[0.095s] [ext: omni.client.lib-1.1.0] startup
[0.103s] [ext: omni.blobkey-1.1.2] startup
[0.103s] [ext: omni.stats-1.0.1] startup
[0.104s] [ext: omni.datastore-0.0.0] startup
[0.108s] [ext: omni.client-1.3.0] startup
[0.111s] [ext: omni.ujitso.default-1.0.0] startup
[0.112s] [ext: omni.hsscclient-1.1.2] startup
[0.115s] [ext: omni.gpu_foundation.shadercache.vulkan-1.0.0] startup
[0.116s] [ext: omni.assets.plugins-0.0.0] startup
[0.117s] [ext: omni.gpu_foundation-0.0.0] startup
[0.122s] [ext: carb.windowing.plugins-1.0.0] startup
[0.127s] [ext: omni.kit.renderer.init-0.0.0] startup
2026-08-31T06:38:05Z [344ms] [Warning] [gpu.foundation.plugin] Skipping unsupported non-NVIDIA GPU: Intel(R) Graphics (RPL-S)
2026-08-31T06:38:05Z [345ms] [Warning] [gpu.foundation.plugin] Skipping unsupported non-NVIDIA GPU: Intel(R) Graphics (RPL-S)

|---------------------------------------------------------------------------------------------|
| Driver Version: 570.172.08    | Graphics API: Vulkan
|=============================================================================================|
| GPU | Name                             | Active | LDA | GPU Memory | Vendor-ID | LUID       |
|     |                                  |        |     |            | Device-ID | UUID       |
|     |                                  |        |     |            | Bus-ID    |            |
|---------------------------------------------------------------------------------------------|
| 0   | NVIDIA GeForce RTX 4060 Laptop.. | Yes: 0 |     | 8188    MB | 10de      | 0          |
|     |                                  |        |     |            | 28e0      | 182d21ed.. |
|     |                                  |        |     |            | 1         |            |
|---------------------------------------------------------------------------------------------|
| 1   | Intel(R) Graphics (RPL-S)        |        |     | 23832   MB | 8086      | 0          |
|     |                                  |        |     |            | a78b      | 86808ba7.. |
|     |                                  |        |     |            | 0         |            |
|=============================================================================================|
| OS: 22.04.5 LTS (Jammy Jellyfish) ubuntu, Version: 22.04.5, Kernel: 6.1.0-1013-oem
| XServer Vendor: The X.Org Foundation, XServer Version: 12101004 (1.21.1.4)
| Processor: 13th Gen Intel(R) Core(TM) i7-13650HX
| Bare Metal Cores: 14 | Bare Metal Logical Cores: 28
| Available Cores:  20 
|---------------------------------------------------------------------------------------------|
| Total Memory (MB): 31776 | Free Memory: 25914
| Total Page/Swap (MB): 2047 | Free Page/Swap: 2043
|---------------------------------------------------------------------------------------------|
2026-08-31T06:38:05Z [567ms] [Warning] [gpu.foundation.plugin] CPU performance profile is set to powersave. This profile sets the CPU to the lowest frequency reducing performance.
[0.705s] [ext: omni.materialx.libs-1.0.7] startup
[0.711s] [ext: omni.kit.telemetry-0.5.2] startup
[0.724s] [ext: omni.usd.config-1.0.6] startup
[0.726s] [ext: omni.gpucompute.plugins-0.0.0] startup
[0.727s] [ext: omni.usd.libs-1.0.1] startup
[0.790s] [ext: omni.kit.loop-isaac-1.3.7] startup
[0.791s] [ext: omni.kit.test-2.0.1] startup
[0.824s] [ext: omni.mdl-56.0.3] startup
[0.836s] [ext: omni.iray.libs-0.0.0] startup
[0.840s] [ext: omni.mdl.neuraylib-0.2.12] startup
[0.841s] [ext: omni.kit.usd.mdl-1.1.5] startup
[0.906s] [ext: omni.kit.pipapi-0.0.0] startup
[0.907s] [ext: omni.appwindow-1.1.10] startup
[0.911s] [ext: omni.kit.renderer.core-1.1.0] startup
[1.138s] [ext: omni.kit.renderer.capture-0.0.0] startup
[1.140s] [ext: omni.kit.renderer.imgui-2.0.5] startup
[1.193s] [ext: omni.ui-2.27.1] startup
[1.200s] [ext: omni.kit.mainwindow-1.0.3] startup
[1.200s] [ext: carb.audio-0.1.0] startup
[1.203s] [ext: omni.uiaudio-1.0.0] startup
[1.203s] [ext: omni.kit.uiapp-0.0.0] startup
[1.203s] [ext: omni.usd.schema.metrics.assembler-107.3.1] startup
[1.205s] [ext: omni.usd.schema.physx-107.3.26] startup
[1.229s] [ext: omni.usd.schema.geospatial-0.0.0] startup
[1.230s] [ext: omni.usd.schema.audio-0.0.0] startup
[1.232s] [ext: omni.usd.schema.anim-0.0.0] startup
[1.246s] [ext: omni.usd.schema.flow-107.1.1] startup
[1.246s] [ext: omni.usd_resolver-1.0.0] startup
[1.249s] [ext: omni.usd.core-1.5.3] startup
[1.250s] [ext: omni.usd.schema.omni_sensors-0.0.0] startup
[1.266s] [ext: omni.usd.schema.semantics-0.0.0] startup
[1.267s] [ext: omni.usd.schema.omniscripting-1.0.0] startup
[1.270s] [ext: omni.usd.schema.omni_lens_distortion-0.0.0] startup
[1.271s] [ext: omni.usd.schema.omnigraph-1.0.0] startup
[1.274s] [ext: omni.kit.window.popup_dialog-2.0.24] startup
[1.277s] [ext: omni.graph.exec-0.9.6] startup
[1.277s] [ext: omni.kit.widget.nucleus_connector-2.0.1] startup
[1.280s] [ext: omni.kit.usd_undo-0.1.8] startup
[1.280s] [ext: omni.kit.exec.core-0.13.4] startup
[1.281s] [ext: omni.kit.actions.core-1.0.0] startup
[1.283s] [ext: omni.resourcemonitor-107.0.1] startup
[1.284s] [ext: omni.activity.core-1.0.3] startup
[1.285s] [ext: omni.timeline-1.0.14] startup
[1.286s] [ext: omni.kit.commands-1.4.10] startup
[1.288s] [ext: usdrt.scenegraph-7.6.1] startup
[1.313s] [ext: omni.kit.audiodeviceenum-1.0.2] startup
[1.314s] [ext: omni.hydra.usdrt_delegate-7.5.1] startup
[1.318s] [ext: omni.hydra.scene_delegate-0.3.4] startup
[1.321s] [ext: omni.usd-1.13.10] startup
[1.337s] [ext: omni.inspect-1.0.2] startup
[1.338s] [ext: omni.kit.notification_manager-1.0.10] startup
[1.339s] [ext: omni.graph.core-2.184.5] startup
[1.341s] [ext: isaacsim.core.deprecation_manager-0.2.7] startup
[1.341s] [ext: omni.anim.graph.schema-107.3.3] startup
[1.346s] [ext: omni.usd.schema.isaac-3.0.5] startup
[1.346s] [ext: omni.anim.navigation.schema-107.3.3] startup
[1.348s] [ext: omni.kit.asset_converter-5.0.17] startup
[1.357s] [ext: isaacsim.robot.schema-3.6.0] startup
[1.363s] [ext: omni.usd.schema.render_settings.rtx-0.0.0] startup
[1.364s] [ext: omni.kit.menu.core-1.1.2] startup
[1.365s] [ext: omni.kit.widget.path_field-2.0.11] startup
[1.365s] [ext: omni.kit.widget.context_menu-1.2.5] startup
[1.366s] [ext: omni.kit.widget.browser_bar-2.0.10] startup
[1.366s] [ext: omni.kit.clipboard-1.0.5] startup
[1.367s] [ext: omni.kit.numpy.common-0.1.3] startup
[1.368s] [ext: omni.kit.widget.options_menu-1.1.6] startup
[1.369s] [ext: omni.kit.helper.file_utils-0.1.9] startup
[1.370s] [ext: omni.ui.scene-1.11.5] startup
[1.373s] [ext: omni.kit.widget.options_button-1.0.3] startup
[1.374s] [ext: omni.kit.widget.filebrowser-2.12.3] startup
[1.377s] [ext: omni.kit.usd.layers-2.2.11] startup
[1.382s] [ext: omni.kit.window.filepicker-2.13.4] startup
[1.388s] [ext: omni.kit.hotkeys.core-1.3.10] startup
[1.390s] [ext: omni.kit.context_menu-1.8.6] startup
[1.391s] [ext: omni.kit.property.adapter.core-1.0.2] startup
[1.393s] [ext: omni.kit.window.file_exporter-1.0.33] startup
[1.394s] [ext: omni.kit.widget.searchfield-1.1.8] startup
[1.395s] [ext: omni.kit.widget.filter-1.1.4] startup
[1.395s] [ext: omni.kit.widget.graph-2.0.0] startup
[1.398s] [ext: omni.kit.widget.stage-3.1.4] startup
[1.405s] [ext: omni.kit.property.adapter.usd-1.0.2] startup
[1.406s] [ext: omni.kit.property.adapter.fabric-1.0.3] startup
[1.406s] [ext: omni.kit.graph.delegate.default-1.2.3] startup
[1.407s] [ext: omni.kit.window.file_importer-1.1.18] startup
[1.407s] [ext: omni.kit.stage_template.core-1.1.22] startup
[1.408s] [ext: omni.kit.menu.utils-2.0.5] startup
[1.411s] [ext: omni.kit.window.file-2.0.5] startup
[1.412s] [ext: omni.kit.widget.highlight_label-1.0.3] startup
[1.413s] [ext: omni.kit.window.drop_support-1.0.5] startup
[1.413s] [ext: omni.kit.window.content_browser_registry-0.0.6] startup
[1.413s] [ext: omni.kit.window.property-1.12.1] startup
[1.415s] [ext: omni.kit.window.content_browser-3.1.3] startup
[1.423s] [ext: isaacsim.core.version-2.0.6] startup
[1.423s] [ext: omni.kit.property.usd-4.5.12] startup
[1.429s] [ext: omni.kit.graph.editor.core-1.5.3] startup
[1.431s] [ext: omni.kit.material.library-2.0.7] startup
[1.434s] [ext: omni.kit.graph.usd.commands-1.3.1] startup
[1.434s] [ext: omni.kvdb-107.3.26] startup
[1.436s] [ext: omni.usdphysics-107.3.26] startup
[1.437s] [ext: omni.physx.foundation-107.3.26] startup
[1.438s] [ext: omni.localcache-107.3.26] startup
[1.439s] [ext: omni.convexdecomposition-107.3.26] startup
[1.441s] [ext: omni.physics-107.3.26] startup
[1.443s] [ext: omni.physx.cooking-107.3.26] startup
[1.445s] [ext: omni.physics.stageupdate-107.3.26] startup
[1.446s] [ext: omni.physx-107.3.26] startup
[1.453s] [ext: omni.index.libs-380600.8087.0] startup
[1.453s] [ext: omni.physics.physx-107.3.26] startup
2026-08-31T06:38:06Z [1,444ms] [Warning] [carb] Acquiring non optional plugin interface which is not listed as dependency: [omni::physx::IPhysxBenchmarks v1.0] (plugin: <default plugin>), by client: omni.physics.physx.plugin. Add it to CARB_PLUGIN_IMPL_DEPS() macro of a client.
[1.454s] [ext: omni.index-1.0.1] startup
[1.455s] [ext: omni.volume-0.5.2] startup
[1.456s] [ext: omni.ujitso.client-0.0.0] startup
[1.457s] [ext: omni.hydra.rtx.shadercache.vulkan-1.0.0] startup
[1.457s] [ext: omni.kit.widget.searchable_combobox-1.0.6] startup
[1.458s] [ext: omni.hydra.rtx-1.0.0] startup
2026-08-31T06:38:06Z [1,461ms] [Warning] [omni.log] Source: omni.hydra was already registered.
[1.482s] [ext: omni.kit.widget.settings-1.2.6] startup
[1.483s] [ext: omni.kit.hydra_texture-1.4.6] startup
[1.486s] [ext: omni.graph.tools-1.79.2] startup
[1.501s] [ext: omni.kit.window.preferences-1.8.0] startup
[1.505s] [ext: omni.kit.widget.material_preview-1.0.16] startup
[1.505s] [ext: omni.graph-1.141.2] startup
[1.533s] [ext: omni.kit.window.material_graph-1.9.1] startup
[1.539s] [ext: omni.isaac.dynamic_control-2.0.7] startup
2026-08-31T06:38:06Z [1,533ms] [Warning] [omni.isaac.dynamic_control] omni.isaac.dynamic_control is deprecated as of Isaac Sim 4.5. No action is needed from end-users.
[1.543s] [ext: isaacsim.storage.native-1.5.1] startup
[1.545s] [ext: omni.graph.scriptnode-1.50.0] startup
[1.546s] [ext: omni.hydra.engine.stats-1.0.3] startup
[1.549s] [ext: omni.kit.viewport.legacy_gizmos-1.0.19] startup
[1.551s] [ext: omni.kit.raycast.query-1.1.0] startup
[1.556s] [ext: omni.graph.action_core-1.1.7] startup
[1.559s] [ext: omni.kit.viewport.scene_camera_model-1.0.6] startup
[1.562s] [ext: omni.graph.image.core-0.6.1] startup
[1.563s] [ext: omni.kit.widget.viewport-107.1.3] startup
[1.572s] [ext: omni.kit.viewport.registry-104.0.6] startup
[1.573s] [ext: omni.usd.metrics.assembler-107.3.1] startup
[1.575s] [ext: omni.kit.viewport.window-107.2.0] startup
[1.588s] [ext: omni.kit.viewport.menubar.core-107.2.1] startup
[1.598s] [ext: omni.graph.image.nodes-1.3.1] startup
[1.599s] [ext: omni.usd.metrics.assembler.physics-107.3.26] startup
[1.600s] [ext: omni.warp.core-1.8.2] startup
[1.724s] [ext: omni.kit.viewport.utility-1.1.2] startup
[1.725s] [ext: omni.physics.tensors-107.3.26] startup
[1.729s] [ext: omni.syntheticdata-0.6.13] startup
[1.739s] [ext: isaacsim.test.docstring-1.1.0] startup
[1.744s] [ext: isaacsim.core.utils-3.5.1] startup
[1.747s] [ext: omni.physx.tensors-107.3.26] startup
[1.751s] [ext: omni.graph.nodes-1.170.10] startup
[1.761s] [ext: omni.graph.action_nodes-1.50.4] startup
[1.764s] [ext: omni.kit.primitive.mesh-1.0.17] startup
[1.769s] [ext: isaacsim.core.simulation_manager-1.4.4] startup
[2.708s] [ext: omni.graph.ui_nodes-1.50.5] startup
[2.712s] [ext: omni.graph.action-1.130.0] startup
[2.713s] [ext: omni.kit.stage_templates-2.0.0] startup
[2.716s] [ext: isaacsim.core.prims-0.6.1] startup
[2.736s] [ext: omni.warp-1.8.2] startup
[2.743s] [ext: omni.videoencoding-0.1.2] startup
[2.747s] [ext: isaacsim.core.api-4.8.0] startup
[2.761s] [ext: isaacsim.core.experimental.utils-0.3.0] startup
[2.766s] [ext: omni.replicator.core-1.12.27] startup
2026-08-31T06:38:07Z [2,765ms] [Warning] [pxr.Semantics] pxr.Semantics is deprecated - please use Semantics instead
Warp 1.8.2 initialized:
   CUDA Toolkit 12.8, Driver 12.8
   Devices:
     "cpu"      : "x86_64"
     "cuda:0"   : "NVIDIA GeForce RTX 4060 Laptop GPU" (8 GiB, sm_89, mempool enabled)
   Kernel cache:
     /home/j/.cache/warp/1.8.2
2026-08-31T06:38:07Z [2,878ms] [Warning] [omni.graph.core.plugin] Found duplicate of category 'Replicator' - was 'Annotators', adding 'Fabric Reader'
2026-08-31T06:38:07Z [2,878ms] [Warning] [omni.graph.core.plugin] Category 'Replicator' not accepted on node type 'omni.replicator.core.FabricReader' in extension 'omni.replicator.core'
2026-08-31T06:38:07Z [2,879ms] [Warning] [omni.replicator.core.scripts.extension] No material configuration file, adding configuration to material settings directly.
[2.891s] [ext: isaacsim.core.experimental.prims-0.8.1] startup
[2.921s] [ext: omni.kit.window.extensions-1.4.27] startup
[2.931s] [ext: isaacsim.core.experimental.objects-0.4.0] startup
[2.942s] [ext: omni.ui_query-1.1.8] startup
[2.946s] [ext: omni.kit.manipulator.viewport-107.0.1] startup
[2.947s] [ext: isaacsim.robot.surface_gripper-3.3.1] startup
[2.960s] [ext: omni.kit.ui_test-1.3.7] startup
[2.967s] [ext: omni.graph.visualization.nodes-2.1.3] startup
[3.034s] [ext: isaacsim.robot_motion.lula-4.0.8] startup
[3.073s] [ext: isaacsim.core.nodes-3.4.3] startup
[3.095s] [ext: isaacsim.gui.components-1.2.1] startup
[3.184s] [ext: isaacsim.robot_motion.motion_generation-8.0.26] startup
Warp DeprecationWarning: The `warp.sim` module is deprecated and will be removed in v1.10. Please transition to using the forthcoming Newton library instead.
[3.319s] [ext: isaacsim.robot.manipulators-3.3.6] startup
[3.333s] [ext: isaacsim.core.experimental.materials-0.4.0] startup
[3.354s] [ext: isaacsim.robot.manipulators.examples-1.1.2] startup
[3.362s] [ext: isaacsim.cortex.framework-1.0.12] startup
[3.364s] [ext: isaacsim.cortex.behaviors-2.0.14] startup
[3.367s] [ext: omni.isaac.cortex.sample_behaviors-2.0.5] startup
2026-08-31T06:38:08Z [3,362ms] [Warning] [omni.isaac.cortex] omni.isaac.cortex has been deprecated in favor of isaacsim.cortex.framework. Please update your code accordingly.
2026-08-31T06:38:08Z [3,363ms] [Warning] [omni.isaac.cortex.sample_behaviors] omni.isaac.cortex.sample_behaviors has been deprecated in favor of isaacsim.cortex.behaviors. Please update your code accordingly.
[3.373s] [ext: omni.kit.widget.zoombar-1.0.6] startup
[3.378s] [ext: isaacsim.gui.content_browser-0.1.11] startup
[3.380s] [ext: omni.kit.browser.core-2.3.13] startup
[3.393s] [ext: omni.kit.widget.stage_icons-1.0.8] startup
[3.395s] [ext: omni.kit.widget.prompt-1.0.7] startup
[3.397s] [ext: omni.kit.usd.collect-2.4.5] startup
[3.400s] [ext: omni.kit.browser.folder.core-1.10.9] startup
[3.412s] [ext: omni.kit.window.stage-2.6.1] startup
[3.420s] [ext: omni.kit.usdz_export-1.0.9] startup
[3.422s] [ext: omni.kit.tool.collect-2.2.18] startup
[3.424s] [ext: omni.kit.menu.stage-1.2.7] startup
[3.425s] [ext: omni.kit.tool.asset_importer-4.3.2] startup
[3.429s] [ext: isaacsim.robot.wheeled_robots-4.0.24] startup
[3.432s] [ext: isaacsim.examples.browser-0.2.1] startup
[3.436s] [ext: isaacsim.asset.importer.urdf-2.4.30] startup
[3.493s] [ext: omni.isaac.wheeled_robots-3.0.7] startup
2026-08-31T06:38:08Z [3,485ms] [Warning] [omni.isaac.wheeled_robots] omni.isaac.wheeled_robots has been deprecated in favor of isaacsim.robot.wheeled_robots. Please update your code accordingly.
2026-08-31T06:38:08Z [3,486ms] [Warning] [omni.isaac.wheeled_robots.controllers] omni.isaac.wheeled_robots has been deprecated in favor of isaacsim.robot.wheeled_robots. Please update your code accordingly.
2026-08-31T06:38:08Z [3,486ms] [Warning] [omni.isaac.wheeled_robots.controllers.ackermann_controller] omni.isaac.wheeled_robots has been deprecated in favor of isaacsim.robot.wheeled_robots. Please update your code accordingly.
2026-08-31T06:38:08Z [3,486ms] [Warning] [omni.isaac.wheeled_robots.controllers.differential_controller] omni.isaac.wheeled_robots has been deprecated in favor of isaacsim.robot.wheeled_robots. Please update your code accordingly.
2026-08-31T06:38:08Z [3,486ms] [Warning] [omni.isaac.wheeled_robots.controllers.holonomic_controller] omni.isaac.wheeled_robots has been deprecated in favor of isaacsim.robot.wheeled_robots. Please update your code accordingly.
2026-08-31T06:38:08Z [3,486ms] [Warning] [omni.isaac.wheeled_robots.controllers.quintic_path_planner] omni.isaac.wheeled_robots has been deprecated in favor of isaacsim.robot.wheeled_robots. Please update your code accordingly.
2026-08-31T06:38:08Z [3,486ms] [Warning] [omni.isaac.wheeled_robots.controllers.stanley_control] omni.isaac.wheeled_robots has been deprecated in favor of isaacsim.robot.wheeled_robots. Please update your code accordingly.
2026-08-31T06:38:08Z [3,486ms] [Warning] [omni.isaac.wheeled_robots.controllers.wheel_base_pose_controller] omni.isaac.wheeled_robots has been deprecated in favor of isaacsim.robot.wheeled_robots. Please update your code accordingly.
2026-08-31T06:38:08Z [3,488ms] [Warning] [omni.isaac.wheeled_robots.impl] omni.isaac.wheeled_robots has been deprecated in favor of isaacsim.robot.wheeled_robots. Please update your code accordingly.
2026-08-31T06:38:08Z [3,490ms] [Warning] [omni.isaac.wheeled_robots.robots] omni.isaac.wheeled_robots has been deprecated in favor of isaacsim.robot.wheeled_robots. Please update your code accordingly.
2026-08-31T06:38:08Z [3,492ms] [Warning] [omni.isaac.wheeled_robots.robots.holonomic_robot_usd_setup] omni.isaac.wheeled_robots has been deprecated in favor of isaacsim.robot.wheeled_robots. Please update your code accordingly.
2026-08-31T06:38:08Z [3,492ms] [Warning] [omni.isaac.wheeled_robots.robots.wheeled_robot] omni.isaac.wheeled_robots has been deprecated in favor of isaacsim.robot.wheeled_robots. Please update your code accordingly.
[3.502s] [ext: isaacsim.simulation_app-2.12.2] startup
[3.504s] [ext: omni.isaac.franka-1.0.7] startup
2026-08-31T06:38:08Z [3,495ms] [Warning] [omni.isaac.franka] omni.isaac.franka has been deprecated in favor of isaacsim.robot.manipulators.examples.franka. Please update your code accordingly.
2026-08-31T06:38:08Z [3,495ms] [Warning] [omni.isaac.franka.franka] omni.isaac.franka has been deprecated in favor of isaacsim.robot.manipulators.examples.franka. Please update your code accordingly.
2026-08-31T06:38:08Z [3,507ms] [Warning] [omni.isaac.franka.kinematics_solver] omni.isaac.franka has been deprecated in favor of isaacsim.robot.manipulators.examples.franka. Please update your code accordingly.
[3.517s] [ext: omni.isaac.kit-2.0.6] startup
2026-08-31T06:38:08Z [3,509ms] [Warning] [omni.isaac.kit] omni.isaac.kit has been deprecated in favor of isaacsim.simulation_app. Please update your code accordingly.
[3.519s] [ext: omni.kit.selection-0.1.6] startup
[3.521s] [ext: omni.isaac.lula-4.0.6] startup
2026-08-31T06:38:08Z [3,512ms] [Warning] [omni.isaac.lula] omni.isaac.lula has been deprecated in favor of isaacsim.robot_motion.lula. Please update your code accordingly.
[3.522s] [ext: isaacsim.robot_motion.lula_test_widget-1.0.12] startup
[3.526s] [ext: isaacsim.asset.browser-1.3.23] startup
[3.560s] [ext: omni.kit.viewport.actions-107.0.2] startup
[3.564s] [ext: isaacsim.gui.menu-2.4.4] startup
[3.569s] [ext: omni.isaac.manipulators-3.0.7] startup
2026-08-31T06:38:08Z [3,559ms] [Warning] [omni.isaac.manipulators] omni.isaac.manipulators has been deprecated in favor of isaacsim.robot.manipulators. Please update your code accordingly.
2026-08-31T06:38:08Z [3,559ms] [Warning] [omni.isaac.manipulators.controllers] omni.isaac.manipulators has been deprecated in favor of isaacsim.robot.manipulators. Please update your code accordingly.
2026-08-31T06:38:08Z [3,559ms] [Warning] [omni.isaac.manipulators.controllers.pick_place_controller] omni.isaac.manipulators has been deprecated in favor of isaacsim.robot.manipulators. Please update your code accordingly.
2026-08-31T06:38:08Z [3,561ms] [Warning] [omni.isaac.manipulators.controllers.stacking_controller] omni.isaac.manipulators has been deprecated in favor of isaacsim.robot.manipulators. Please update your code accordingly.
2026-08-31T06:38:08Z [3,561ms] [Warning] [omni.isaac.manipulators.grippers] omni.isaac.manipulators has been deprecated in favor of isaacsim.robot.manipulators. Please update your code accordingly.
2026-08-31T06:38:08Z [3,561ms] [Warning] [omni.isaac.manipulators.grippers.gripper] omni.isaac.manipulators has been deprecated in favor of isaacsim.robot.manipulators. Please update your code accordingly.
2026-08-31T06:38:08Z [3,563ms] [Warning] [omni.isaac.manipulators.grippers.parallel_gripper] omni.isaac.manipulators has been deprecated in favor of isaacsim.robot.manipulators. Please update your code accordingly.
2026-08-31T06:38:08Z [3,563ms] [Warning] [omni.isaac.manipulators.grippers.surface_gripper] omni.isaac.manipulators has been deprecated in favor of isaacsim.robot.manipulators. Please update your code accordingly.
2026-08-31T06:38:08Z [3,563ms] [Warning] [omni.isaac.manipulators.manipulators] omni.isaac.manipulators has been deprecated in favor of isaacsim.robot.manipulators. Please update your code accordingly.
2026-08-31T06:38:08Z [3,563ms] [Warning] [omni.isaac.manipulators.manipulators.single_manipulator] omni.isaac.manipulators has been deprecated in favor of isaacsim.robot.manipulators. Please update your code accordingly.
[3.573s] [ext: omni.isaac.lula_test_widget-1.0.6] startup
2026-08-31T06:38:08Z [3,563ms] [Warning] [omni.isaac.lula_test_widget] omni.isaac.lula_test_widget has been deprecated in favor of isaacsim.robot_motion.lula_test_widget. Please update your code accordingly.
[3.573s] [ext: omni.isaac.asset_browser-1.0.6] startup
2026-08-31T06:38:08Z [3,567ms] [Warning] [omni.isaac.asset_browser] omni.isaac.asset_browser has been deprecated in favor of isaacsim.asset.browser. Please update your code accordingly.
[3.577s] [ext: omni.kit.viewport.menubar.display-107.0.3] startup
[3.580s] [ext: omni.isaac.menu-1.0.6] startup
2026-08-31T06:38:08Z [3,571ms] [Warning] [omni.isaac.menu] omni.isaac.menu has been deprecated in favor of isaacsim.gui.menu. Please update your code accordingly.
[3.581s] [ext: omni.isaac.motion_generation-8.0.7] startup
2026-08-31T06:38:08Z [3,573ms] [Warning] [omni.isaac.motion_generation] omni.isaac.motion_generation has been deprecated in favor of isaacsim.robot_motion.motion_generation. Please update your code accordingly.
2026-08-31T06:38:08Z [3,575ms] [Warning] [omni.isaac.motion_generation.articulation_kinematics_solver] omni.isaac.motion_generation has been deprecated in favor of isaacsim.robot_motion.motion_generation. Please update your code accordingly.
2026-08-31T06:38:08Z [3,575ms] [Warning] [omni.isaac.motion_generation.articulation_motion_policy] omni.isaac.motion_generation has been deprecated in favor of isaacsim.robot_motion.motion_generation. Please update your code accordingly.
2026-08-31T06:38:08Z [3,575ms] [Warning] [omni.isaac.motion_generation.articulation_trajectory] omni.isaac.motion_generation has been deprecated in favor of isaacsim.robot_motion.motion_generation. Please update your code accordingly.
2026-08-31T06:38:08Z [3,575ms] [Warning] [omni.isaac.motion_generation.kinematics_interface] omni.isaac.motion_generation has been deprecated in favor of isaacsim.robot_motion.motion_generation. Please update your code accordingly.
2026-08-31T06:38:08Z [3,575ms] [Warning] [omni.isaac.motion_generation.lula] omni.isaac.motion_generation has been deprecated in favor of isaacsim.robot_motion.motion_generation. Please update your code accordingly.
2026-08-31T06:38:08Z [3,575ms] [Warning] [omni.isaac.motion_generation.lula.kinematics] omni.isaac.motion_generation has been deprecated in favor of isaacsim.robot_motion.motion_generation. Please update your code accordingly.
2026-08-31T06:38:08Z [3,576ms] [Warning] [omni.isaac.motion_generation.lula.motion_policies] omni.isaac.motion_generation has been deprecated in favor of isaacsim.robot_motion.motion_generation. Please update your code accordingly.
2026-08-31T06:38:08Z [3,576ms] [Warning] [omni.isaac.motion_generation.lula.path_planners] omni.isaac.motion_generation has been deprecated in favor of isaacsim.robot_motion.motion_generation. Please update your code accordingly.
2026-08-31T06:38:08Z [3,576ms] [Warning] [omni.isaac.motion_generation.lula.trajectory_generator] omni.isaac.motion_generation has been deprecated in favor of isaacsim.robot_motion.motion_generation. Please update your code accordingly.
2026-08-31T06:38:08Z [3,576ms] [Warning] [omni.isaac.motion_generation.motion_policy_controller] omni.isaac.motion_generation has been deprecated in favor of isaacsim.robot_motion.motion_generation. Please update your code accordingly.
2026-08-31T06:38:08Z [3,576ms] [Warning] [omni.isaac.motion_generation.motion_policy_interface] omni.isaac.motion_generation has been deprecated in favor of isaacsim.robot_motion.motion_generation. Please update your code accordingly.
2026-08-31T06:38:08Z [3,576ms] [Warning] [omni.isaac.motion_generation.path_planner_visualizer] omni.isaac.motion_generation has been deprecated in favor of isaacsim.robot_motion.motion_generation. Please update your code accordingly.
2026-08-31T06:38:08Z [3,576ms] [Warning] [omni.isaac.motion_generation.path_planning_interface] omni.isaac.motion_generation has been deprecated in favor of isaacsim.robot_motion.motion_generation. Please update your code accordingly.
2026-08-31T06:38:08Z [3,576ms] [Warning] [omni.isaac.motion_generation.trajectory] omni.isaac.motion_generation has been deprecated in favor of isaacsim.robot_motion.motion_generation. Please update your code accordingly.
2026-08-31T06:38:08Z [3,576ms] [Warning] [omni.isaac.motion_generation.world_interface] omni.isaac.motion_generation has been deprecated in favor of isaacsim.robot_motion.motion_generation. Please update your code accordingly.
[3.586s] [ext: omni.isaac.assets_check-0.3.13] startup
2026-08-31T06:38:08Z [3,578ms] [Warning] [omni.isaac.assets_check] omni.isaac.assets_check has been deprecated in favor of isaacsim.asset.browser. Please update your code accordingly.
[3.588s] [ext: isaacsim.gui.sensors.icon-2.0.3] startup
[3.598s] [ext: isaacsim.asset.importer.mjcf-2.5.13] startup
[3.602s] [ext: omni.sensors.nv.common-3.0.0] startup
[3.609s] [ext: isaacsim.sensors.physics-0.4.3] startup
[3.614s] [ext: omni.sensors.net-1.0.0] startup
[3.616s] [ext: omni.isaac.nucleus-1.0.6] startup
2026-08-31T06:38:08Z [3,608ms] [Warning] [omni.isaac.nucleus] omni.isaac.nucleus has been deprecated in favor of isaacsim.storage.native. Please update your code accordingly.
2026-08-31T06:38:08Z [3,608ms] [Warning] [omni.isaac.nucleus.nucleus] omni.isaac.nucleus.nucleus has been deprecated in favor of isaacsim.storage.native. Please update your code accordingly.
[3.618s] [ext: omni.sensors.nv.materials-2.0.0] startup
[3.623s] [ext: isaacsim.robot.policy.examples-4.1.11] startup
[3.626s] [ext: omni.sensors.nv.wpm-3.0.0] startup
[3.628s] [ext: omni.sensors.nv.lidar-3.0.0] startup
[3.632s] [ext: isaacsim.util.debug_draw-3.1.0] startup
[3.635s] [ext: omni.sensors.nv.radar-3.0.0] startup
[3.638s] [ext: omni.sensors.nv.ids-2.0.0] startup
[3.639s] [ext: isaacsim.core.cloner-1.4.10] startup
[3.640s] [ext: isaacsim.sensors.physx-2.3.2] startup
[3.644s] [ext: isaacsim.sensors.rtx-15.8.4] startup
[3.650s] [ext: isaacsim.sensors.camera-1.3.6] startup
[3.657s] [ext: omni.isaac.quadruped-3.0.7] startup
2026-08-31T06:38:08Z [3,648ms] [Warning] [omni.isaac.quadruped] omni.isaac.quadruped has been deprecated in favor of isaacsim.robot.policy.examples. Please update your code accordingly.
[3.659s] [ext: omni.isaac.cloner-1.0.7] startup
2026-08-31T06:38:08Z [3,651ms] [Warning] [omni.isaac.cloner] omni.isaac.cloner has been deprecated in favor of isaacsim.core.cloner. Please update your code accordingly.
[3.663s] [ext: omni.isaac.range_sensor-4.0.6] startup
2026-08-31T06:38:08Z [3,657ms] [Warning] [omni.isaac.range_sensor] omni.isaac.range_sensor has been deprecated in favor of isaacsim.sensors.physx. Please update your code accordingly.
2026-08-31T06:38:08Z [3,658ms] [Warning] [omni.isaac.range_sensor.commands] omni.isaac.range_sensor.commands has been deprecated in favor of isaacsim.sensors.physx.commands. Please update your code accordingly.
[3.668s] [ext: omni.isaac.sensor-13.0.7] startup
2026-08-31T06:38:08Z [3,660ms] [Warning] [omni.isaac.sensor] omni.isaac.sensor has been deprecated in favor of isaacsim.sensors.camera, isaacsim.sensors.physics, isaacsim.sensors.physx, and isaacsim.sensors.rtx. Please update your code accordingly.
2026-08-31T06:38:08Z [3,660ms] [Warning] [omni.isaac.sensor.camera] omni.isaac.sensor.camera has been deprecated in favor of isaacsim.sensors.camera.camera. Please update your code accordingly.
2026-08-31T06:38:08Z [3,662ms] [Warning] [omni.isaac.sensor.camera_view] omni.isaac.sensor.camera_view has been deprecated in favor of isaacsim.sensors.camera.camera_view. Please update your code accordingly.
2026-08-31T06:38:08Z [3,663ms] [Warning] [omni.isaac.sensor.commands] omni.isaac.sensor.commands has been deprecated in favor of isaacsim.sensors.physics.commands, isaacsim.sensors.physx.commands, and isaacsim.sensors.rtx.commands. Please update your code accordingly.
2026-08-31T06:38:08Z [3,663ms] [Warning] [omni.isaac.sensor.contact_sensor] omni.isaac.sensor.contact_sensor has been deprecated in favor of isaacsim.sensors.physics.contact_sensor. Please update your code accordingly.
2026-08-31T06:38:08Z [3,663ms] [Warning] [omni.isaac.sensor.imu_sensor] omni.isaac.sensor.imu_sensor has been deprecated in favor of isaacsim.sensors.physics.imu_sensor. Please update your code accordingly.
2026-08-31T06:38:08Z [3,663ms] [Warning] [omni.isaac.sensor.lidar_rtx] omni.isaac.sensor.lidar_rtx has been deprecated in favor of isaacsim.sensors.rtx.lidar_rtx. Please update your code accordingly.
2026-08-31T06:38:08Z [3,663ms] [Warning] [omni.isaac.sensor.rotating_lidar_physX] omni.isaac.sensor.imu_sensor has been deprecated in favor of isaacsim.sensors.physix.rotating_lidar_physX. Please update your code accordingly.
2026-08-31T06:38:08Z [3,663ms] [Warning] [omni.isaac.sensor.scripts.samples.contact_sensor] omni.isaac.sensor.scripts.samples.contact_sensor has been deprecated in favor of isaacsim.sensors.physics.scripts.samples.contact_sensor. Please update your code accordingly.
2026-08-31T06:38:08Z [3,663ms] [Warning] [omni.isaac.sensor.scripts.samples.imu_sensor] omni.isaac.sensor.scripts.samples.imu_sensor has been deprecated in favor of isaacsim.sensors.physics.scripts.samples.imu_sensor. Please update your code accordingly.
2026-08-31T06:38:08Z [3,663ms] [Warning] [omni.isaac.sensor.scripts.samples.lightbeam_sensor] omni.isaac.sensor.scripts.samples.lightbeam_sensor has been deprecated in favor of isaacsim.sensors.physx.scripts.samples.lightbeam_sensor. Please update your code accordingly.
[3.673s] [ext: omni.kit.menu.create-2.0.1] startup
[3.674s] [ext: omni.kit.widget.toolbar-2.0.1] startup
[3.687s] [ext: omni.kit.manipulator.transform-107.0.0] startup
[3.690s] [ext: omni.isaac.core-4.0.7] startup
2026-08-31T06:38:08Z [3,681ms] [Warning] [omni.isaac.core.physics_context.physics_context] omni.isaac.core.physics_context.physics_context has been deprecated in favor of isaacsim.core.api.physics_context.physics_context. Please update your code accordingly.
2026-08-31T06:38:08Z [3,681ms] [Warning] [omni.isaac.core.simulation_context.simulation_context] omni.isaac.core.simulation_context.simulation_context has been deprecated in favor of isaacsim.core.api.simulation_context.simulation_context. Please update your code accordingly.
2026-08-31T06:38:08Z [3,681ms] [Warning] [omni.isaac.core.world.world] omni.isaac.core.world.world has been deprecated in favor of isaacsim.core.api.world.world. Please update your code accordingly.
2026-08-31T06:38:08Z [3,681ms] [Warning] [omni.isaac.core] omni.isaac.core has been deprecated in favor of isaacsim.core.api. Please update your code accordingly.
[3.691s] [ext: omni.kit.scripting-107.3.2] startup
[3.696s] [ext: omni.kit.manipulator.tool.snap-1.5.13] startup
[3.699s] [ext: omni.kit.manipulator.selector-1.1.3] startup
[3.701s] [ext: isaacsim.app.about-2.0.11] startup
[3.705s] [ext: isaacsim.replicator.behavior-1.1.16] startup
[3.706s] [ext: omni.kit.viewport.manipulator.transform-107.0.4] startup
[3.708s] [ext: omni.isaac.window.about-2.0.7] startup
2026-08-31T06:38:08Z [3,700ms] [Warning] [omni.isaac.window.about] omni.isaac.window.about has been deprecated in favor of isaacsim.app.about. Please update your code accordingly.
2026-08-31T06:38:08Z [3,700ms] [Warning] [omni.isaac.window.about.about] omni.isaac.window.about.about has been deprecated in favor of isaacsim.app.about.about. Please update your code accordingly.
[3.710s] [ext: omni.fabric.commands-1.1.6] startup
[3.712s] [ext: omni.kit.manipulator.prim.core-107.0.8] startup
[3.717s] [ext: omni.kit.property.audio-1.0.16] startup
[3.718s] [ext: omni.kit.property.camera-1.0.10] startup
[3.720s] [ext: omni.kit.property.geometry-2.0.4] startup
[3.724s] [ext: omni.hydra.scene_api-0.1.2] startup
[3.728s] [ext: omni.kit.property.light-1.0.12] startup
[3.771s] [ext: omni.kit.manipulator.prim.fabric-107.0.4] startup
[3.773s] [ext: omni.kit.manipulator.prim.usd-107.0.3] startup
[3.774s] [ext: omni.kit.property.material-1.11.9] startup
[3.778s] [ext: omni.kit.property.render-1.2.1] startup
[3.780s] [ext: omni.kit.property.transform-1.5.13] startup
[3.783s] [ext: isaacsim.gui.property-1.1.3] startup
[3.785s] [ext: omni.kit.manipulator.camera-106.0.4] startup
[3.788s] [ext: omni.kit.manipulator.prim-107.0.0] startup
[3.789s] [ext: omni.isaac.surface_gripper-2.0.6] startup
2026-08-31T06:38:08Z [3,779ms] [Warning] [omni.isaac.surface_gripper] omni.isaac.surface_gripper has been deprecated in favor of isaacsim.robot.surface_gripper. Please update your code accordingly.
[3.789s] [ext: omni.kit.manipulator.selection-106.0.1] startup
[3.792s] [ext: omni.kit.property.bundle-1.4.1] startup
[3.793s] [ext: omni.kit.property.isaac-1.0.6] startup
2026-08-31T06:38:08Z [3,786ms] [Warning] [omni.kit.property.isaac] omni.kit.property.isaac has been deprecated in favor of isaacsim.gui.property. Please update your code accordingly.
2026-08-31T06:38:08Z [3,786ms] [Warning] [omni.kit.property.isaac.widgets] omni.kit.property.isaac.widgets has been deprecated in favor of isaacsim.gui.property.widgets. Please update your code accordingly.
[3.796s] [ext: omni.isaac.universal_robots-1.0.6] startup
2026-08-31T06:38:08Z [3,787ms] [Warning] [omni.isaac.universal_robots] omni.isaac.universal_robots has been deprecated in favor of isaacsim.robot.manipulators.examples.universal_robots. Please update your code accordingly.
2026-08-31T06:38:08Z [3,787ms] [Warning] [omni.isaac.universal_robots.kinematics_solver] omni.isaac.franka has been deprecated in favor of isaacsim.robot.manipulators.examples.universal_robots. Please update your code accordingly.
2026-08-31T06:38:08Z [3,788ms] [Warning] [omni.isaac.universal_robots.ur10] omni.isaac.franka has been deprecated in favor of isaacsim.robot.manipulators.examples.universal_robots. Please update your code accordingly.
[3.798s] [ext: omni.isaac.core_nodes-2.0.6] startup
2026-08-31T06:38:08Z [3,791ms] [Warning] [omni.isaac.core_nodes] omni.isaac.core_nodes has been deprecated in favor of isaacsim.core.nodes. Please update your code accordingly.
[3.801s] [ext: omni.kit.viewport.menubar.camera-107.0.6] startup
[3.811s] [ext: omni.kit.viewport.menubar.lighting-107.3.1] startup
[3.814s] [ext: isaacsim.replicator.writers-1.0.17] startup
[3.825s] [ext: omni.kit.viewport.menubar.render-107.0.10] startup
[3.829s] [ext: omni.kit.viewport.menubar.settings-107.0.3] startup
[3.834s] [ext: omni.kit.window.console-1.1.4] startup
[3.837s] [ext: isaacsim.replicator.domain_randomization-1.0.16] startup
[3.841s] [ext: isaacsim.replicator.examples-1.3.6] startup
[3.845s] [ext: omni.ocio-0.1.1] startup
[3.849s] [ext: omni.rtx.window.settings-0.6.19] startup
[3.865s] [ext: omni.kit.window.status_bar-0.1.9] startup
[3.870s] [ext: omni.kit.window.toolbar-2.0.0] startup
[3.872s] [ext: omni.replicator.isaac-2.0.8] startup
2026-08-31T06:38:08Z [3,863ms] [Warning] [omni.replicator.isaac] omni.replicator.isaac has been deprecated in favor of isaacsim.replicator.domain_randomization, isaacsim.replicator.examples, isaacsim.replicator.writers. Please update your code accordingly.
[3.873s] [ext: omni.replicator.replicator_yaml-2.0.11] startup
[3.878s] [ext: omni.rtx.settings.core-0.6.5] startup
[3.882s] [ext: omni.usd.metrics.assembler.ui-107.3.1] startup
[3.892s] [ext: omni.isaac.utils-2.0.6] startup
[3.893s] [ext: semantics.schema.editor-2.0.2] startup
[3.897s] [ext: omni.kit.ui.actions-1.0.5] startup
[3.898s] [ext: semantics.schema.property-2.0.1] startup
[3.900s] [ext: omni.isaac.version-2.0.7] startup
2026-08-31T06:38:08Z [3,891ms] [Warning] [omni.isaac.version] omni.isaac.version has been deprecated in favor of isaacsim.core.version. Please update your code accordingly.
[3.901s] [ext: omni.isaac.cortex-1.0.5] startup
[3.902s] [ext: omni.anim.curve.core-1.3.1] startup
[3.910s] [ext: isaacsim.core.throttling-2.2.2] startup
[3.912s] [ext: omni.kit.menu.common-2.0.1] startup
[3.914s] [ext: isaacsim.exp.base-5.1.0] startup
[3.915s] [ext: isaacsim.exp.base.python-5.1.0] startup
[3.916s] Simulation App Starting
2026-08-31T06:38:09Z [4,346ms] [Warning] [omni.fabric.plugin] Warning: attribute viewportHandle not found for bucket id 9

[4.439s] app ready
[6.557s] Simulation App Startup Complete
[temporal-isaac] building USD scene
[temporal-isaac] applying Year0
[temporal-isaac] rendering Year0 pose 0
2026-08-31T06:38:11Z [7,237ms] [Warning] [rtx.postprocessing.plugin] DLSS increasing input dimensions: Render resolution of (256, 256) is below minimal input resolution of 300.
2026-08-31T06:38:12Z [7,294ms] [Warning] [omni.syntheticdata.plugin] OgnSdPostRenderVarToHost : rendervar copy from texture directly to host buffer is counter-performant. Please use copy from texture to device buffer first.
[temporal-isaac] rendering Year0 pose 1
2026-08-31T06:38:12Z [7,713ms] [Warning] [carb] Plugin interface for a client: omni.hydratexture.plugin was already released.
[temporal-isaac] rendering Year0 pose 2
[temporal-isaac] rendering Year0 pose 3
[temporal-isaac] rendering Year0 pose 4
[temporal-isaac] rendering Year0 pose 5
[temporal-isaac] rendering Year0 pose 6
[temporal-isaac] rendering Year0 pose 7
[temporal-isaac] rendering Year0 pose 8
[temporal-isaac] rendering Year0 pose 9
[temporal-isaac] rendering Year0 pose 10
[temporal-isaac] rendering Year0 pose 11
[temporal-isaac] rendering Year0 pose 12
[temporal-isaac] rendering Year0 pose 13
[temporal-isaac] rendering Year0 pose 14
[temporal-isaac] rendering Year0 pose 15
[temporal-isaac] rendering Year0 pose 16
[temporal-isaac] rendering Year0 pose 17
[temporal-isaac] rendering Year0 pose 18
[temporal-isaac] rendering Year0 pose 19
[temporal-isaac] rendering Year0 pose 20
[temporal-isaac] rendering Year0 pose 21
[temporal-isaac] rendering Year0 pose 22
[temporal-isaac] rendering Year0 pose 23
[temporal-isaac] rendering Year0 pose 24
[temporal-isaac] rendering Year0 pose 25
[temporal-isaac] rendering Year0 pose 26
[temporal-isaac] rendering Year0 pose 27
[temporal-isaac] rendering Year0 pose 28
[temporal-isaac] rendering Year0 pose 29
[temporal-isaac] rendering Year0 pose 30
[temporal-isaac] rendering Year0 pose 31
[temporal-isaac] applying Year2
[temporal-isaac] rendering Year2 pose 0
2026-08-31T06:38:15Z [11,066ms] [Warning] [omni.fabric.plugin] Warning: attribute primvars:displayColor:indices not found for path /World/Environment/Roads/Main/Marking_21

[temporal-isaac] rendering Year2 pose 1
[temporal-isaac] rendering Year2 pose 2
[temporal-isaac] rendering Year2 pose 3
[temporal-isaac] rendering Year2 pose 4
[temporal-isaac] rendering Year2 pose 5
[temporal-isaac] rendering Year2 pose 6
[temporal-isaac] rendering Year2 pose 7
[temporal-isaac] rendering Year2 pose 8
[temporal-isaac] rendering Year2 pose 9
[temporal-isaac] rendering Year2 pose 10
[temporal-isaac] rendering Year2 pose 11
[temporal-isaac] rendering Year2 pose 12
[temporal-isaac] rendering Year2 pose 13
[temporal-isaac] rendering Year2 pose 14
[temporal-isaac] rendering Year2 pose 15
[temporal-isaac] rendering Year2 pose 16
[temporal-isaac] rendering Year2 pose 17
[temporal-isaac] rendering Year2 pose 18
[temporal-isaac] rendering Year2 pose 19
[temporal-isaac] rendering Year2 pose 20
[temporal-isaac] rendering Year2 pose 21
[temporal-isaac] rendering Year2 pose 22
[temporal-isaac] rendering Year2 pose 23
[temporal-isaac] rendering Year2 pose 24
[temporal-isaac] rendering Year2 pose 25
[temporal-isaac] rendering Year2 pose 26
[temporal-isaac] rendering Year2 pose 27
[temporal-isaac] rendering Year2 pose 28
[temporal-isaac] rendering Year2 pose 29
[temporal-isaac] rendering Year2 pose 30
[temporal-isaac] rendering Year2 pose 31
[temporal-isaac] applying Year5
[temporal-isaac] rendering Year5 pose 0
[temporal-isaac] rendering Year5 pose 1
[temporal-isaac] rendering Year5 pose 2
[temporal-isaac] rendering Year5 pose 3
[temporal-isaac] rendering Year5 pose 4
[temporal-isaac] rendering Year5 pose 5
[temporal-isaac] rendering Year5 pose 6
[temporal-isaac] rendering Year5 pose 7
[temporal-isaac] rendering Year5 pose 8
[temporal-isaac] rendering Year5 pose 9
[temporal-isaac] rendering Year5 pose 10
[temporal-isaac] rendering Year5 pose 11
[temporal-isaac] rendering Year5 pose 12
[temporal-isaac] rendering Year5 pose 13
[temporal-isaac] rendering Year5 pose 14
[temporal-isaac] rendering Year5 pose 15
[temporal-isaac] rendering Year5 pose 16
[temporal-isaac] rendering Year5 pose 17
[temporal-isaac] rendering Year5 pose 18
[temporal-isaac] rendering Year5 pose 19
[temporal-isaac] rendering Year5 pose 20
[temporal-isaac] rendering Year5 pose 21
[temporal-isaac] rendering Year5 pose 22
[temporal-isaac] rendering Year5 pose 23
[temporal-isaac] rendering Year5 pose 24
[temporal-isaac] rendering Year5 pose 25
[temporal-isaac] rendering Year5 pose 26
[temporal-isaac] rendering Year5 pose 27
[temporal-isaac] rendering Year5 pose 28
[temporal-isaac] rendering Year5 pose 29
[temporal-isaac] rendering Year5 pose 30
[temporal-isaac] rendering Year5 pose 31
[temporal-isaac] applying Year10
[temporal-isaac] rendering Year10 pose 0
[temporal-isaac] rendering Year10 pose 1
[temporal-isaac] rendering Year10 pose 2
[temporal-isaac] rendering Year10 pose 3
[temporal-isaac] rendering Year10 pose 4
[temporal-isaac] rendering Year10 pose 5
[temporal-isaac] rendering Year10 pose 6
[temporal-isaac] rendering Year10 pose 7
[temporal-isaac] rendering Year10 pose 8
[temporal-isaac] rendering Year10 pose 9
[temporal-isaac] rendering Year10 pose 10
[temporal-isaac] rendering Year10 pose 11
[temporal-isaac] rendering Year10 pose 12
[temporal-isaac] rendering Year10 pose 13
[temporal-isaac] rendering Year10 pose 14
[temporal-isaac] rendering Year10 pose 15
[temporal-isaac] rendering Year10 pose 16
[temporal-isaac] rendering Year10 pose 17
[temporal-isaac] rendering Year10 pose 18
[temporal-isaac] rendering Year10 pose 19
[temporal-isaac] rendering Year10 pose 20
[temporal-isaac] rendering Year10 pose 21
[temporal-isaac] rendering Year10 pose 22
[temporal-isaac] rendering Year10 pose 23
[temporal-isaac] rendering Year10 pose 24
[temporal-isaac] rendering Year10 pose 25
[temporal-isaac] rendering Year10 pose 26
[temporal-isaac] rendering Year10 pose 27
[temporal-isaac] rendering Year10 pose 28
[temporal-isaac] rendering Year10 pose 29
[temporal-isaac] rendering Year10 pose 30
[temporal-isaac] rendering Year10 pose 31
[temporal-isaac] applying CaseAppearance
[temporal-isaac] rendering CaseAppearance pose 0
[temporal-isaac] rendering CaseAppearance pose 1
[temporal-isaac] rendering CaseAppearance pose 2
[temporal-isaac] rendering CaseAppearance pose 3
[temporal-isaac] rendering CaseAppearance pose 4
[temporal-isaac] rendering CaseAppearance pose 5
[temporal-isaac] rendering CaseAppearance pose 6
[temporal-isaac] rendering CaseAppearance pose 7
[temporal-isaac] rendering CaseAppearance pose 8
[temporal-isaac] rendering CaseAppearance pose 9
[temporal-isaac] rendering CaseAppearance pose 10
[temporal-isaac] rendering CaseAppearance pose 11
[temporal-isaac] rendering CaseAppearance pose 12
[temporal-isaac] rendering CaseAppearance pose 13
[temporal-isaac] rendering CaseAppearance pose 14
[temporal-isaac] rendering CaseAppearance pose 15
[temporal-isaac] rendering CaseAppearance pose 16
[temporal-isaac] rendering CaseAppearance pose 17
[temporal-isaac] rendering CaseAppearance pose 18
[temporal-isaac] rendering CaseAppearance pose 19
[temporal-isaac] rendering CaseAppearance pose 20
[temporal-isaac] rendering CaseAppearance pose 21
[temporal-isaac] rendering CaseAppearance pose 22
[temporal-isaac] rendering CaseAppearance pose 23
[temporal-isaac] rendering CaseAppearance pose 24
[temporal-isaac] rendering CaseAppearance pose 25
[temporal-isaac] rendering CaseAppearance pose 26
[temporal-isaac] rendering CaseAppearance pose 27
[temporal-isaac] rendering CaseAppearance pose 28
[temporal-isaac] rendering CaseAppearance pose 29
[temporal-isaac] rendering CaseAppearance pose 30
[temporal-isaac] rendering CaseAppearance pose 31
[temporal-isaac] applying CaseStructural
[temporal-isaac] rendering CaseStructural pose 0
[temporal-isaac] rendering CaseStructural pose 1
[temporal-isaac] rendering CaseStructural pose 2
[temporal-isaac] rendering CaseStructural pose 3
[temporal-isaac] rendering CaseStructural pose 4
[temporal-isaac] rendering CaseStructural pose 5
[temporal-isaac] rendering CaseStructural pose 6
[temporal-isaac] rendering CaseStructural pose 7
[temporal-isaac] rendering CaseStructural pose 8
[temporal-isaac] rendering CaseStructural pose 9
[temporal-isaac] rendering CaseStructural pose 10
[temporal-isaac] rendering CaseStructural pose 11
[temporal-isaac] rendering CaseStructural pose 12
[temporal-isaac] rendering CaseStructural pose 13
[temporal-isaac] rendering CaseStructural pose 14
[temporal-isaac] rendering CaseStructural pose 15
[temporal-isaac] rendering CaseStructural pose 16
[temporal-isaac] rendering CaseStructural pose 17
[temporal-isaac] rendering CaseStructural pose 18
[temporal-isaac] rendering CaseStructural pose 19
[temporal-isaac] rendering CaseStructural pose 20
[temporal-isaac] rendering CaseStructural pose 21
[temporal-isaac] rendering CaseStructural pose 22
[temporal-isaac] rendering CaseStructural pose 23
[temporal-isaac] rendering CaseStructural pose 24
[temporal-isaac] rendering CaseStructural pose 25
[temporal-isaac] rendering CaseStructural pose 26
[temporal-isaac] rendering CaseStructural pose 27
[temporal-isaac] rendering CaseStructural pose 28
[temporal-isaac] rendering CaseStructural pose 29
[temporal-isaac] rendering CaseStructural pose 30
[temporal-isaac] rendering CaseStructural pose 31
[temporal-isaac] wrote /home/j/SynologyDrive/junsuk/학술대회/CICS2026/codes/isaac_ros/results/temporal/run_20260831_153752
[temporal-isaac] validation GUI ready; close Isaac Sim to exit
[14781.027s] Simulation App Shutting Down
