[Info] [carb] Logging to file: /home/j/env_isaaclab/lib/python3.11/site-packages/isaacsim/kit/logs/Kit/Isaac-Sim Python/5.1/kit_20260831_153640.log
[0.061s] [ext: omni.kit.async_engine-0.0.3] startup
[0.153s] [ext: omni.metrics.core-0.0.3] startup
[0.153s] [ext: omni.client.lib-1.1.0] startup
[0.166s] [ext: omni.blobkey-1.1.2] startup
[0.166s] [ext: omni.stats-1.0.1] startup
[0.167s] [ext: omni.datastore-0.0.0] startup
[0.173s] [ext: omni.client-1.3.0] startup
[0.178s] [ext: omni.ujitso.default-1.0.0] startup
[0.179s] [ext: omni.hsscclient-1.1.2] startup
[0.183s] [ext: omni.gpu_foundation.shadercache.vulkan-1.0.0] startup
[0.185s] [ext: omni.assets.plugins-0.0.0] startup
[0.186s] [ext: omni.gpu_foundation-0.0.0] startup
[0.193s] [ext: carb.windowing.plugins-1.0.0] startup
[0.200s] [ext: omni.kit.renderer.init-0.0.0] startup
2026-08-31T06:36:40Z [458ms] [Warning] [gpu.foundation.plugin] Skipping unsupported non-NVIDIA GPU: Intel(R) Graphics (RPL-S)
2026-08-31T06:36:40Z [459ms] [Warning] [gpu.foundation.plugin] Skipping unsupported non-NVIDIA GPU: Intel(R) Graphics (RPL-S)

|---------------------------------------------------------------------------------------------|
| Driver Version: 570.172.08    | Graphics API: Vulkan
|=============================================================================================|
| GPU | Name                             | Active | LDA | GPU Memory | Vendor-ID | LUID       |
|     |                                  |        |     |            | Device-ID | UUID       |
|     |                                  |        |     |            | Bus-ID    |            |
|---------------------------------------------------------------------------------------------|
| 0   | NVIDIA GeForce RTX 4060 Laptop.. | Yes: 0 |     | 8188    MB | 10de      | 0          |
|     |                                  |        |     |            | 28e0      | 182d21ed.. |
|     |                                  |        |     |            | 1         |            |
|---------------------------------------------------------------------------------------------|
| 1   | Intel(R) Graphics (RPL-S)        |        |     | 23832   MB | 8086      | 0          |
|     |                                  |        |     |            | a78b      | 86808ba7.. |
|     |                                  |        |     |            | 0         |            |
|=============================================================================================|
| OS: 22.04.5 LTS (Jammy Jellyfish) ubuntu, Version: 22.04.5, Kernel: 6.1.0-1013-oem
| XServer Vendor: The X.Org Foundation, XServer Version: 12101004 (1.21.1.4)
| Processor: 13th Gen Intel(R) Core(TM) i7-13650HX
| Bare Metal Cores: 14 | Bare Metal Logical Cores: 28
| Available Cores:  20 
|---------------------------------------------------------------------------------------------|
| Total Memory (MB): 31776 | Free Memory: 25701
| Total Page/Swap (MB): 2047 | Free Page/Swap: 2043
|---------------------------------------------------------------------------------------------|
2026-08-31T06:36:41Z [722ms] [Warning] [gpu.foundation.plugin] CPU performance profile is set to powersave. This profile sets the CPU to the lowest frequency reducing performance.
[0.906s] [ext: omni.materialx.libs-1.0.7] startup
[0.913s] [ext: omni.kit.telemetry-0.5.2] startup
[0.929s] [ext: omni.usd.config-1.0.6] startup
[0.933s] [ext: omni.gpucompute.plugins-0.0.0] startup
[0.934s] [ext: omni.usd.libs-1.0.1] startup
[1.025s] [ext: omni.kit.loop-isaac-1.3.7] startup
[1.026s] [ext: omni.kit.test-2.0.1] startup
[1.074s] [ext: omni.mdl-56.0.3] startup
[1.093s] [ext: omni.iray.libs-0.0.0] startup
[1.098s] [ext: omni.mdl.neuraylib-0.2.12] startup
[1.100s] [ext: omni.kit.usd.mdl-1.1.5] startup
[1.198s] [ext: omni.kit.pipapi-0.0.0] startup
[1.199s] [ext: omni.appwindow-1.1.10] startup
[1.202s] [ext: omni.kit.renderer.core-1.1.0] startup
[1.226s] [ext: omni.kit.renderer.capture-0.0.0] startup
[1.228s] [ext: omni.kit.renderer.imgui-2.0.5] startup
[1.299s] [ext: omni.ui-2.27.1] startup
[1.309s] [ext: omni.kit.mainwindow-1.0.3] startup
[1.310s] [ext: carb.audio-0.1.0] startup
[1.313s] [ext: omni.uiaudio-1.0.0] startup
[1.314s] [ext: omni.kit.uiapp-0.0.0] startup
[1.314s] [ext: omni.usd.schema.metrics.assembler-107.3.1] startup
[1.317s] [ext: omni.usd.schema.physx-107.3.26] startup
[1.351s] [ext: omni.usd.schema.geospatial-0.0.0] startup
[1.354s] [ext: omni.usd.schema.audio-0.0.0] startup
[1.357s] [ext: omni.usd.schema.anim-0.0.0] startup
[1.378s] [ext: omni.usd.schema.flow-107.1.1] startup
[1.378s] [ext: omni.usd_resolver-1.0.0] startup
[1.382s] [ext: omni.usd.core-1.5.3] startup
[1.385s] [ext: omni.usd.schema.omni_sensors-0.0.0] startup
[1.406s] [ext: omni.usd.schema.semantics-0.0.0] startup
[1.409s] [ext: omni.usd.schema.omniscripting-1.0.0] startup
[1.413s] [ext: omni.usd.schema.omni_lens_distortion-0.0.0] startup
[1.414s] [ext: omni.usd.schema.omnigraph-1.0.0] startup
[1.419s] [ext: omni.kit.window.popup_dialog-2.0.24] startup
[1.423s] [ext: omni.graph.exec-0.9.6] startup
[1.423s] [ext: omni.kit.widget.nucleus_connector-2.0.1] startup
[1.426s] [ext: omni.kit.usd_undo-0.1.8] startup
[1.427s] [ext: omni.kit.exec.core-0.13.4] startup
[1.428s] [ext: omni.kit.actions.core-1.0.0] startup
[1.430s] [ext: omni.resourcemonitor-107.0.1] startup
[1.432s] [ext: omni.activity.core-1.0.3] startup
[1.433s] [ext: omni.timeline-1.0.14] startup
[1.435s] [ext: omni.kit.commands-1.4.10] startup
[1.438s] [ext: usdrt.scenegraph-7.6.1] startup
[1.474s] [ext: omni.kit.audiodeviceenum-1.0.2] startup
[1.476s] [ext: omni.hydra.usdrt_delegate-7.5.1] startup
[1.482s] [ext: omni.hydra.scene_delegate-0.3.4] startup
[1.487s] [ext: omni.usd-1.13.10] startup
[1.509s] [ext: omni.inspect-1.0.2] startup
[1.510s] [ext: omni.kit.notification_manager-1.0.10] startup
[1.512s] [ext: omni.graph.core-2.184.5] startup
[1.515s] [ext: isaacsim.core.deprecation_manager-0.2.7] startup
[1.515s] [ext: omni.anim.graph.schema-107.3.3] startup
[1.522s] [ext: omni.usd.schema.isaac-3.0.5] startup
[1.522s] [ext: omni.anim.navigation.schema-107.3.3] startup
[1.525s] [ext: omni.kit.asset_converter-5.0.17] startup
[1.536s] [ext: isaacsim.robot.schema-3.6.0] startup
[1.544s] [ext: omni.usd.schema.render_settings.rtx-0.0.0] startup
[1.545s] [ext: omni.kit.menu.core-1.1.2] startup
[1.546s] [ext: omni.kit.widget.path_field-2.0.11] startup
[1.546s] [ext: omni.kit.widget.context_menu-1.2.5] startup
[1.547s] [ext: omni.kit.widget.browser_bar-2.0.10] startup
[1.548s] [ext: omni.kit.clipboard-1.0.5] startup
[1.549s] [ext: omni.kit.numpy.common-0.1.3] startup
[1.550s] [ext: omni.kit.widget.options_menu-1.1.6] startup
[1.553s] [ext: omni.kit.helper.file_utils-0.1.9] startup
[1.554s] [ext: omni.ui.scene-1.11.5] startup
[1.559s] [ext: omni.kit.widget.options_button-1.0.3] startup
[1.560s] [ext: omni.kit.widget.filebrowser-2.12.3] startup
[1.564s] [ext: omni.kit.usd.layers-2.2.11] startup
[1.573s] [ext: omni.kit.window.filepicker-2.13.4] startup
[1.583s] [ext: omni.kit.hotkeys.core-1.3.10] startup
[1.587s] [ext: omni.kit.context_menu-1.8.6] startup
[1.589s] [ext: omni.kit.property.adapter.core-1.0.2] startup
[1.591s] [ext: omni.kit.window.file_exporter-1.0.33] startup
[1.593s] [ext: omni.kit.widget.searchfield-1.1.8] startup
[1.594s] [ext: omni.kit.widget.filter-1.1.4] startup
[1.595s] [ext: omni.kit.widget.graph-2.0.0] startup
[1.600s] [ext: omni.kit.widget.stage-3.1.4] startup
[1.611s] [ext: omni.kit.property.adapter.usd-1.0.2] startup
[1.611s] [ext: omni.kit.property.adapter.fabric-1.0.3] startup
[1.612s] [ext: omni.kit.graph.delegate.default-1.2.3] startup
[1.613s] [ext: omni.kit.window.file_importer-1.1.18] startup
[1.614s] [ext: omni.kit.stage_template.core-1.1.22] startup
[1.614s] [ext: omni.kit.menu.utils-2.0.5] startup
[1.619s] [ext: omni.kit.window.file-2.0.5] startup
[1.621s] [ext: omni.kit.widget.highlight_label-1.0.3] startup
[1.622s] [ext: omni.kit.window.drop_support-1.0.5] startup
[1.622s] [ext: omni.kit.window.content_browser_registry-0.0.6] startup
[1.623s] [ext: omni.kit.window.property-1.12.1] startup
[1.625s] [ext: omni.kit.window.content_browser-3.1.3] startup
[1.636s] [ext: isaacsim.core.version-2.0.6] startup
[1.637s] [ext: omni.kit.property.usd-4.5.12] startup
[1.647s] [ext: omni.kit.graph.editor.core-1.5.3] startup
[1.649s] [ext: omni.kit.material.library-2.0.7] startup
[1.653s] [ext: omni.kit.graph.usd.commands-1.3.1] startup
[1.654s] [ext: omni.kvdb-107.3.26] startup
[1.655s] [ext: omni.usdphysics-107.3.26] startup
[1.658s] [ext: omni.physx.foundation-107.3.26] startup
[1.659s] [ext: omni.localcache-107.3.26] startup
[1.661s] [ext: omni.convexdecomposition-107.3.26] startup
[1.664s] [ext: omni.physics-107.3.26] startup
[1.667s] [ext: omni.physx.cooking-107.3.26] startup
[1.670s] [ext: omni.physics.stageupdate-107.3.26] startup
[1.672s] [ext: omni.physx-107.3.26] startup
[1.682s] [ext: omni.index.libs-380600.8087.0] startup
[1.682s] [ext: omni.physics.physx-107.3.26] startup
2026-08-31T06:36:42Z [1,670ms] [Warning] [carb] Acquiring non optional plugin interface which is not listed as dependency: [omni::physx::IPhysxBenchmarks v1.0] (plugin: <default plugin>), by client: omni.physics.physx.plugin. Add it to CARB_PLUGIN_IMPL_DEPS() macro of a client.
[1.683s] [ext: omni.index-1.0.1] startup
[1.684s] [ext: omni.volume-0.5.2] startup
[1.687s] [ext: omni.ujitso.client-0.0.0] startup
[1.687s] [ext: omni.hydra.rtx.shadercache.vulkan-1.0.0] startup
[1.688s] [ext: omni.kit.widget.searchable_combobox-1.0.6] startup
[1.689s] [ext: omni.hydra.rtx-1.0.0] startup
2026-08-31T06:36:42Z [1,695ms] [Warning] [omni.log] Source: omni.hydra was already registered.
[1.724s] [ext: omni.kit.widget.settings-1.2.6] startup
[1.726s] [ext: omni.kit.hydra_texture-1.4.6] startup
[1.730s] [ext: omni.graph.tools-1.79.2] startup
[1.753s] [ext: omni.kit.window.preferences-1.8.0] startup
[1.758s] [ext: omni.kit.widget.material_preview-1.0.16] startup
[1.759s] [ext: omni.graph-1.141.2] startup
[1.800s] [ext: omni.kit.window.material_graph-1.9.1] startup
[1.808s] [ext: omni.isaac.dynamic_control-2.0.7] startup
2026-08-31T06:36:42Z [1,801ms] [Warning] [omni.isaac.dynamic_control] omni.isaac.dynamic_control is deprecated as of Isaac Sim 4.5. No action is needed from end-users.
[1.814s] [ext: isaacsim.storage.native-1.5.1] startup
[1.817s] [ext: omni.graph.scriptnode-1.50.0] startup
[1.819s] [ext: omni.hydra.engine.stats-1.0.3] startup
[1.823s] [ext: omni.kit.viewport.legacy_gizmos-1.0.19] startup
[1.826s] [ext: omni.kit.raycast.query-1.1.0] startup
[1.832s] [ext: omni.graph.action_core-1.1.7] startup
[1.836s] [ext: omni.kit.viewport.scene_camera_model-1.0.6] startup
[1.843s] [ext: omni.graph.image.core-0.6.1] startup
[1.844s] [ext: omni.kit.widget.viewport-107.1.3] startup
[1.848s] [ext: omni.kit.viewport.registry-104.0.6] startup
[1.849s] [ext: omni.usd.metrics.assembler-107.3.1] startup
[1.853s] [ext: omni.kit.viewport.window-107.2.0] startup
[1.871s] [ext: omni.kit.viewport.menubar.core-107.2.1] startup
[1.884s] [ext: omni.graph.image.nodes-1.3.1] startup
[1.885s] [ext: omni.usd.metrics.assembler.physics-107.3.26] startup
[1.887s] [ext: omni.warp.core-1.8.2] startup
[2.069s] [ext: omni.kit.viewport.utility-1.1.2] startup
[2.070s] [ext: omni.physics.tensors-107.3.26] startup
[2.077s] [ext: omni.syntheticdata-0.6.13] startup
[2.091s] [ext: isaacsim.test.docstring-1.1.0] startup
[2.098s] [ext: isaacsim.core.utils-3.5.1] startup
[2.104s] [ext: omni.physx.tensors-107.3.26] startup
[2.109s] [ext: omni.graph.nodes-1.170.10] startup
[2.121s] [ext: omni.graph.action_nodes-1.50.4] startup
[2.125s] [ext: omni.kit.primitive.mesh-1.0.17] startup
[2.134s] [ext: isaacsim.core.simulation_manager-1.4.4] startup
[3.488s] [ext: omni.graph.ui_nodes-1.50.5] startup
[3.492s] [ext: omni.graph.action-1.130.0] startup
[3.495s] [ext: omni.kit.stage_templates-2.0.0] startup
[3.499s] [ext: isaacsim.core.prims-0.6.1] startup
[3.526s] [ext: omni.warp-1.8.2] startup
[3.533s] [ext: omni.videoencoding-0.1.2] startup
[3.538s] [ext: isaacsim.core.api-4.8.0] startup
[3.566s] [ext: isaacsim.core.experimental.utils-0.3.0] startup
[3.581s] [ext: omni.replicator.core-1.12.27] startup
2026-08-31T06:36:44Z [3,617ms] [Warning] [pxr.Semantics] pxr.Semantics is deprecated - please use Semantics instead
2026-08-31T06:36:44Z [3,712ms] [Warning] [omni.graph.core.plugin] Found duplicate of category 'Replicator' - was 'Annotators', adding 'Fabric Reader'
2026-08-31T06:36:44Z [3,712ms] [Warning] [omni.graph.core.plugin] Category 'Replicator' not accepted on node type 'omni.replicator.core.FabricReader' in extension 'omni.replicator.core'
2026-08-31T06:36:44Z [3,713ms] [Warning] [omni.replicator.core.scripts.extension] No material configuration file, adding configuration to material settings directly.
[3.729s] [ext: isaacsim.core.experimental.prims-0.8.1] startup
[3.781s] [ext: omni.kit.window.extensions-1.4.27] startup
[3.791s] [ext: isaacsim.core.experimental.objects-0.4.0] startup
[3.798s] [ext: omni.ui_query-1.1.8] startup
[3.802s] [ext: omni.kit.manipulator.viewport-107.0.1] startup
[3.804s] [ext: isaacsim.robot.surface_gripper-3.3.1] startup
[3.808s] [ext: omni.kit.ui_test-1.3.7] startup
[3.817s] [ext: omni.graph.visualization.nodes-2.1.3] startup
[3.901s] [ext: isaacsim.robot_motion.lula-4.0.8] startup
[3.917s] [ext: isaacsim.core.nodes-3.4.3] startup
[3.946s] [ext: isaacsim.gui.components-1.2.1] startup
[4.039s] [ext: isaacsim.robot_motion.motion_generation-8.0.26] startup
[4.195s] [ext: isaacsim.robot.manipulators-3.3.6] startup
[4.389s] [ext: isaacsim.core.experimental.materials-0.4.0] startup
[4.416s] [ext: isaacsim.robot.manipulators.examples-1.1.2] startup
[4.423s] [ext: isaacsim.cortex.framework-1.0.12] startup
[4.431s] [ext: isaacsim.cortex.behaviors-2.0.14] startup
[4.434s] [ext: omni.isaac.cortex.sample_behaviors-2.0.5] startup
2026-08-31T06:36:44Z [4,429ms] [Warning] [omni.isaac.cortex] omni.isaac.cortex has been deprecated in favor of isaacsim.cortex.framework. Please update your code accordingly.
2026-08-31T06:36:44Z [4,431ms] [Warning] [omni.isaac.cortex.sample_behaviors] omni.isaac.cortex.sample_behaviors has been deprecated in favor of isaacsim.cortex.behaviors. Please update your code accordingly.
[4.444s] [ext: omni.kit.widget.zoombar-1.0.6] startup
[4.455s] [ext: isaacsim.gui.content_browser-0.1.11] startup
[4.462s] [ext: omni.kit.browser.core-2.3.13] startup
[4.480s] [ext: omni.kit.widget.stage_icons-1.0.8] startup
[4.484s] [ext: omni.kit.widget.prompt-1.0.7] startup
[4.488s] [ext: omni.kit.usd.collect-2.4.5] startup
[4.494s] [ext: omni.kit.browser.folder.core-1.10.9] startup
[4.509s] [ext: omni.kit.window.stage-2.6.1] startup
[4.523s] [ext: omni.kit.usdz_export-1.0.9] startup
[4.527s] [ext: omni.kit.tool.collect-2.2.18] startup
[4.535s] [ext: omni.kit.menu.stage-1.2.7] startup
[4.539s] [ext: omni.kit.tool.asset_importer-4.3.2] startup
[4.560s] [ext: isaacsim.robot.wheeled_robots-4.0.24] startup
[4.574s] [ext: isaacsim.examples.browser-0.2.1] startup
[4.587s] [ext: isaacsim.asset.importer.urdf-2.4.30] startup
[4.665s] [ext: omni.isaac.wheeled_robots-3.0.7] startup
2026-08-31T06:36:45Z [4,652ms] [Warning] [omni.isaac.wheeled_robots] omni.isaac.wheeled_robots has been deprecated in favor of isaacsim.robot.wheeled_robots. Please update your code accordingly.
2026-08-31T06:36:45Z [4,652ms] [Warning] [omni.isaac.wheeled_robots.controllers] omni.isaac.wheeled_robots has been deprecated in favor of isaacsim.robot.wheeled_robots. Please update your code accordingly.
2026-08-31T06:36:45Z [4,652ms] [Warning] [omni.isaac.wheeled_robots.controllers.ackermann_controller] omni.isaac.wheeled_robots has been deprecated in favor of isaacsim.robot.wheeled_robots. Please update your code accordingly.
2026-08-31T06:36:45Z [4,653ms] [Warning] [omni.isaac.wheeled_robots.controllers.differential_controller] omni.isaac.wheeled_robots has been deprecated in favor of isaacsim.robot.wheeled_robots. Please update your code accordingly.
2026-08-31T06:36:45Z [4,653ms] [Warning] [omni.isaac.wheeled_robots.controllers.holonomic_controller] omni.isaac.wheeled_robots has been deprecated in favor of isaacsim.robot.wheeled_robots. Please update your code accordingly.
2026-08-31T06:36:45Z [4,653ms] [Warning] [omni.isaac.wheeled_robots.controllers.quintic_path_planner] omni.isaac.wheeled_robots has been deprecated in favor of isaacsim.robot.wheeled_robots. Please update your code accordingly.
2026-08-31T06:36:45Z [4,655ms] [Warning] [omni.isaac.wheeled_robots.controllers.stanley_control] omni.isaac.wheeled_robots has been deprecated in favor of isaacsim.robot.wheeled_robots. Please update your code accordingly.
2026-08-31T06:36:45Z [4,656ms] [Warning] [omni.isaac.wheeled_robots.controllers.wheel_base_pose_controller] omni.isaac.wheeled_robots has been deprecated in favor of isaacsim.robot.wheeled_robots. Please update your code accordingly.
2026-08-31T06:36:45Z [4,656ms] [Warning] [omni.isaac.wheeled_robots.impl] omni.isaac.wheeled_robots has been deprecated in favor of isaacsim.robot.wheeled_robots. Please update your code accordingly.
2026-08-31T06:36:45Z [4,656ms] [Warning] [omni.isaac.wheeled_robots.robots] omni.isaac.wheeled_robots has been deprecated in favor of isaacsim.robot.wheeled_robots. Please update your code accordingly.
2026-08-31T06:36:45Z [4,656ms] [Warning] [omni.isaac.wheeled_robots.robots.holonomic_robot_usd_setup] omni.isaac.wheeled_robots has been deprecated in favor of isaacsim.robot.wheeled_robots. Please update your code accordingly.
2026-08-31T06:36:45Z [4,656ms] [Warning] [omni.isaac.wheeled_robots.robots.wheeled_robot] omni.isaac.wheeled_robots has been deprecated in favor of isaacsim.robot.wheeled_robots. Please update your code accordingly.
[4.672s] [ext: isaacsim.simulation_app-2.12.2] startup
[4.679s] [ext: omni.isaac.franka-1.0.7] startup
2026-08-31T06:36:45Z [4,667ms] [Warning] [omni.isaac.franka] omni.isaac.franka has been deprecated in favor of isaacsim.robot.manipulators.examples.franka. Please update your code accordingly.
2026-08-31T06:36:45Z [4,667ms] [Warning] [omni.isaac.franka.franka] omni.isaac.franka has been deprecated in favor of isaacsim.robot.manipulators.examples.franka. Please update your code accordingly.
2026-08-31T06:36:45Z [4,688ms] [Warning] [omni.isaac.franka.kinematics_solver] omni.isaac.franka has been deprecated in favor of isaacsim.robot.manipulators.examples.franka. Please update your code accordingly.
[4.700s] [ext: omni.isaac.kit-2.0.6] startup
2026-08-31T06:36:45Z [4,692ms] [Warning] [omni.isaac.kit] omni.isaac.kit has been deprecated in favor of isaacsim.simulation_app. Please update your code accordingly.
[4.705s] [ext: omni.kit.selection-0.1.6] startup
[4.707s] [ext: omni.isaac.lula-4.0.6] startup
2026-08-31T06:36:45Z [4,695ms] [Warning] [omni.isaac.lula] omni.isaac.lula has been deprecated in favor of isaacsim.robot_motion.lula. Please update your code accordingly.
[4.708s] [ext: isaacsim.robot_motion.lula_test_widget-1.0.12] startup
[4.711s] [ext: isaacsim.asset.browser-1.3.23] startup
[4.761s] [ext: omni.kit.viewport.actions-107.0.2] startup
[4.768s] [ext: isaacsim.gui.menu-2.4.4] startup
[4.774s] [ext: omni.isaac.manipulators-3.0.7] startup
2026-08-31T06:36:45Z [4,764ms] [Warning] [omni.isaac.manipulators] omni.isaac.manipulators has been deprecated in favor of isaacsim.robot.manipulators. Please update your code accordingly.
2026-08-31T06:36:45Z [4,764ms] [Warning] [omni.isaac.manipulators.controllers] omni.isaac.manipulators has been deprecated in favor of isaacsim.robot.manipulators. Please update your code accordingly.
2026-08-31T06:36:45Z [4,764ms] [Warning] [omni.isaac.manipulators.controllers.pick_place_controller] omni.isaac.manipulators has been deprecated in favor of isaacsim.robot.manipulators. Please update your code accordingly.
2026-08-31T06:36:45Z [4,764ms] [Warning] [omni.isaac.manipulators.controllers.stacking_controller] omni.isaac.manipulators has been deprecated in favor of isaacsim.robot.manipulators. Please update your code accordingly.
2026-08-31T06:36:45Z [4,766ms] [Warning] [omni.isaac.manipulators.grippers] omni.isaac.manipulators has been deprecated in favor of isaacsim.robot.manipulators. Please update your code accordingly.
2026-08-31T06:36:45Z [4,767ms] [Warning] [omni.isaac.manipulators.grippers.gripper] omni.isaac.manipulators has been deprecated in favor of isaacsim.robot.manipulators. Please update your code accordingly.
2026-08-31T06:36:45Z [4,767ms] [Warning] [omni.isaac.manipulators.grippers.parallel_gripper] omni.isaac.manipulators has been deprecated in favor of isaacsim.robot.manipulators. Please update your code accordingly.
2026-08-31T06:36:45Z [4,767ms] [Warning] [omni.isaac.manipulators.grippers.surface_gripper] omni.isaac.manipulators has been deprecated in favor of isaacsim.robot.manipulators. Please update your code accordingly.
2026-08-31T06:36:45Z [4,767ms] [Warning] [omni.isaac.manipulators.manipulators] omni.isaac.manipulators has been deprecated in favor of isaacsim.robot.manipulators. Please update your code accordingly.
2026-08-31T06:36:45Z [4,767ms] [Warning] [omni.isaac.manipulators.manipulators.single_manipulator] omni.isaac.manipulators has been deprecated in favor of isaacsim.robot.manipulators. Please update your code accordingly.
[4.780s] [ext: omni.isaac.lula_test_widget-1.0.6] startup
2026-08-31T06:36:45Z [4,767ms] [Warning] [omni.isaac.lula_test_widget] omni.isaac.lula_test_widget has been deprecated in favor of isaacsim.robot_motion.lula_test_widget. Please update your code accordingly.
[4.780s] [ext: omni.isaac.asset_browser-1.0.6] startup
2026-08-31T06:36:45Z [4,768ms] [Warning] [omni.isaac.asset_browser] omni.isaac.asset_browser has been deprecated in favor of isaacsim.asset.browser. Please update your code accordingly.
[4.785s] [ext: omni.kit.viewport.menubar.display-107.0.3] startup
[4.790s] [ext: omni.isaac.menu-1.0.6] startup
2026-08-31T06:36:45Z [4,779ms] [Warning] [omni.isaac.menu] omni.isaac.menu has been deprecated in favor of isaacsim.gui.menu. Please update your code accordingly.
[4.792s] [ext: omni.isaac.motion_generation-8.0.7] startup
2026-08-31T06:36:45Z [4,781ms] [Warning] [omni.isaac.motion_generation] omni.isaac.motion_generation has been deprecated in favor of isaacsim.robot_motion.motion_generation. Please update your code accordingly.
2026-08-31T06:36:45Z [4,783ms] [Warning] [omni.isaac.motion_generation.articulation_kinematics_solver] omni.isaac.motion_generation has been deprecated in favor of isaacsim.robot_motion.motion_generation. Please update your code accordingly.
2026-08-31T06:36:45Z [4,783ms] [Warning] [omni.isaac.motion_generation.articulation_motion_policy] omni.isaac.motion_generation has been deprecated in favor of isaacsim.robot_motion.motion_generation. Please update your code accordingly.
2026-08-31T06:36:45Z [4,785ms] [Warning] [omni.isaac.motion_generation.articulation_trajectory] omni.isaac.motion_generation has been deprecated in favor of isaacsim.robot_motion.motion_generation. Please update your code accordingly.
2026-08-31T06:36:45Z [4,785ms] [Warning] [omni.isaac.motion_generation.kinematics_interface] omni.isaac.motion_generation has been deprecated in favor of isaacsim.robot_motion.motion_generation. Please update your code accordingly.
2026-08-31T06:36:45Z [4,785ms] [Warning] [omni.isaac.motion_generation.lula] omni.isaac.motion_generation has been deprecated in favor of isaacsim.robot_motion.motion_generation. Please update your code accordingly.
2026-08-31T06:36:45Z [4,786ms] [Warning] [omni.isaac.motion_generation.lula.kinematics] omni.isaac.motion_generation has been deprecated in favor of isaacsim.robot_motion.motion_generation. Please update your code accordingly.
2026-08-31T06:36:45Z [4,786ms] [Warning] [omni.isaac.motion_generation.lula.motion_policies] omni.isaac.motion_generation has been deprecated in favor of isaacsim.robot_motion.motion_generation. Please update your code accordingly.
2026-08-31T06:36:45Z [4,786ms] [Warning] [omni.isaac.motion_generation.lula.path_planners] omni.isaac.motion_generation has been deprecated in favor of isaacsim.robot_motion.motion_generation. Please update your code accordingly.
2026-08-31T06:36:45Z [4,786ms] [Warning] [omni.isaac.motion_generation.lula.trajectory_generator] omni.isaac.motion_generation has been deprecated in favor of isaacsim.robot_motion.motion_generation. Please update your code accordingly.
2026-08-31T06:36:45Z [4,786ms] [Warning] [omni.isaac.motion_generation.motion_policy_controller] omni.isaac.motion_generation has been deprecated in favor of isaacsim.robot_motion.motion_generation. Please update your code accordingly.
2026-08-31T06:36:45Z [4,786ms] [Warning] [omni.isaac.motion_generation.motion_policy_interface] omni.isaac.motion_generation has been deprecated in favor of isaacsim.robot_motion.motion_generation. Please update your code accordingly.
2026-08-31T06:36:45Z [4,786ms] [Warning] [omni.isaac.motion_generation.path_planner_visualizer] omni.isaac.motion_generation has been deprecated in favor of isaacsim.robot_motion.motion_generation. Please update your code accordingly.
2026-08-31T06:36:45Z [4,786ms] [Warning] [omni.isaac.motion_generation.path_planning_interface] omni.isaac.motion_generation has been deprecated in favor of isaacsim.robot_motion.motion_generation. Please update your code accordingly.
2026-08-31T06:36:45Z [4,786ms] [Warning] [omni.isaac.motion_generation.trajectory] omni.isaac.motion_generation has been deprecated in favor of isaacsim.robot_motion.motion_generation. Please update your code accordingly.
2026-08-31T06:36:45Z [4,786ms] [Warning] [omni.isaac.motion_generation.world_interface] omni.isaac.motion_generation has been deprecated in favor of isaacsim.robot_motion.motion_generation. Please update your code accordingly.
[4.799s] [ext: omni.isaac.assets_check-0.3.13] startup
2026-08-31T06:36:45Z [4,789ms] [Warning] [omni.isaac.assets_check] omni.isaac.assets_check has been deprecated in favor of isaacsim.asset.browser. Please update your code accordingly.
[4.802s] [ext: isaacsim.gui.sensors.icon-2.0.3] startup
[4.815s] [ext: isaacsim.asset.importer.mjcf-2.5.13] startup
[4.821s] [ext: omni.sensors.nv.common-3.0.0] startup
[4.830s] [ext: isaacsim.sensors.physics-0.4.3] startup
[4.836s] [ext: omni.sensors.net-1.0.0] startup
[4.840s] [ext: omni.isaac.nucleus-1.0.6] startup
2026-08-31T06:36:45Z [4,828ms] [Warning] [omni.isaac.nucleus] omni.isaac.nucleus has been deprecated in favor of isaacsim.storage.native. Please update your code accordingly.
2026-08-31T06:36:45Z [4,829ms] [Warning] [omni.isaac.nucleus.nucleus] omni.isaac.nucleus.nucleus has been deprecated in favor of isaacsim.storage.native. Please update your code accordingly.
[4.842s] [ext: omni.sensors.nv.materials-2.0.0] startup
[4.849s] [ext: isaacsim.robot.policy.examples-4.1.11] startup
[4.855s] [ext: omni.sensors.nv.wpm-3.0.0] startup
[4.859s] [ext: omni.sensors.nv.lidar-3.0.0] startup
[4.868s] [ext: isaacsim.util.debug_draw-3.1.0] startup
[4.873s] [ext: omni.sensors.nv.radar-3.0.0] startup
[4.878s] [ext: omni.sensors.nv.ids-2.0.0] startup
[4.879s] [ext: isaacsim.core.cloner-1.4.10] startup
[4.882s] [ext: isaacsim.sensors.physx-2.3.2] startup
[4.887s] [ext: isaacsim.sensors.rtx-15.8.4] startup
[4.898s] [ext: isaacsim.sensors.camera-1.3.6] startup
[4.909s] [ext: omni.isaac.quadruped-3.0.7] startup
2026-08-31T06:36:45Z [4,899ms] [Warning] [omni.isaac.quadruped] omni.isaac.quadruped has been deprecated in favor of isaacsim.robot.policy.examples. Please update your code accordingly.
[4.912s] [ext: omni.isaac.cloner-1.0.7] startup
2026-08-31T06:36:45Z [4,902ms] [Warning] [omni.isaac.cloner] omni.isaac.cloner has been deprecated in favor of isaacsim.core.cloner. Please update your code accordingly.
[4.917s] [ext: omni.isaac.range_sensor-4.0.6] startup
2026-08-31T06:36:45Z [4,905ms] [Warning] [omni.isaac.range_sensor] omni.isaac.range_sensor has been deprecated in favor of isaacsim.sensors.physx. Please update your code accordingly.
2026-08-31T06:36:45Z [4,909ms] [Warning] [omni.isaac.range_sensor.commands] omni.isaac.range_sensor.commands has been deprecated in favor of isaacsim.sensors.physx.commands. Please update your code accordingly.
[4.922s] [ext: omni.isaac.sensor-13.0.7] startup
2026-08-31T06:36:45Z [4,912ms] [Warning] [omni.isaac.sensor] omni.isaac.sensor has been deprecated in favor of isaacsim.sensors.camera, isaacsim.sensors.physics, isaacsim.sensors.physx, and isaacsim.sensors.rtx. Please update your code accordingly.
2026-08-31T06:36:45Z [4,912ms] [Warning] [omni.isaac.sensor.camera] omni.isaac.sensor.camera has been deprecated in favor of isaacsim.sensors.camera.camera. Please update your code accordingly.
2026-08-31T06:36:45Z [4,912ms] [Warning] [omni.isaac.sensor.camera_view] omni.isaac.sensor.camera_view has been deprecated in favor of isaacsim.sensors.camera.camera_view. Please update your code accordingly.
2026-08-31T06:36:45Z [4,912ms] [Warning] [omni.isaac.sensor.commands] omni.isaac.sensor.commands has been deprecated in favor of isaacsim.sensors.physics.commands, isaacsim.sensors.physx.commands, and isaacsim.sensors.rtx.commands. Please update your code accordingly.
2026-08-31T06:36:45Z [4,912ms] [Warning] [omni.isaac.sensor.contact_sensor] omni.isaac.sensor.contact_sensor has been deprecated in favor of isaacsim.sensors.physics.contact_sensor. Please update your code accordingly.
2026-08-31T06:36:45Z [4,913ms] [Warning] [omni.isaac.sensor.imu_sensor] omni.isaac.sensor.imu_sensor has been deprecated in favor of isaacsim.sensors.physics.imu_sensor. Please update your code accordingly.
2026-08-31T06:36:45Z [4,913ms] [Warning] [omni.isaac.sensor.lidar_rtx] omni.isaac.sensor.lidar_rtx has been deprecated in favor of isaacsim.sensors.rtx.lidar_rtx. Please update your code accordingly.
2026-08-31T06:36:45Z [4,913ms] [Warning] [omni.isaac.sensor.rotating_lidar_physX] omni.isaac.sensor.imu_sensor has been deprecated in favor of isaacsim.sensors.physix.rotating_lidar_physX. Please update your code accordingly.
2026-08-31T06:36:45Z [4,916ms] [Warning] [omni.isaac.sensor.scripts.samples.contact_sensor] omni.isaac.sensor.scripts.samples.contact_sensor has been deprecated in favor of isaacsim.sensors.physics.scripts.samples.contact_sensor. Please update your code accordingly.
2026-08-31T06:36:45Z [4,916ms] [Warning] [omni.isaac.sensor.scripts.samples.imu_sensor] omni.isaac.sensor.scripts.samples.imu_sensor has been deprecated in favor of isaacsim.sensors.physics.scripts.samples.imu_sensor. Please update your code accordingly.
2026-08-31T06:36:45Z [4,916ms] [Warning] [omni.isaac.sensor.scripts.samples.lightbeam_sensor] omni.isaac.sensor.scripts.samples.lightbeam_sensor has been deprecated in favor of isaacsim.sensors.physx.scripts.samples.lightbeam_sensor. Please update your code accordingly.
[4.929s] [ext: omni.kit.menu.create-2.0.1] startup
[4.933s] [ext: omni.kit.widget.toolbar-2.0.1] startup
[4.948s] [ext: omni.kit.manipulator.transform-107.0.0] startup
[4.953s] [ext: omni.isaac.core-4.0.7] startup
2026-08-31T06:36:45Z [4,941ms] [Warning] [omni.isaac.core.physics_context.physics_context] omni.isaac.core.physics_context.physics_context has been deprecated in favor of isaacsim.core.api.physics_context.physics_context. Please update your code accordingly.
2026-08-31T06:36:45Z [4,942ms] [Warning] [omni.isaac.core.simulation_context.simulation_context] omni.isaac.core.simulation_context.simulation_context has been deprecated in favor of isaacsim.core.api.simulation_context.simulation_context. Please update your code accordingly.
2026-08-31T06:36:45Z [4,942ms] [Warning] [omni.isaac.core.world.world] omni.isaac.core.world.world has been deprecated in favor of isaacsim.core.api.world.world. Please update your code accordingly.
2026-08-31T06:36:45Z [4,942ms] [Warning] [omni.isaac.core] omni.isaac.core has been deprecated in favor of isaacsim.core.api. Please update your code accordingly.
[4.955s] [ext: omni.kit.scripting-107.3.2] startup
[4.961s] [ext: omni.kit.manipulator.tool.snap-1.5.13] startup
[4.966s] [ext: omni.kit.manipulator.selector-1.1.3] startup
[4.969s] [ext: isaacsim.app.about-2.0.11] startup
[4.974s] [ext: isaacsim.replicator.behavior-1.1.16] startup
[4.976s] [ext: omni.kit.viewport.manipulator.transform-107.0.4] startup
[4.979s] [ext: omni.isaac.window.about-2.0.7] startup
2026-08-31T06:36:45Z [4,968ms] [Warning] [omni.isaac.window.about] omni.isaac.window.about has been deprecated in favor of isaacsim.app.about. Please update your code accordingly.
2026-08-31T06:36:45Z [4,968ms] [Warning] [omni.isaac.window.about.about] omni.isaac.window.about.about has been deprecated in favor of isaacsim.app.about.about. Please update your code accordingly.
[4.981s] [ext: omni.fabric.commands-1.1.6] startup
[4.985s] [ext: omni.kit.manipulator.prim.core-107.0.8] startup
[4.992s] [ext: omni.kit.property.audio-1.0.16] startup
[4.994s] [ext: omni.kit.property.camera-1.0.10] startup
[4.996s] [ext: omni.kit.property.geometry-2.0.4] startup
[5.000s] [ext: omni.hydra.scene_api-0.1.2] startup
[5.006s] [ext: omni.kit.property.light-1.0.12] startup
[5.021s] [ext: omni.kit.manipulator.prim.fabric-107.0.4] startup
[5.023s] [ext: omni.kit.manipulator.prim.usd-107.0.3] startup
[5.026s] [ext: omni.kit.property.material-1.11.9] startup
[5.032s] [ext: omni.kit.property.render-1.2.1] startup
[5.034s] [ext: omni.kit.property.transform-1.5.13] startup
[5.040s] [ext: isaacsim.gui.property-1.1.3] startup
[5.043s] [ext: omni.kit.manipulator.camera-106.0.4] startup
[5.049s] [ext: omni.kit.manipulator.prim-107.0.0] startup
[5.049s] [ext: omni.isaac.surface_gripper-2.0.6] startup
2026-08-31T06:36:45Z [5,036ms] [Warning] [omni.isaac.surface_gripper] omni.isaac.surface_gripper has been deprecated in favor of isaacsim.robot.surface_gripper. Please update your code accordingly.
[5.049s] [ext: omni.kit.manipulator.selection-106.0.1] startup
[5.053s] [ext: omni.kit.property.bundle-1.4.1] startup
[5.055s] [ext: omni.kit.property.isaac-1.0.6] startup
2026-08-31T06:36:45Z [5,043ms] [Warning] [omni.kit.property.isaac] omni.kit.property.isaac has been deprecated in favor of isaacsim.gui.property. Please update your code accordingly.
2026-08-31T06:36:45Z [5,044ms] [Warning] [omni.kit.property.isaac.widgets] omni.kit.property.isaac.widgets has been deprecated in favor of isaacsim.gui.property.widgets. Please update your code accordingly.
[5.057s] [ext: omni.isaac.universal_robots-1.0.6] startup
2026-08-31T06:36:45Z [5,046ms] [Warning] [omni.isaac.universal_robots] omni.isaac.universal_robots has been deprecated in favor of isaacsim.robot.manipulators.examples.universal_robots. Please update your code accordingly.
2026-08-31T06:36:45Z [5,046ms] [Warning] [omni.isaac.universal_robots.kinematics_solver] omni.isaac.franka has been deprecated in favor of isaacsim.robot.manipulators.examples.universal_robots. Please update your code accordingly.
2026-08-31T06:36:45Z [5,046ms] [Warning] [omni.isaac.universal_robots.ur10] omni.isaac.franka has been deprecated in favor of isaacsim.robot.manipulators.examples.universal_robots. Please update your code accordingly.
[5.059s] [ext: omni.isaac.core_nodes-2.0.6] startup
2026-08-31T06:36:45Z [5,049ms] [Warning] [omni.isaac.core_nodes] omni.isaac.core_nodes has been deprecated in favor of isaacsim.core.nodes. Please update your code accordingly.
[5.062s] [ext: omni.kit.viewport.menubar.camera-107.0.6] startup
[5.071s] [ext: omni.kit.viewport.menubar.lighting-107.3.1] startup
[5.074s] [ext: isaacsim.replicator.writers-1.0.17] startup
[5.089s] [ext: omni.kit.viewport.menubar.render-107.0.10] startup
[5.095s] [ext: omni.kit.viewport.menubar.settings-107.0.3] startup
[5.105s] [ext: omni.kit.window.console-1.1.4] startup
[5.111s] [ext: isaacsim.replicator.domain_randomization-1.0.16] startup
[5.114s] [ext: isaacsim.replicator.examples-1.3.6] startup
[5.118s] [ext: omni.ocio-0.1.1] startup
[5.122s] [ext: omni.rtx.window.settings-0.6.19] startup
[5.133s] [ext: omni.kit.window.status_bar-0.1.9] startup
[5.144s] [ext: omni.kit.window.toolbar-2.0.0] startup
[5.154s] [ext: omni.replicator.isaac-2.0.8] startup
2026-08-31T06:36:45Z [5,142ms] [Warning] [omni.replicator.isaac] omni.replicator.isaac has been deprecated in favor of isaacsim.replicator.domain_randomization, isaacsim.replicator.examples, isaacsim.replicator.writers. Please update your code accordingly.
[5.155s] [ext: omni.replicator.replicator_yaml-2.0.11] startup
[5.164s] [ext: omni.rtx.settings.core-0.6.5] startup
[5.170s] [ext: omni.usd.metrics.assembler.ui-107.3.1] startup
[5.184s] [ext: omni.isaac.utils-2.0.6] startup
[5.186s] [ext: semantics.schema.editor-2.0.2] startup
[5.191s] [ext: omni.kit.ui.actions-1.0.5] startup
[5.193s] [ext: semantics.schema.property-2.0.1] startup
[5.195s] [ext: omni.isaac.version-2.0.7] startup
2026-08-31T06:36:45Z [5,184ms] [Warning] [omni.isaac.version] omni.isaac.version has been deprecated in favor of isaacsim.core.version. Please update your code accordingly.
[5.196s] [ext: omni.isaac.cortex-1.0.5] startup
[5.198s] [ext: omni.anim.curve.core-1.3.1] startup
[5.209s] [ext: isaacsim.core.throttling-2.2.2] startup
[5.212s] [ext: omni.kit.menu.common-2.0.1] startup
[5.214s] [ext: isaacsim.exp.base-5.1.0] startup
[5.216s] [ext: isaacsim.exp.base.python-5.1.0] startup
[5.218s] Simulation App Starting
2026-08-31T06:36:45Z [5,412ms] [Warning] [omni.fabric.plugin] Warning: attribute viewportHandle not found for bucket id 9

[5.471s] app ready
Starting kit application with the following args:  ['/home/j/env_isaaclab/lib/python3.11/site-packages/isaacsim/exts/isaacsim.simulation_app/isaacsim/simulation_app/simulation_app.py', '/home/j/env_isaaclab/lib/python3.11/site-packages/isaacsim/apps/isaacsim.exp.base.python.kit', '--/app/tokens/exe-path=/home/j/env_isaaclab/lib/python3.11/site-packages/isaacsim/kit', '--/persistent/app/viewport/displayOptions=3094', '--/rtx/materialDb/syncLoads=True', '--/rtx/hydra/materialSyncLoads=True', '--/omni.kit.plugin/syncUsdLoads=True', '--/app/renderer/resolution/width=1280', '--/app/renderer/resolution/height=720', '--/app/window/width=1440', '--/app/window/height=900', '--/renderer/multiGpu/enabled=True', '--/app/fastShutdown=True', '--/app/installSignalHandlers=0', '--ext-folder', '/home/j/env_isaaclab/lib/python3.11/site-packages/isaacsim/exts', '--ext-folder', '/home/j/env_isaaclab/lib/python3.11/site-packages/isaacsim/apps', '--/physics/cudaDevice=0', '--/plugins/carb.tasking.plugin/threadCount=20', '--/plugins/omni.tbb.globalcontrol/maxThreadCount=20', '--portable', '--no-window', '--/app/window/hideUi=1']
Passing the following args to the base kit application:  ['--config', 'config/temporal_environment.yaml', '--output', 'results/temporal/run_20260831_153543']
Warp 1.8.2 initialized:
   CUDA Toolkit 12.8, Driver 12.8
   Devices:
     "cpu"      : "x86_64"
     "cuda:0"   : "NVIDIA GeForce RTX 4060 Laptop GPU" (8 GiB, sm_89, mempool enabled)
   Kernel cache:
     /home/j/.cache/warp/1.8.2
Warp DeprecationWarning: The `warp.sim` module is deprecated and will be removed in v1.10. Please transition to using the forthcoming Newton library instead.
[temporal-isaac] building USD scene
[temporal-isaac] applying Year0
[temporal-isaac] rendering Year0 pose 0
[temporal-isaac] rendering Year0 pose 1
[temporal-isaac] rendering Year0 pose 2
[temporal-isaac] rendering Year0 pose 3
[temporal-isaac] rendering Year0 pose 4
[temporal-isaac] rendering Year0 pose 5
[temporal-isaac] rendering Year0 pose 6
[temporal-isaac] rendering Year0 pose 7
[temporal-isaac] rendering Year0 pose 8
[temporal-isaac] rendering Year0 pose 9
[temporal-isaac] rendering Year0 pose 10
[temporal-isaac] rendering Year0 pose 11
[temporal-isaac] rendering Year0 pose 12
[temporal-isaac] rendering Year0 pose 13
[temporal-isaac] rendering Year0 pose 14
[temporal-isaac] rendering Year0 pose 15
[temporal-isaac] rendering Year0 pose 16
[temporal-isaac] rendering Year0 pose 17
[temporal-isaac] rendering Year0 pose 18
[temporal-isaac] rendering Year0 pose 19
[temporal-isaac] rendering Year0 pose 20
[temporal-isaac] rendering Year0 pose 21
[temporal-isaac] rendering Year0 pose 22
[temporal-isaac] rendering Year0 pose 23
[temporal-isaac] rendering Year0 pose 24
[temporal-isaac] rendering Year0 pose 25
[temporal-isaac] rendering Year0 pose 26
[temporal-isaac] rendering Year0 pose 27
[temporal-isaac] rendering Year0 pose 28
[temporal-isaac] rendering Year0 pose 29
[temporal-isaac] rendering Year0 pose 30
[temporal-isaac] rendering Year0 pose 31
[temporal-isaac] applying Year2
[temporal-isaac] rendering Year2 pose 0
[temporal-isaac] rendering Year2 pose 1
[temporal-isaac] rendering Year2 pose 2
[temporal-isaac] rendering Year2 pose 3
[temporal-isaac] rendering Year2 pose 4
[temporal-isaac] rendering Year2 pose 5
[temporal-isaac] rendering Year2 pose 6
[temporal-isaac] rendering Year2 pose 7
[temporal-isaac] rendering Year2 pose 8
[temporal-isaac] rendering Year2 pose 9
[temporal-isaac] rendering Year2 pose 10
[temporal-isaac] rendering Year2 pose 11
[temporal-isaac] rendering Year2 pose 12
[temporal-isaac] rendering Year2 pose 13
[temporal-isaac] rendering Year2 pose 14
[temporal-isaac] rendering Year2 pose 15
[temporal-isaac] rendering Year2 pose 16
[temporal-isaac] rendering Year2 pose 17
[temporal-isaac] rendering Year2 pose 18
[temporal-isaac] rendering Year2 pose 19
[temporal-isaac] rendering Year2 pose 20
[temporal-isaac] rendering Year2 pose 21
[temporal-isaac] rendering Year2 pose 22
[temporal-isaac] rendering Year2 pose 23
[temporal-isaac] rendering Year2 pose 24
[temporal-isaac] rendering Year2 pose 25
[temporal-isaac] rendering Year2 pose 26
[temporal-isaac] rendering Year2 pose 27
[temporal-isaac] rendering Year2 pose 28
[temporal-isaac] rendering Year2 pose 29
[temporal-isaac] rendering Year2 pose 30
[temporal-isaac] rendering Year2 pose 31
[temporal-isaac] applying Year5
[temporal-isaac] rendering Year5 pose 0
[temporal-isaac] rendering Year5 pose 1
[temporal-isaac] rendering Year5 pose 2
[temporal-isaac] rendering Year5 pose 3
[temporal-isaac] rendering Year5 pose 4
[temporal-isaac] rendering Year5 pose 5
[temporal-isaac] rendering Year5 pose 6
[temporal-isaac] rendering Year5 pose 7
[temporal-isaac] rendering Year5 pose 8
[temporal-isaac] rendering Year5 pose 9
[temporal-isaac] rendering Year5 pose 10
[temporal-isaac] rendering Year5 pose 11
[temporal-isaac] rendering Year5 pose 12
[temporal-isaac] rendering Year5 pose 13
[temporal-isaac] rendering Year5 pose 14
[temporal-isaac] rendering Year5 pose 15
[temporal-isaac] rendering Year5 pose 16
[temporal-isaac] rendering Year5 pose 17
[temporal-isaac] rendering Year5 pose 18
[temporal-isaac] rendering Year5 pose 19
[temporal-isaac] rendering Year5 pose 20
[temporal-isaac] rendering Year5 pose 21
[temporal-isaac] rendering Year5 pose 22
[temporal-isaac] rendering Year5 pose 23
[temporal-isaac] rendering Year5 pose 24
[temporal-isaac] rendering Year5 pose 25
[temporal-isaac] rendering Year5 pose 26
[temporal-isaac] rendering Year5 pose 27
[temporal-isaac] rendering Year5 pose 28
[temporal-isaac] rendering Year5 pose 29
[temporal-isaac] rendering Year5 pose 30
[temporal-isaac] rendering Year5 pose 31
[temporal-isaac] applying Year10
[temporal-isaac] rendering Year10 pose 0
[temporal-isaac] rendering Year10 pose 1
[temporal-isaac] rendering Year10 pose 2
[temporal-isaac] rendering Year10 pose 3
[temporal-isaac] rendering Year10 pose 4
[temporal-isaac] rendering Year10 pose 5
[temporal-isaac] rendering Year10 pose 6
[temporal-isaac] rendering Year10 pose 7
[temporal-isaac] rendering Year10 pose 8
[temporal-isaac] rendering Year10 pose 9
[temporal-isaac] rendering Year10 pose 10
[temporal-isaac] rendering Year10 pose 11
[temporal-isaac] rendering Year10 pose 12
[temporal-isaac] rendering Year10 pose 13
[temporal-isaac] rendering Year10 pose 14
[temporal-isaac] rendering Year10 pose 15
[temporal-isaac] rendering Year10 pose 16
[temporal-isaac] rendering Year10 pose 17
[temporal-isaac] rendering Year10 pose 18
[temporal-isaac] rendering Year10 pose 19
[temporal-isaac] rendering Year10 pose 20
[temporal-isaac] rendering Year10 pose 21
[temporal-isaac] rendering Year10 pose 22
[temporal-isaac] rendering Year10 pose 23
[temporal-isaac] rendering Year10 pose 24
[temporal-isaac] rendering Year10 pose 25
[temporal-isaac] rendering Year10 pose 26
[temporal-isaac] rendering Year10 pose 27
[temporal-isaac] rendering Year10 pose 28
[temporal-isaac] rendering Year10 pose 29
[temporal-isaac] rendering Year10 pose 30
[temporal-isaac] rendering Year10 pose 31
[temporal-isaac] applying CaseAppearance
[temporal-isaac] rendering CaseAppearance pose 0
[temporal-isaac] rendering CaseAppearance pose 1
[temporal-isaac] rendering CaseAppearance pose 2
[temporal-isaac] rendering CaseAppearance pose 3
[temporal-isaac] rendering CaseAppearance pose 4
[temporal-isaac] rendering CaseAppearance pose 5
[temporal-isaac] rendering CaseAppearance pose 6
[temporal-isaac] rendering CaseAppearance pose 7
[temporal-isaac] rendering CaseAppearance pose 8
[temporal-isaac] rendering CaseAppearance pose 9
[temporal-isaac] rendering CaseAppearance pose 10
[temporal-isaac] rendering CaseAppearance pose 11
[temporal-isaac] rendering CaseAppearance pose 12
[temporal-isaac] rendering CaseAppearance pose 13
[temporal-isaac] rendering CaseAppearance pose 14
[temporal-isaac] rendering CaseAppearance pose 15
[temporal-isaac] rendering CaseAppearance pose 16
[temporal-isaac] rendering CaseAppearance pose 17
[temporal-isaac] rendering CaseAppearance pose 18
[temporal-isaac] rendering CaseAppearance pose 19
[temporal-isaac] rendering CaseAppearance pose 20
[temporal-isaac] rendering CaseAppearance pose 21
[temporal-isaac] rendering CaseAppearance pose 22
[temporal-isaac] rendering CaseAppearance pose 23
[temporal-isaac] rendering CaseAppearance pose 24
[temporal-isaac] rendering CaseAppearance pose 25
[temporal-isaac] rendering CaseAppearance pose 26
[temporal-isaac] rendering CaseAppearance pose 27
[temporal-isaac] rendering CaseAppearance pose 28
[temporal-isaac] rendering CaseAppearance pose 29
[temporal-isaac] rendering CaseAppearance pose 30
[temporal-isaac] rendering CaseAppearance pose 31
[temporal-isaac] applying CaseStructural
[temporal-isaac] rendering CaseStructural pose 0
[temporal-isaac] rendering CaseStructural pose 1
[temporal-isaac] rendering CaseStructural pose 2
[temporal-isaac] rendering CaseStructural pose 3
[temporal-isaac] rendering CaseStructural pose 4
[temporal-isaac] rendering CaseStructural pose 5
[temporal-isaac] rendering CaseStructural pose 6
[temporal-isaac] rendering CaseStructural pose 7
[temporal-isaac] rendering CaseStructural pose 8
[temporal-isaac] rendering CaseStructural pose 9
[temporal-isaac] rendering CaseStructural pose 10
[temporal-isaac] rendering CaseStructural pose 11
[temporal-isaac] rendering CaseStructural pose 12
[temporal-isaac] rendering CaseStructural pose 13
[temporal-isaac] rendering CaseStructural pose 14
[temporal-isaac] rendering CaseStructural pose 15
[temporal-isaac] rendering CaseStructural pose 16
[temporal-isaac] rendering CaseStructural pose 17
[temporal-isaac] rendering CaseStructural pose 18
[temporal-isaac] rendering CaseStructural pose 19
[temporal-isaac] rendering CaseStructural pose 20
[temporal-isaac] rendering CaseStructural pose 21
[temporal-isaac] rendering CaseStructural pose 22
[temporal-isaac] rendering CaseStructural pose 23
[temporal-isaac] rendering CaseStructural pose 24
[temporal-isaac] rendering CaseStructural pose 25
[temporal-isaac] rendering CaseStructural pose 26
[temporal-isaac] rendering CaseStructural pose 27
[temporal-isaac] rendering CaseStructural pose 28
[temporal-isaac] rendering CaseStructural pose 29
[temporal-isaac] rendering CaseStructural pose 30
[temporal-isaac] rendering CaseStructural pose 31
[temporal-isaac] wrote results/temporal/run_20260831_153543
[8.840s] Simulation App Startup Complete
2026-08-31T06:36:49Z [9,409ms] [Warning] [rtx.postprocessing.plugin] DLSS increasing input dimensions: Render resolution of (256, 256) is below minimal input resolution of 300.
2026-08-31T06:36:50Z [9,541ms] [Warning] [omni.syntheticdata.plugin] OgnSdPostRenderVarToHost : rendervar copy from texture directly to host buffer is counter-performant. Please use copy from texture to device buffer first.
2026-08-31T06:36:50Z [9,793ms] [Warning] [carb] Plugin interface for a client: omni.hydratexture.plugin was already released.
2026-08-31T06:36:53Z [13,139ms] [Warning] [omni.fabric.plugin] Warning: attribute primvars:displayColor:indices not found for path /World/Environment/Roads/Main/Marking_28

2026-08-31T06:37:14Z [34,131ms] [Warning] [carb] Plugin interface for a client: omni.hydratexture.plugin was already released.
[34.199s] Simulation App Shutting Down
