[spatial train] ppo_vector_canonical seed=828 iteration=1/200 episodes=12 difficulty=0.000 loss=-0.00340 wall=19.3s
[spatial train] ppo_semantic_flat seed=829 iteration=1/200 episodes=12 difficulty=0.000 loss=-0.00679 wall=22.1s
[spatial train] ppo_semantic_flat seed=828 iteration=1/200 episodes=12 difficulty=0.000 loss=-0.00417 wall=36.3s
[spatial train] ppo_ontology_rgat seed=828 iteration=1/200 episodes=12 difficulty=0.000 loss=-0.00237 wall=39.4s
[spatial train] ppo_vector_canonical seed=829 iteration=1/200 episodes=12 difficulty=0.000 loss=-0.00207 wall=40.5s
[spatial train] ppo_semantic_flat seed=829 iteration=2/200 episodes=24 difficulty=0.000 loss=0.00063 wall=41.4s
[spatial train] ppo_vector_canonical seed=828 iteration=2/200 episodes=24 difficulty=0.000 loss=0.00197 wall=46.9s
[spatial train] ppo_ontology_rgat seed=829 iteration=1/200 episodes=12 difficulty=0.000 loss=-0.00650 wall=47.8s
[spatial train] ppo_semantic_flat seed=829 iteration=3/200 episodes=36 difficulty=0.000 loss=0.14584 wall=68.3s
[spatial train] ppo_vector_canonical seed=829 iteration=2/200 episodes=24 difficulty=0.000 loss=0.00259 wall=69.3s
[spatial train] ppo_semantic_flat seed=828 iteration=2/200 episodes=24 difficulty=0.000 loss=0.00081 wall=72.7s
[spatial train] ppo_vector_canonical seed=828 iteration=3/200 episodes=36 difficulty=0.000 loss=0.06070 wall=82.6s
[spatial train] ppo_ontology_rgat seed=828 iteration=2/200 episodes=24 difficulty=0.000 loss=0.00211 wall=84.8s
[spatial train] ppo_semantic_flat seed=829 iteration=4/200 episodes=48 difficulty=0.000 loss=0.24674 wall=89.4s
[spatial train] ppo_ontology_rgat seed=829 iteration=2/200 episodes=24 difficulty=0.000 loss=0.00829 wall=92.8s
[spatial train] ppo_vector_canonical seed=829 iteration=3/200 episodes=36 difficulty=0.000 loss=0.01764 wall=96.9s
[spatial train] ppo_semantic_flat seed=828 iteration=3/200 episodes=36 difficulty=0.000 loss=0.14990 wall=104.3s
[spatial train] ppo_vector_canonical seed=828 iteration=4/200 episodes=48 difficulty=0.000 loss=0.05902 wall=105.6s
[spatial train] ppo_semantic_flat seed=829 iteration=5/200 episodes=60 difficulty=0.000 loss=0.17066 wall=108.7s
[spatial train] ppo_semantic_flat seed=828 iteration=4/200 episodes=48 difficulty=0.000 loss=0.18709 wall=114.8s
[spatial train] ppo_semantic_flat seed=828 iteration=5/200 episodes=60 difficulty=0.000 loss=0.22735 wall=120.2s
[spatial train] ppo_vector_canonical seed=829 iteration=4/200 episodes=48 difficulty=0.000 loss=0.03047 wall=123.6s
[spatial train] ppo_vector_canonical seed=828 iteration=5/200 episodes=60 difficulty=0.000 loss=0.06975 wall=126.6s
[spatial train] ppo_ontology_rgat seed=828 iteration=3/200 episodes=36 difficulty=0.000 loss=0.17450 wall=125.8s
[spatial train] ppo_semantic_flat seed=828 iteration=6/200 episodes=72 difficulty=0.000 loss=0.16611 wall=127.2s
[spatial train] ppo_semantic_flat seed=829 iteration=6/200 episodes=72 difficulty=0.000 loss=0.12479 wall=128.8s
[spatial train] ppo_semantic_flat seed=828 iteration=7/200 episodes=84 difficulty=0.000 loss=0.16595 wall=133.2s
[spatial train] ppo_ontology_rgat seed=829 iteration=3/200 episodes=36 difficulty=0.000 loss=0.19358 wall=133.5s
[spatial train] ppo_ontology_rgat seed=828 iteration=4/200 episodes=48 difficulty=0.000 loss=0.04939 wall=137.5s
[spatial train] ppo_semantic_flat seed=828 iteration=8/200 episodes=96 difficulty=0.000 loss=0.19841 wall=139.7s
[spatial train] ppo_vector_canonical seed=828 iteration=6/200 episodes=72 difficulty=0.100 loss=-0.00994 wall=142.2s
[spatial train] ppo_semantic_flat seed=829 iteration=7/200 episodes=84 difficulty=0.000 loss=0.04928 wall=145.1s
[spatial train] ppo_semantic_flat seed=828 iteration=9/200 episodes=108 difficulty=0.000 loss=0.12342 wall=149.5s
[spatial train] ppo_vector_canonical seed=829 iteration=5/200 episodes=60 difficulty=0.000 loss=0.03817 wall=150.9s
[spatial train] ppo_ontology_rgat seed=828 iteration=5/200 episodes=60 difficulty=0.000 loss=0.25083 wall=154.8s
[spatial train] ppo_semantic_flat seed=828 iteration=10/200 episodes=120 difficulty=0.000 loss=0.09050 wall=159.2s
[spatial train] ppo_ontology_rgat seed=829 iteration=4/200 episodes=48 difficulty=0.000 loss=0.20394 wall=163.9s
[spatial train] ppo_semantic_flat seed=829 iteration=8/200 episodes=96 difficulty=0.000 loss=0.13834 wall=167.3s
[spatial train] ppo_semantic_flat seed=828 iteration=11/200 episodes=132 difficulty=0.000 loss=0.19852 wall=168.8s
[spatial train] ppo_ontology_rgat seed=828 iteration=6/200 episodes=72 difficulty=0.000 loss=0.20823 wall=172.7s
[spatial train] ppo_semantic_flat seed=828 iteration=12/200 episodes=144 difficulty=0.000 loss=0.18365 wall=179.2s
[spatial train] ppo_semantic_flat seed=829 iteration=9/200 episodes=108 difficulty=0.000 loss=0.11092 wall=183.5s
[spatial train] ppo_vector_canonical seed=828 iteration=7/200 episodes=84 difficulty=0.100 loss=0.01896 wall=186.9s
[spatial train] ppo_semantic_flat seed=828 iteration=13/200 episodes=156 difficulty=0.000 loss=0.10049 wall=189.9s
[spatial train] ppo_ontology_rgat seed=829 iteration=5/200 episodes=60 difficulty=0.000 loss=0.21529 wall=191.6s
[spatial train] ppo_vector_canonical seed=829 iteration=6/200 episodes=72 difficulty=0.100 loss=0.04567 wall=192.5s
[spatial train] ppo_semantic_flat seed=828 iteration=14/200 episodes=168 difficulty=0.000 loss=0.11031 wall=198.3s
[spatial train] ppo_vector_canonical seed=829 iteration=7/200 episodes=84 difficulty=0.100 loss=0.02564 wall=200.0s
[spatial train] ppo_semantic_flat seed=829 iteration=10/200 episodes=120 difficulty=0.100 loss=0.13941 wall=203.3s
[spatial train] ppo_ontology_rgat seed=829 iteration=6/200 episodes=72 difficulty=0.000 loss=0.07587 wall=206.0s
[spatial train] ppo_semantic_flat seed=828 iteration=15/200 episodes=180 difficulty=0.000 loss=0.13419 wall=206.3s
[spatial train] ppo_ontology_rgat seed=828 iteration=7/200 episodes=84 difficulty=0.000 loss=0.24276 wall=208.9s
[spatial train] ppo_semantic_flat seed=828 iteration=16/200 episodes=192 difficulty=0.000 loss=0.13550 wall=213.2s
[spatial train] ppo_vector_canonical seed=828 iteration=8/200 episodes=96 difficulty=0.200 loss=0.04015 wall=215.4s
[spatial train] ppo_semantic_flat seed=829 iteration=11/200 episodes=132 difficulty=0.100 loss=0.22145 wall=217.8s
[spatial train] ppo_vector_canonical seed=829 iteration=8/200 episodes=96 difficulty=0.200 loss=-0.04789 wall=218.8s
[spatial train] ppo_semantic_flat seed=828 iteration=17/200 episodes=204 difficulty=0.000 loss=0.09867 wall=220.1s
[spatial train] ppo_ontology_rgat seed=829 iteration=7/200 episodes=84 difficulty=0.000 loss=0.09658 wall=223.9s
[spatial train] ppo_semantic_flat seed=828 iteration=18/200 episodes=216 difficulty=0.000 loss=0.06869 wall=224.4s
[spatial train] ppo_semantic_flat seed=828 iteration=19/200 episodes=228 difficulty=0.000 loss=0.10397 wall=229.0s
[spatial train] ppo_semantic_flat seed=829 iteration=12/200 episodes=144 difficulty=0.100 loss=0.07731 wall=230.3s
[spatial train] ppo_semantic_flat seed=828 iteration=20/200 episodes=240 difficulty=0.000 loss=0.09720 wall=233.4s
[spatial train] ppo_semantic_flat seed=828 iteration=21/200 episodes=252 difficulty=0.000 loss=0.12841 wall=239.3s
[spatial train] ppo_ontology_rgat seed=829 iteration=8/200 episodes=96 difficulty=0.000 loss=0.18872 wall=239.3s
[spatial train] ppo_vector_canonical seed=828 iteration=9/200 episodes=108 difficulty=0.200 loss=-0.00330 wall=242.3s
[spatial train] ppo_ontology_rgat seed=828 iteration=8/200 episodes=96 difficulty=0.000 loss=0.05981 wall=244.6s
[spatial train] ppo_semantic_flat seed=828 iteration=22/200 episodes=264 difficulty=0.000 loss=0.15077 wall=245.1s
[spatial train] ppo_semantic_flat seed=829 iteration=13/200 episodes=156 difficulty=0.100 loss=0.02349 wall=248.3s
[spatial train] ppo_vector_canonical seed=829 iteration=9/200 episodes=108 difficulty=0.200 loss=0.02080 wall=249.4s
[spatial train] ppo_semantic_flat seed=828 iteration=23/200 episodes=276 difficulty=0.000 loss=0.14013 wall=250.7s
[spatial train] ppo_ontology_rgat seed=829 iteration=9/200 episodes=108 difficulty=0.000 loss=0.11572 wall=256.6s
[spatial train] ppo_semantic_flat seed=828 iteration=24/200 episodes=288 difficulty=0.000 loss=0.13107 wall=257.6s
[spatial train] ppo_semantic_flat seed=828 iteration=25/200 episodes=300 difficulty=0.000 loss=0.10350 wall=263.8s
[spatial train] ppo_ontology_rgat seed=828 iteration=9/200 episodes=108 difficulty=0.000 loss=0.14455 wall=268.4s
[spatial train] ppo_semantic_flat seed=828 iteration=26/200 episodes=312 difficulty=0.000 loss=0.07331 wall=269.2s
[spatial train] ppo_semantic_flat seed=829 iteration=14/200 episodes=168 difficulty=0.100 loss=0.07871 wall=269.7s
[spatial train] ppo_vector_canonical seed=828 iteration=10/200 episodes=120 difficulty=0.300 loss=0.02513 wall=272.4s
[spatial train] ppo_semantic_flat seed=828 iteration=27/200 episodes=324 difficulty=0.000 loss=0.20236 wall=274.3s
[spatial train] ppo_semantic_flat seed=828 iteration=28/200 episodes=336 difficulty=0.000 loss=0.12901 wall=280.8s
[spatial train] ppo_vector_canonical seed=829 iteration=10/200 episodes=120 difficulty=0.300 loss=0.00441 wall=281.2s
[spatial train] ppo_semantic_flat seed=829 iteration=15/200 episodes=180 difficulty=0.100 loss=0.13374 wall=286.0s
[spatial train] ppo_semantic_flat seed=828 iteration=29/200 episodes=348 difficulty=0.000 loss=0.07446 wall=286.9s
[spatial train] ppo_ontology_rgat seed=829 iteration=10/200 episodes=120 difficulty=0.000 loss=0.13585 wall=287.6s
[spatial train] ppo_ontology_rgat seed=828 iteration=10/200 episodes=120 difficulty=0.000 loss=0.15941 wall=290.3s
[spatial train] ppo_semantic_flat seed=828 iteration=30/200 episodes=360 difficulty=0.000 loss=0.14797 wall=293.0s
[spatial train] ppo_vector_canonical seed=828 iteration=11/200 episodes=132 difficulty=0.300 loss=0.01243 wall=297.2s
[spatial train] ppo_semantic_flat seed=828 iteration=31/200 episodes=372 difficulty=0.000 loss=0.15122 wall=300.8s
[spatial train] ppo_semantic_flat seed=829 iteration=16/200 episodes=192 difficulty=0.100 loss=0.17707 wall=301.1s
[spatial train] ppo_semantic_flat seed=828 iteration=32/200 episodes=384 difficulty=0.000 loss=0.21027 wall=307.2s
[spatial train] ppo_ontology_rgat seed=828 iteration=11/200 episodes=132 difficulty=0.000 loss=0.30825 wall=311.7s
[spatial train] ppo_vector_canonical seed=829 iteration=11/200 episodes=132 difficulty=0.300 loss=0.04132 wall=313.9s
[spatial train] ppo_semantic_flat seed=828 iteration=33/200 episodes=396 difficulty=0.000 loss=0.07736 wall=314.2s
[spatial train] ppo_ontology_rgat seed=829 iteration=11/200 episodes=132 difficulty=0.000 loss=0.09371 wall=316.6s
[spatial train] ppo_semantic_flat seed=828 iteration=34/200 episodes=408 difficulty=0.000 loss=0.13796 wall=320.0s
[spatial train] ppo_ontology_rgat seed=828 iteration=12/200 episodes=144 difficulty=0.000 loss=0.15402 wall=324.6s
[spatial train] ppo_semantic_flat seed=829 iteration=17/200 episodes=204 difficulty=0.100 loss=0.02043 wall=324.8s
[spatial train] ppo_semantic_flat seed=828 iteration=35/200 episodes=420 difficulty=0.000 loss=0.13249 wall=327.1s
[spatial train] ppo_ontology_rgat seed=829 iteration=12/200 episodes=144 difficulty=0.000 loss=0.04361 wall=331.6s
[spatial train] ppo_vector_canonical seed=828 iteration=12/200 episodes=144 difficulty=0.300 loss=-0.03304 wall=333.1s
[spatial train] ppo_semantic_flat seed=828 iteration=36/200 episodes=432 difficulty=0.000 loss=0.12708 wall=336.4s
[spatial train] ppo_semantic_flat seed=829 iteration=18/200 episodes=216 difficulty=0.100 loss=0.13889 wall=342.6s
[spatial train] ppo_semantic_flat seed=828 iteration=37/200 episodes=444 difficulty=0.000 loss=0.01618 wall=344.8s
[spatial train] ppo_vector_canonical seed=829 iteration=12/200 episodes=144 difficulty=0.300 loss=0.06970 wall=344.9s
[spatial train] ppo_ontology_rgat seed=828 iteration=13/200 episodes=156 difficulty=0.000 loss=0.19758 wall=345.2s
[spatial train] ppo_ontology_rgat seed=829 iteration=13/200 episodes=156 difficulty=0.000 loss=0.17674 wall=346.4s
[spatial train] ppo_semantic_flat seed=828 iteration=38/200 episodes=456 difficulty=0.000 loss=0.05772 wall=352.6s
[spatial train] ppo_ontology_rgat seed=829 iteration=14/200 episodes=168 difficulty=0.000 loss=0.05459 wall=354.7s
[spatial train] ppo_semantic_flat seed=829 iteration=19/200 episodes=228 difficulty=0.100 loss=0.14425 wall=360.4s
[spatial train] ppo_semantic_flat seed=828 iteration=39/200 episodes=468 difficulty=0.000 loss=0.06351 wall=360.9s
[spatial train] ppo_ontology_rgat seed=828 iteration=14/200 episodes=168 difficulty=0.000 loss=0.07661 wall=365.7s
[spatial train] ppo_semantic_flat seed=828 iteration=40/200 episodes=480 difficulty=0.000 loss=0.18506 wall=369.5s
[spatial train] ppo_vector_canonical seed=828 iteration=13/200 episodes=156 difficulty=0.400 loss=0.03876 wall=372.5s
[spatial train] ppo_vector_canonical seed=829 iteration=13/200 episodes=156 difficulty=0.300 loss=0.05111 wall=373.8s
[spatial train] ppo_semantic_flat seed=828 iteration=41/200 episodes=492 difficulty=0.000 loss=0.14118 wall=377.6s
[spatial train] ppo_ontology_rgat seed=828 iteration=15/200 episodes=180 difficulty=0.000 loss=0.11952 wall=379.1s
[spatial train] ppo_semantic_flat seed=828 iteration=42/200 episodes=504 difficulty=0.000 loss=0.05639 wall=383.7s
[spatial train] ppo_ontology_rgat seed=829 iteration=15/200 episodes=180 difficulty=0.000 loss=0.13676 wall=385.7s
[spatial train] ppo_semantic_flat seed=829 iteration=20/200 episodes=240 difficulty=0.100 loss=0.09890 wall=389.4s
[spatial train] ppo_semantic_flat seed=828 iteration=43/200 episodes=516 difficulty=0.000 loss=0.07623 wall=390.0s
[spatial train] ppo_semantic_flat seed=828 iteration=44/200 episodes=528 difficulty=0.000 loss=0.06387 wall=396.4s
[spatial train] ppo_vector_canonical seed=829 iteration=14/200 episodes=168 difficulty=0.300 loss=0.03232 wall=397.5s
[spatial train] ppo_ontology_rgat seed=828 iteration=16/200 episodes=192 difficulty=0.000 loss=0.05757 wall=400.8s
[spatial train] ppo_semantic_flat seed=828 iteration=45/200 episodes=540 difficulty=0.000 loss=0.10473 wall=401.8s
[spatial train] ppo_vector_canonical seed=828 iteration=14/200 episodes=168 difficulty=0.400 loss=-0.05027 wall=406.0s
[spatial train] ppo_ontology_rgat seed=829 iteration=16/200 episodes=192 difficulty=0.000 loss=0.10364 wall=409.6s
[spatial train] ppo_semantic_flat seed=828 iteration=46/200 episodes=552 difficulty=0.000 loss=0.08366 wall=411.0s
[spatial train] ppo_semantic_flat seed=828 iteration=47/200 episodes=564 difficulty=0.000 loss=0.17765 wall=418.8s
[spatial train] ppo_ontology_rgat seed=828 iteration=17/200 episodes=204 difficulty=0.000 loss=0.10029 wall=419.2s
[spatial train] ppo_semantic_flat seed=829 iteration=21/200 episodes=252 difficulty=0.100 loss=0.07420 wall=423.4s
[spatial train] ppo_vector_canonical seed=829 iteration=15/200 episodes=180 difficulty=0.300 loss=0.00267 wall=424.2s
[spatial train] ppo_semantic_flat seed=828 iteration=48/200 episodes=576 difficulty=0.000 loss=0.05952 wall=426.3s
[spatial train] ppo_semantic_flat seed=828 iteration=49/200 episodes=588 difficulty=0.000 loss=0.11693 wall=437.0s
[spatial train] ppo_vector_canonical seed=828 iteration=15/200 episodes=180 difficulty=0.500 loss=0.08252 wall=442.1s
[spatial train] ppo_semantic_flat seed=828 iteration=50/200 episodes=600 difficulty=0.000 loss=0.00237 wall=442.6s
[spatial train] ppo_semantic_flat seed=829 iteration=22/200 episodes=264 difficulty=0.100 loss=0.04381 wall=448.7s
[spatial train] ppo_vector_canonical seed=829 iteration=16/200 episodes=192 difficulty=0.300 loss=0.03543 wall=450.7s
[spatial train] ppo_semantic_flat seed=828 iteration=51/200 episodes=612 difficulty=0.000 loss=0.18499 wall=451.3s
[spatial train] ppo_ontology_rgat seed=828 iteration=18/200 episodes=216 difficulty=0.000 loss=0.21412 wall=451.6s
[spatial train] ppo_ontology_rgat seed=829 iteration=17/200 episodes=204 difficulty=0.000 loss=0.05554 wall=454.0s
[spatial train] ppo_semantic_flat seed=829 iteration=23/200 episodes=276 difficulty=0.100 loss=0.07156 wall=464.7s
[spatial train] ppo_semantic_flat seed=828 iteration=52/200 episodes=624 difficulty=0.000 loss=0.11079 wall=468.2s
[spatial train] ppo_vector_canonical seed=828 iteration=16/200 episodes=192 difficulty=0.500 loss=-0.02712 wall=476.4s
[spatial train] ppo_semantic_flat seed=828 iteration=53/200 episodes=636 difficulty=0.000 loss=0.03762 wall=483.3s
[spatial train] ppo_semantic_flat seed=829 iteration=24/200 episodes=288 difficulty=0.100 loss=0.03768 wall=483.3s
[spatial train] ppo_ontology_rgat seed=828 iteration=19/200 episodes=228 difficulty=0.000 loss=0.02153 wall=486.6s
[spatial train] ppo_ontology_rgat seed=829 iteration=18/200 episodes=216 difficulty=0.000 loss=0.10906 wall=488.6s
[spatial train] ppo_vector_canonical seed=829 iteration=17/200 episodes=204 difficulty=0.300 loss=0.00396 wall=491.0s
[spatial train] ppo_semantic_flat seed=829 iteration=25/200 episodes=300 difficulty=0.100 loss=0.07126 wall=497.2s
[spatial train] ppo_semantic_flat seed=828 iteration=54/200 episodes=648 difficulty=0.000 loss=0.10439 wall=499.6s
[spatial train] ppo_semantic_flat seed=829 iteration=26/200 episodes=312 difficulty=0.100 loss=0.06454 wall=503.3s
[spatial train] ppo_ontology_rgat seed=828 iteration=20/200 episodes=240 difficulty=0.000 loss=0.02728 wall=509.9s
[spatial train] ppo_semantic_flat seed=828 iteration=55/200 episodes=660 difficulty=0.000 loss=0.16016 wall=512.3s
[spatial train] ppo_vector_canonical seed=828 iteration=17/200 episodes=204 difficulty=0.500 loss=0.00064 wall=514.0s
[spatial train] ppo_semantic_flat seed=829 iteration=27/200 episodes=324 difficulty=0.100 loss=0.08258 wall=515.0s
[spatial train] ppo_ontology_rgat seed=829 iteration=19/200 episodes=228 difficulty=0.000 loss=0.03467 wall=515.1s
[spatial train] ppo_semantic_flat seed=828 iteration=56/200 episodes=672 difficulty=0.000 loss=0.25585 wall=520.6s
[spatial train] ppo_vector_canonical seed=829 iteration=18/200 episodes=216 difficulty=0.300 loss=-0.05826 wall=524.1s
[spatial train] ppo_semantic_flat seed=829 iteration=28/200 episodes=336 difficulty=0.200 loss=0.05193 wall=526.4s
[spatial train] ppo_semantic_flat seed=828 iteration=57/200 episodes=684 difficulty=0.000 loss=0.22494 wall=526.6s
[spatial train] ppo_ontology_rgat seed=828 iteration=21/200 episodes=252 difficulty=0.000 loss=0.04950 wall=529.3s
[spatial train] ppo_semantic_flat seed=829 iteration=29/200 episodes=348 difficulty=0.200 loss=0.07735 wall=534.5s
[spatial train] ppo_semantic_flat seed=828 iteration=58/200 episodes=696 difficulty=0.000 loss=0.15296 wall=538.9s
[spatial train] ppo_semantic_flat seed=829 iteration=30/200 episodes=360 difficulty=0.200 loss=0.05266 wall=545.3s
[spatial train] ppo_ontology_rgat seed=828 iteration=22/200 episodes=264 difficulty=0.000 loss=0.08274 wall=546.2s
[spatial train] ppo_vector_canonical seed=828 iteration=18/200 episodes=216 difficulty=0.500 loss=0.04717 wall=547.5s
[spatial train] ppo_semantic_flat seed=828 iteration=59/200 episodes=708 difficulty=0.000 loss=0.08466 wall=547.2s
[spatial train] ppo_vector_canonical seed=829 iteration=19/200 episodes=228 difficulty=0.300 loss=0.00408 wall=554.7s
[spatial train] ppo_semantic_flat seed=828 iteration=60/200 episodes=720 difficulty=0.000 loss=0.05559 wall=555.2s
[spatial train] ppo_ontology_rgat seed=829 iteration=20/200 episodes=240 difficulty=0.000 loss=0.05795 wall=558.4s
[spatial train] ppo_semantic_flat seed=829 iteration=31/200 episodes=372 difficulty=0.300 loss=0.07590 wall=562.4s
[spatial train] ppo_semantic_flat seed=828 iteration=61/200 episodes=732 difficulty=0.010 loss=0.06691 wall=565.9s
[spatial train] ppo_semantic_flat seed=829 iteration=32/200 episodes=384 difficulty=0.300 loss=0.10149 wall=566.6s
[spatial train] ppo_ontology_rgat seed=828 iteration=23/200 episodes=276 difficulty=0.000 loss=0.10684 wall=574.3s
[spatial train] ppo_semantic_flat seed=829 iteration=33/200 episodes=396 difficulty=0.400 loss=0.10467 wall=575.4s
[spatial train] ppo_semantic_flat seed=828 iteration=62/200 episodes=744 difficulty=0.020 loss=0.11827 wall=575.8s
[spatial train] ppo_vector_canonical seed=828 iteration=19/200 episodes=228 difficulty=0.500 loss=0.01426 wall=581.3s
[spatial train] ppo_semantic_flat seed=829 iteration=34/200 episodes=408 difficulty=0.400 loss=0.00304 wall=581.6s
[spatial train] ppo_semantic_flat seed=828 iteration=63/200 episodes=756 difficulty=0.030 loss=0.28939 wall=586.9s
[spatial train] ppo_semantic_flat seed=829 iteration=35/200 episodes=420 difficulty=0.500 loss=0.06828 wall=587.6s
[spatial train] ppo_semantic_flat seed=829 iteration=36/200 episodes=432 difficulty=0.500 loss=0.09503 wall=590.7s
[spatial train] ppo_vector_canonical seed=829 iteration=20/200 episodes=240 difficulty=0.300 loss=0.04903 wall=590.8s
[spatial train] ppo_ontology_rgat seed=829 iteration=21/200 episodes=252 difficulty=0.000 loss=0.07289 wall=592.3s
[spatial train] ppo_semantic_flat seed=828 iteration=64/200 episodes=768 difficulty=0.040 loss=0.07657 wall=595.7s
[spatial train] ppo_semantic_flat seed=829 iteration=37/200 episodes=444 difficulty=0.600 loss=0.06222 wall=597.5s
[spatial train] ppo_semantic_flat seed=828 iteration=65/200 episodes=780 difficulty=0.050 loss=0.06377 wall=604.3s
[spatial train] ppo_semantic_flat seed=829 iteration=38/200 episodes=456 difficulty=0.600 loss=-0.02068 wall=605.4s
[spatial train] ppo_ontology_rgat seed=828 iteration=24/200 episodes=288 difficulty=0.000 loss=0.03185 wall=609.8s
[spatial train] ppo_semantic_flat seed=828 iteration=66/200 episodes=792 difficulty=0.060 loss=0.04214 wall=610.9s
[spatial train] ppo_semantic_flat seed=829 iteration=39/200 episodes=468 difficulty=0.600 loss=0.05053 wall=612.7s
[spatial train] ppo_semantic_flat seed=828 iteration=67/200 episodes=804 difficulty=0.070 loss=0.16188 wall=617.3s
[spatial train] ppo_vector_canonical seed=828 iteration=20/200 episodes=240 difficulty=0.500 loss=0.02692 wall=621.0s
[spatial train] ppo_semantic_flat seed=829 iteration=40/200 episodes=480 difficulty=0.700 loss=0.06057 wall=621.4s
[spatial train] ppo_vector_canonical seed=829 iteration=21/200 episodes=252 difficulty=0.300 loss=0.02427 wall=623.2s
[spatial train] ppo_semantic_flat seed=829 iteration=41/200 episodes=492 difficulty=0.700 loss=0.09915 wall=629.1s
[spatial train] ppo_semantic_flat seed=828 iteration=68/200 episodes=816 difficulty=0.080 loss=0.17805 wall=631.3s
[spatial train] ppo_ontology_rgat seed=829 iteration=22/200 episodes=264 difficulty=0.000 loss=0.10663 wall=631.4s
[spatial train] ppo_ontology_rgat seed=828 iteration=25/200 episodes=300 difficulty=0.000 loss=0.08882 wall=638.1s
[spatial train] ppo_semantic_flat seed=829 iteration=42/200 episodes=504 difficulty=0.800 loss=0.04237 wall=638.8s
[spatial train] ppo_semantic_flat seed=828 iteration=69/200 episodes=828 difficulty=0.090 loss=-0.02402 wall=641.1s
[spatial train] ppo_semantic_flat seed=829 iteration=43/200 episodes=516 difficulty=0.800 loss=0.10659 wall=646.2s
[spatial train] ppo_semantic_flat seed=828 iteration=70/200 episodes=840 difficulty=0.100 loss=0.02119 wall=652.1s
[spatial train] ppo_vector_canonical seed=829 iteration=22/200 episodes=264 difficulty=0.300 loss=0.00786 wall=653.1s
[spatial train] ppo_ontology_rgat seed=828 iteration=26/200 episodes=312 difficulty=0.000 loss=0.06529 wall=653.3s
[spatial train] ppo_semantic_flat seed=829 iteration=44/200 episodes=528 difficulty=0.900 loss=0.12060 wall=654.4s
[spatial train] ppo_vector_canonical seed=828 iteration=21/200 episodes=252 difficulty=0.500 loss=-0.00918 wall=656.1s
[spatial train] ppo_semantic_flat seed=829 iteration=45/200 episodes=540 difficulty=0.900 loss=0.09912 wall=657.6s
[spatial train] ppo_semantic_flat seed=828 iteration=71/200 episodes=852 difficulty=0.110 loss=0.27568 wall=661.2s
[spatial train] ppo_semantic_flat seed=829 iteration=46/200 episodes=552 difficulty=0.900 loss=0.01497 wall=669.7s
[spatial train] ppo_semantic_flat seed=828 iteration=72/200 episodes=864 difficulty=0.120 loss=0.01693 wall=670.5s
[spatial train] ppo_ontology_rgat seed=828 iteration=27/200 episodes=324 difficulty=0.000 loss=0.08477 wall=675.6s
[spatial train] ppo_semantic_flat seed=828 iteration=73/200 episodes=876 difficulty=0.130 loss=0.14391 wall=677.3s
[spatial train] ppo_ontology_rgat seed=829 iteration=23/200 episodes=276 difficulty=0.000 loss=0.14255 wall=678.6s
[spatial train] ppo_vector_canonical seed=829 iteration=23/200 episodes=276 difficulty=0.300 loss=0.05698 wall=681.8s
[spatial train] ppo_semantic_flat seed=829 iteration=47/200 episodes=564 difficulty=0.900 loss=0.10236 wall=684.5s
[spatial train] ppo_semantic_flat seed=828 iteration=74/200 episodes=888 difficulty=0.140 loss=0.15219 wall=685.9s
[spatial train] ppo_vector_canonical seed=828 iteration=22/200 episodes=264 difficulty=0.500 loss=0.02037 wall=692.8s
[spatial train] ppo_semantic_flat seed=828 iteration=75/200 episodes=900 difficulty=0.150 loss=0.05559 wall=692.8s
[spatial train] ppo_ontology_rgat seed=829 iteration=24/200 episodes=288 difficulty=0.000 loss=-0.03939 wall=700.4s
[spatial train] ppo_semantic_flat seed=828 iteration=76/200 episodes=912 difficulty=0.160 loss=0.09452 wall=704.0s
[spatial train] ppo_semantic_flat seed=829 iteration=48/200 episodes=576 difficulty=0.900 loss=0.15931 wall=704.1s
[spatial train] ppo_semantic_flat seed=828 iteration=77/200 episodes=924 difficulty=0.170 loss=0.13496 wall=712.2s
[spatial train] ppo_ontology_rgat seed=828 iteration=28/200 episodes=336 difficulty=0.100 loss=0.05215 wall=712.4s
[spatial train] ppo_vector_canonical seed=829 iteration=24/200 episodes=288 difficulty=0.300 loss=0.09746 wall=714.7s
[spatial train] ppo_semantic_flat seed=829 iteration=49/200 episodes=588 difficulty=0.900 loss=0.09864 wall=719.2s
[spatial train] ppo_semantic_flat seed=828 iteration=78/200 episodes=936 difficulty=0.180 loss=0.00195 wall=725.4s
[spatial train] ppo_vector_canonical seed=828 iteration=23/200 episodes=276 difficulty=0.500 loss=0.06118 wall=727.2s
[spatial train] ppo_semantic_flat seed=829 iteration=50/200 episodes=600 difficulty=0.900 loss=0.04964 wall=729.9s
[spatial train] ppo_vector_canonical seed=829 iteration=25/200 episodes=300 difficulty=0.300 loss=0.07140 wall=732.5s
[spatial train] ppo_ontology_rgat seed=829 iteration=25/200 episodes=300 difficulty=0.000 loss=0.11106 wall=732.8s
[spatial train] ppo_semantic_flat seed=828 iteration=79/200 episodes=948 difficulty=0.190 loss=0.10458 wall=739.9s
[spatial train] ppo_semantic_flat seed=829 iteration=51/200 episodes=612 difficulty=0.900 loss=-0.00042 wall=740.7s
[spatial train] ppo_semantic_flat seed=829 iteration=52/200 episodes=624 difficulty=0.900 loss=0.13666 wall=749.6s
[spatial train] ppo_ontology_rgat seed=828 iteration=29/200 episodes=348 difficulty=0.100 loss=0.03644 wall=749.9s
[spatial train] ppo_semantic_flat seed=828 iteration=80/200 episodes=960 difficulty=0.200 loss=0.05259 wall=752.2s
[spatial train] ppo_semantic_flat seed=829 iteration=53/200 episodes=636 difficulty=0.900 loss=0.04874 wall=755.6s
[spatial train] ppo_vector_canonical seed=829 iteration=26/200 episodes=312 difficulty=0.400 loss=0.03405 wall=755.9s
[spatial train] ppo_semantic_flat seed=828 iteration=81/200 episodes=972 difficulty=0.210 loss=0.04914 wall=760.2s
[spatial train] ppo_semantic_flat seed=829 iteration=54/200 episodes=648 difficulty=0.900 loss=0.13193 wall=762.9s
[spatial train] ppo_vector_canonical seed=828 iteration=24/200 episodes=288 difficulty=0.500 loss=-0.01085 wall=766.9s
[spatial train] ppo_semantic_flat seed=828 iteration=82/200 episodes=984 difficulty=0.220 loss=0.15989 wall=768.8s
[spatial train] ppo_semantic_flat seed=829 iteration=55/200 episodes=660 difficulty=0.900 loss=0.08251 wall=773.5s
[spatial train] ppo_semantic_flat seed=828 iteration=83/200 episodes=996 difficulty=0.230 loss=0.06423 wall=778.9s
[spatial train] ppo_ontology_rgat seed=829 iteration=26/200 episodes=312 difficulty=0.000 loss=0.04026 wall=782.0s
[spatial train] ppo_ontology_rgat seed=828 iteration=30/200 episodes=360 difficulty=0.100 loss=0.09365 wall=785.0s
[spatial train] ppo_vector_canonical seed=829 iteration=27/200 episodes=324 difficulty=0.400 loss=0.05563 wall=786.4s
[spatial train] ppo_semantic_flat seed=829 iteration=56/200 episodes=672 difficulty=0.900 loss=-0.00497 wall=791.3s
[spatial train] ppo_semantic_flat seed=828 iteration=84/200 episodes=1008 difficulty=0.240 loss=0.05724 wall=792.7s
[spatial train] ppo_semantic_flat seed=828 iteration=85/200 episodes=1020 difficulty=0.250 loss=0.10860 wall=799.1s
[spatial train] ppo_semantic_flat seed=829 iteration=57/200 episodes=684 difficulty=0.900 loss=0.15745 wall=803.0s
[spatial train] ppo_vector_canonical seed=828 iteration=25/200 episodes=300 difficulty=0.500 loss=-0.00439 wall=804.5s
[spatial train] ppo_semantic_flat seed=828 iteration=86/200 episodes=1032 difficulty=0.260 loss=0.03169 wall=808.0s
[spatial train] ppo_semantic_flat seed=828 iteration=87/200 episodes=1044 difficulty=0.270 loss=0.18612 wall=813.3s
[spatial train] ppo_semantic_flat seed=829 iteration=58/200 episodes=696 difficulty=0.900 loss=0.24477 wall=819.1s
[spatial train] ppo_semantic_flat seed=828 iteration=88/200 episodes=1056 difficulty=0.280 loss=0.13846 wall=820.2s
[spatial train] ppo_ontology_rgat seed=829 iteration=27/200 episodes=324 difficulty=0.100 loss=0.01488 wall=823.6s
[spatial train] ppo_ontology_rgat seed=828 iteration=31/200 episodes=372 difficulty=0.100 loss=0.05084 wall=825.1s
[spatial train] ppo_semantic_flat seed=828 iteration=89/200 episodes=1068 difficulty=0.290 loss=0.11937 wall=828.0s
[spatial train] ppo_vector_canonical seed=829 iteration=28/200 episodes=336 difficulty=0.500 loss=0.01633 wall=829.0s
[spatial train] ppo_semantic_flat seed=829 iteration=59/200 episodes=708 difficulty=0.900 loss=0.13088 wall=833.1s
[spatial train] ppo_semantic_flat seed=828 iteration=90/200 episodes=1080 difficulty=0.300 loss=0.14208 wall=836.8s
[spatial train] ppo_vector_canonical seed=828 iteration=26/200 episodes=312 difficulty=0.500 loss=0.11742 wall=840.4s
[spatial train] ppo_semantic_flat seed=828 iteration=91/200 episodes=1092 difficulty=0.310 loss=0.10254 wall=843.4s
[spatial train] ppo_semantic_flat seed=829 iteration=60/200 episodes=720 difficulty=0.900 loss=0.04535 wall=848.2s
[spatial train] ppo_semantic_flat seed=828 iteration=92/200 episodes=1104 difficulty=0.320 loss=0.12498 wall=848.9s
[spatial train] ppo_semantic_flat seed=828 iteration=93/200 episodes=1116 difficulty=0.330 loss=0.15480 wall=855.0s
[spatial train] ppo_ontology_rgat seed=829 iteration=28/200 episodes=336 difficulty=0.100 loss=0.04464 wall=857.9s
[spatial train] ppo_semantic_flat seed=828 iteration=94/200 episodes=1128 difficulty=0.340 loss=0.14162 wall=860.9s
[spatial train] ppo_vector_canonical seed=829 iteration=29/200 episodes=348 difficulty=0.500 loss=-0.00119 wall=861.4s
[spatial train] ppo_semantic_flat seed=829 iteration=61/200 episodes=732 difficulty=0.900 loss=0.10328 wall=863.2s
[spatial train] ppo_semantic_flat seed=828 iteration=95/200 episodes=1140 difficulty=0.350 loss=0.14253 wall=868.7s
[spatial train] ppo_semantic_flat seed=829 iteration=62/200 episodes=744 difficulty=0.900 loss=0.11600 wall=871.4s
[spatial train] ppo_ontology_rgat seed=828 iteration=32/200 episodes=384 difficulty=0.100 loss=0.08763 wall=872.2s
[spatial train] ppo_vector_canonical seed=828 iteration=27/200 episodes=324 difficulty=0.500 loss=-0.01700 wall=876.6s
[spatial train] ppo_semantic_flat seed=828 iteration=96/200 episodes=1152 difficulty=0.360 loss=-0.01894 wall=877.3s
[spatial train] ppo_vector_canonical seed=829 iteration=30/200 episodes=360 difficulty=0.500 loss=-0.04020 wall=883.7s
[spatial train] ppo_semantic_flat seed=828 iteration=97/200 episodes=1164 difficulty=0.370 loss=0.09804 wall=885.2s
[spatial train] ppo_semantic_flat seed=828 iteration=98/200 episodes=1176 difficulty=0.380 loss=0.31746 wall=891.0s
[spatial train] ppo_semantic_flat seed=829 iteration=63/200 episodes=756 difficulty=0.900 loss=-0.04356 wall=894.1s
[spatial train] ppo_ontology_rgat seed=829 iteration=29/200 episodes=348 difficulty=0.200 loss=0.16090 wall=896.1s
[spatial train] ppo_semantic_flat seed=828 iteration=99/200 episodes=1188 difficulty=0.390 loss=0.12258 wall=896.8s
[spatial train] ppo_vector_canonical seed=829 iteration=31/200 episodes=372 difficulty=0.600 loss=0.06593 wall=897.3s
[spatial train] ppo_semantic_flat seed=828 iteration=100/200 episodes=1200 difficulty=0.400 loss=0.06901 wall=903.2s
[spatial train] ppo_vector_canonical seed=828 iteration=28/200 episodes=336 difficulty=0.600 loss=0.03897 wall=905.5s
[spatial train] ppo_vector_canonical seed=829 iteration=32/200 episodes=384 difficulty=0.600 loss=0.03255 wall=907.7s
[spatial train] ppo_semantic_flat seed=828 iteration=101/200 episodes=1212 difficulty=0.410 loss=0.26723 wall=909.3s
[spatial train] ppo_semantic_flat seed=829 iteration=64/200 episodes=768 difficulty=0.900 loss=-0.02324 wall=911.1s
[spatial train] ppo_vector_canonical seed=829 iteration=33/200 episodes=396 difficulty=0.700 loss=0.06167 wall=914.6s
[spatial train] ppo_semantic_flat seed=828 iteration=102/200 episodes=1224 difficulty=0.420 loss=0.19130 wall=915.5s
[spatial train] ppo_ontology_rgat seed=828 iteration=33/200 episodes=396 difficulty=0.100 loss=0.06856 wall=918.0s
[spatial train] ppo_vector_canonical seed=829 iteration=34/200 episodes=408 difficulty=0.700 loss=0.05774 wall=924.7s
[spatial train] ppo_ontology_rgat seed=829 iteration=30/200 episodes=360 difficulty=0.200 loss=0.20530 wall=925.4s
[spatial train] ppo_semantic_flat seed=829 iteration=65/200 episodes=780 difficulty=0.900 loss=0.05433 wall=927.8s
[spatial train] ppo_semantic_flat seed=828 iteration=103/200 episodes=1236 difficulty=0.430 loss=0.13790 wall=928.6s
[spatial train] ppo_vector_canonical seed=828 iteration=29/200 episodes=348 difficulty=0.600 loss=0.00529 wall=930.6s
[spatial train] ppo_semantic_flat seed=828 iteration=104/200 episodes=1248 difficulty=0.440 loss=0.16141 wall=936.0s
[spatial train] ppo_vector_canonical seed=829 iteration=35/200 episodes=420 difficulty=0.800 loss=0.06600 wall=937.3s
[spatial train] ppo_semantic_flat seed=829 iteration=66/200 episodes=792 difficulty=0.900 loss=0.06189 wall=937.6s
[spatial train] ppo_semantic_flat seed=828 iteration=105/200 episodes=1260 difficulty=0.450 loss=0.07740 wall=946.3s
[spatial train] ppo_semantic_flat seed=829 iteration=67/200 episodes=804 difficulty=0.900 loss=0.16845 wall=947.3s
[spatial train] ppo_ontology_rgat seed=828 iteration=34/200 episodes=408 difficulty=0.100 loss=0.10846 wall=947.6s
[spatial train] ppo_vector_canonical seed=829 iteration=36/200 episodes=432 difficulty=0.800 loss=0.00565 wall=955.5s
[spatial train] ppo_semantic_flat seed=828 iteration=106/200 episodes=1272 difficulty=0.460 loss=0.06697 wall=959.6s
[spatial train] ppo_semantic_flat seed=829 iteration=68/200 episodes=816 difficulty=0.900 loss=0.05879 wall=959.9s
[spatial train] ppo_ontology_rgat seed=829 iteration=31/200 episodes=372 difficulty=0.200 loss=0.06007 wall=960.5s
[spatial train] ppo_semantic_flat seed=829 iteration=69/200 episodes=828 difficulty=0.900 loss=0.11125 wall=968.6s
[spatial train] ppo_vector_canonical seed=828 iteration=30/200 episodes=360 difficulty=0.600 loss=0.08272 wall=971.6s
[spatial train] ppo_ontology_rgat seed=828 iteration=35/200 episodes=420 difficulty=0.100 loss=-0.00747 wall=971.2s
[spatial train] ppo_vector_canonical seed=829 iteration=37/200 episodes=444 difficulty=0.900 loss=0.07531 wall=974.3s
[spatial train] ppo_semantic_flat seed=828 iteration=107/200 episodes=1284 difficulty=0.470 loss=0.15634 wall=977.5s
[spatial train] ppo_semantic_flat seed=829 iteration=70/200 episodes=840 difficulty=0.900 loss=0.10197 wall=982.8s
[spatial train] ppo_semantic_flat seed=828 iteration=108/200 episodes=1296 difficulty=0.480 loss=0.01082 wall=988.2s
[spatial train] ppo_semantic_flat seed=829 iteration=71/200 episodes=852 difficulty=0.900 loss=0.07682 wall=993.0s
[spatial train] ppo_vector_canonical seed=828 iteration=31/200 episodes=372 difficulty=0.600 loss=0.03484 wall=996.3s
[spatial train] ppo_ontology_rgat seed=829 iteration=32/200 episodes=384 difficulty=0.200 loss=0.02405 wall=998.1s
Traceback (most recent call last):
  File "/home/j/SynologyDrive/junsuk/학술대회/CICS2026/Ontology_RGAT_UAV_RL_ISAAC_PX4/Ontology_RGAT_UAV_RL_ISAAC_PX4/python/run_spatial_pipeline.py", line 532, in <module>
    
  File "/home/j/SynologyDrive/junsuk/학술대회/CICS2026/Ontology_RGAT_UAV_RL_ISAAC_PX4/Ontology_RGAT_UAV_RL_ISAAC_PX4/python/run_spatial_pipeline.py", line 438, in main
    with multiprocessing.get_context("spawn").Pool(args.workers) as pool:
  File "/home/j/SynologyDrive/junsuk/학술대회/CICS2026/Ontology_RGAT_UAV_RL_ISAAC_PX4/Ontology_RGAT_UAV_RL_ISAAC_PX4/python/run_spatial_pipeline.py", line 430, in train_all
    )
  File "/usr/lib/python3.10/multiprocessing/pool.py", line 367, in map
    return self._map_async(func, iterable, mapstar, chunksize).get()
  File "/usr/lib/python3.10/multiprocessing/pool.py", line 768, in get
    self.wait(timeout)
  File "/usr/lib/python3.10/multiprocessing/pool.py", line 765, in wait
    self._event.wait(timeout)
  File "/usr/lib/python3.10/threading.py", line 607, in wait
    signaled = self._cond.wait(timeout)
  File "/usr/lib/python3.10/threading.py", line 320, in wait
    waiter.acquire()
  File "/home/j/SynologyDrive/junsuk/학술대회/CICS2026/Ontology_RGAT_UAV_RL_ISAAC_PX4/Ontology_RGAT_UAV_RL_ISAAC_PX4/python/run_spatial_pipeline.py", line 527, in request_shutdown
    )
KeyboardInterrupt: spatial shutdown requested
