run root : /home/j/SynologyDrive/junsuk/학술대회/CICS2026/Ontology_RGAT_UAV_RL_ISAAC_PX4/results/full_pipeline_20261006_v6_5seeds
cells    : low_sigma_kl
arms     : 3   seeds: 828 829 830 831 832   iterations: 200   workers: 10
Isaac/PX4 : ON -- will start a stack and fly eligible cells

[clone:plain] behaviour-cloning the teacher
  $ /usr/bin/python3 /home/j/SynologyDrive/junsuk/학술대회/CICS2026/Ontology_RGAT_UAV_RL_ISAAC_PX4/Ontology_RGAT_UAV_RL_ISAAC_PX4/tools/clone_spatial_teacher.py --output /home/j/SynologyDrive/junsuk/학술대회/CICS2026/Ontology_RGAT_UAV_RL_ISAAC_PX4/results/full_pipeline_20261006_v6_5seeds/clone_plain --seeds 828 829 830 831 832
    log -> /home/j/SynologyDrive/junsuk/학술대회/CICS2026/Ontology_RGAT_UAV_RL_ISAAC_PX4/results/logs/full_clone_plain.log
[train:low_sigma_kl] --final-log-std -3.5 --log-std-anneal-fraction 0.02 --enforce-target-kl
  $ /usr/bin/python3 /home/j/SynologyDrive/junsuk/학술대회/CICS2026/Ontology_RGAT_UAV_RL_ISAAC_PX4/Ontology_RGAT_UAV_RL_ISAAC_PX4/python/run_spatial_pipeline.py --stage train --output /home/j/SynologyDrive/junsuk/학술대회/CICS2026/Ontology_RGAT_UAV_RL_ISAAC_PX4/results/full_pipeline_20261006_v6_5seeds/low_sigma_kl --initialize-from /home/j/SynologyDrive/junsuk/학술대회/CICS2026/Ontology_RGAT_UAV_RL_ISAAC_PX4/results/full_pipeline_20261006_v6_5seeds/clone_plain --seeds 828 829 830 831 832 --iterations 200 --episodes-per-iteration 12 --evaluation-every 20 --ppo-preset reference-v28-episodic --activation-iterations 25 --activation-decisions 2048 --workers 10 --final-log-std -3.5 --log-std-anneal-fraction 0.02 --enforce-target-kl
    log -> /home/j/SynologyDrive/junsuk/학술대회/CICS2026/Ontology_RGAT_UAV_RL_ISAAC_PX4/results/logs/full_train_low_sigma_kl.log
  $ /usr/bin/python3 /home/j/SynologyDrive/junsuk/학술대회/CICS2026/Ontology_RGAT_UAV_RL_ISAAC_PX4/Ontology_RGAT_UAV_RL_ISAAC_PX4/tools/compare_spatial_arms.py /home/j/SynologyDrive/junsuk/학술대회/CICS2026/Ontology_RGAT_UAV_RL_ISAAC_PX4/results/full_pipeline_20261006_v6_5seeds/clone_plain /home/j/SynologyDrive/junsuk/학술대회/CICS2026/Ontology_RGAT_UAV_RL_ISAAC_PX4/results/full_pipeline_20261006_v6_5seeds/low_sigma_kl --seeds 4100 4148 --report /home/j/SynologyDrive/junsuk/학술대회/CICS2026/Ontology_RGAT_UAV_RL_ISAAC_PX4/results/full_pipeline_20261006_v6_5seeds/held_out.json
    log -> /home/j/SynologyDrive/junsuk/학술대회/CICS2026/Ontology_RGAT_UAV_RL_ISAAC_PX4/results/logs/full_held_out.log
[isaac:low_sigma_kl] flying 15 run(s)
  $ /usr/bin/python3 /home/j/SynologyDrive/junsuk/학술대회/CICS2026/Ontology_RGAT_UAV_RL_ISAAC_PX4/Ontology_RGAT_UAV_RL_ISAAC_PX4/python/run_spatial_pipeline.py --stage isaac --output /home/j/SynologyDrive/junsuk/학술대회/CICS2026/Ontology_RGAT_UAV_RL_ISAAC_PX4/results/full_pipeline_20261006_v6_5seeds/low_sigma_kl --seeds 828 829 830 831 832 --workers 1 --isaac-episodes 2
    log -> /home/j/SynologyDrive/junsuk/학술대회/CICS2026/Ontology_RGAT_UAV_RL_ISAAC_PX4/results/logs/full_isaac_low_sigma_kl.log
[isaac:low_sigma_kl] acceptance FAILED (read isaac_acceptance.json)
    ppo_vector_canonical   seed828 SUCCESS SUCCESS
    ppo_semantic_flat      seed828 UNAUTHORIZED_CONTACT SUCCESS
    ppo_ontology_rgat      seed828 SUCCESS SUCCESS
    ppo_vector_canonical   seed829 SUCCESS SUCCESS
    ppo_semantic_flat      seed829 UNSAFE_CONTACT UNAUTHORIZED_CONTACT
    ppo_ontology_rgat      seed829 SAFE_ABORT SUCCESS
    ppo_vector_canonical   seed830 SUCCESS SUCCESS
    ppo_semantic_flat      seed830 SUCCESS SUCCESS
    ppo_ontology_rgat      seed830 SUCCESS SUCCESS
    ppo_vector_canonical   seed831 SUCCESS SUCCESS
    ppo_semantic_flat      seed831 SUCCESS SUCCESS
    ppo_ontology_rgat      seed831 SUCCESS SUCCESS
    ppo_vector_canonical   seed832 UNSAFE_CONTACT UNSAFE_CONTACT
    ppo_semantic_flat      seed832 SUCCESS SUCCESS
    ppo_ontology_rgat      seed832 UNSAFE_CONTACT SUCCESS

held-out landing on 48 seeds 4100-4147, deterministic; 'relation' is whether the proposed arm's relational path was live in the deployed checkpoint

cell                 run                             BC start  after PPO  unsafe   return  train SUCCESS  relation
low_sigma_kl         ppo_ontology_rgat__seed828         29.2%      70.8%   16.7%    14.30   1416/2400         live
low_sigma_kl         ppo_ontology_rgat__seed829         56.2%      77.1%   20.8%    15.68   1532/2400         live
low_sigma_kl         ppo_ontology_rgat__seed830         64.6%      83.3%   12.5%    20.72   1524/2400         live
low_sigma_kl         ppo_ontology_rgat__seed831         43.8%      89.6%   10.4%    23.56   1748/2400         live
low_sigma_kl         ppo_ontology_rgat__seed832         64.6%      85.4%   10.4%    22.14   1615/2400         live
low_sigma_kl         ppo_semantic_flat__seed828         50.0%      18.8%   56.2%   -18.47   1251/2400            -
low_sigma_kl         ppo_semantic_flat__seed829         72.9%      60.4%   22.9%     7.78    966/2400            -
low_sigma_kl         ppo_semantic_flat__seed830         79.2%      66.7%   29.2%     9.51   1386/2400            -
low_sigma_kl         ppo_semantic_flat__seed831         68.8%      79.2%   20.8%    16.80   1679/2400            -
low_sigma_kl         ppo_semantic_flat__seed832         68.8%      79.2%   14.6%    18.41   1400/2400            -
low_sigma_kl         ppo_vector_canonical__seed828      50.0%      91.7%    6.2%    25.25   1628/2400            -
low_sigma_kl         ppo_vector_canonical__seed829      22.9%      64.6%   33.3%     6.97    864/2400            -
low_sigma_kl         ppo_vector_canonical__seed830      64.6%      62.5%   35.4%     5.67   1095/2400            -
low_sigma_kl         ppo_vector_canonical__seed831      68.8%      87.5%   12.5%    22.41   1678/2400            -
low_sigma_kl         ppo_vector_canonical__seed832      72.9%      68.8%   20.8%    11.93   1355/2400            -

wrote /home/j/SynologyDrive/junsuk/학술대회/CICS2026/Ontology_RGAT_UAV_RL_ISAAC_PX4/results/full_pipeline_20261006_v6_5seeds/summary.json
