[spatial train] ppo_semantic_flat seed=829 iteration=1/200 episodes=12 difficulty=0.000 loss=-0.00679 wall=15.3s
[spatial train] ppo_semantic_flat seed=828 iteration=1/200 episodes=12 difficulty=0.000 loss=-0.00417 wall=16.1s
[spatial train] ppo_vector_canonical seed=829 iteration=1/200 episodes=12 difficulty=0.000 loss=-0.00207 wall=17.0s
[spatial train] ppo_ontology_rgat seed=828 iteration=1/200 episodes=12 difficulty=0.000 loss=-0.00237 wall=17.5s
[spatial train] ppo_vector_canonical seed=828 iteration=1/200 episodes=12 difficulty=0.000 loss=-0.00340 wall=18.0s
[spatial train] ppo_ontology_rgat seed=829 iteration=1/200 episodes=12 difficulty=0.000 loss=-0.00650 wall=20.8s
[spatial train] ppo_semantic_flat seed=829 iteration=2/200 episodes=24 difficulty=0.000 loss=-0.00182 wall=29.5s
[spatial train] ppo_semantic_flat seed=828 iteration=2/200 episodes=24 difficulty=0.000 loss=-0.00255 wall=30.7s
[spatial train] ppo_vector_canonical seed=829 iteration=2/200 episodes=24 difficulty=0.000 loss=-0.00275 wall=41.1s
[spatial train] ppo_vector_canonical seed=828 iteration=2/200 episodes=24 difficulty=0.000 loss=-0.00249 wall=47.3s
[spatial train] ppo_ontology_rgat seed=828 iteration=2/200 episodes=24 difficulty=0.000 loss=-0.00262 wall=47.7s
[spatial train] ppo_ontology_rgat seed=829 iteration=2/200 episodes=24 difficulty=0.000 loss=-0.00242 wall=48.0s
[spatial train] ppo_semantic_flat seed=828 iteration=3/200 episodes=36 difficulty=0.000 loss=0.07217 wall=54.9s
[spatial train] ppo_semantic_flat seed=829 iteration=3/200 episodes=36 difficulty=0.000 loss=0.02387 wall=59.3s
[spatial train] ppo_semantic_flat seed=828 iteration=4/200 episodes=48 difficulty=0.000 loss=-0.00062 wall=64.7s
[spatial train] ppo_vector_canonical seed=829 iteration=3/200 episodes=36 difficulty=0.000 loss=-0.00074 wall=68.4s
[spatial train] ppo_ontology_rgat seed=828 iteration=3/200 episodes=36 difficulty=0.000 loss=0.12044 wall=70.6s
[spatial train] ppo_semantic_flat seed=828 iteration=5/200 episodes=60 difficulty=0.000 loss=0.00117 wall=79.5s
[spatial train] ppo_ontology_rgat seed=829 iteration=3/200 episodes=36 difficulty=0.000 loss=0.03591 wall=79.4s
[spatial train] ppo_semantic_flat seed=829 iteration=4/200 episodes=48 difficulty=0.000 loss=-0.02518 wall=81.0s
[spatial train] ppo_vector_canonical seed=828 iteration=3/200 episodes=36 difficulty=0.000 loss=0.00062 wall=87.4s
[spatial train] ppo_ontology_rgat seed=828 iteration=4/200 episodes=48 difficulty=0.000 loss=0.06269 wall=88.8s
[spatial train] ppo_vector_canonical seed=829 iteration=4/200 episodes=48 difficulty=0.000 loss=-0.00401 wall=96.3s
[spatial train] ppo_semantic_flat seed=829 iteration=5/200 episodes=60 difficulty=0.000 loss=0.02940 wall=101.1s
[spatial train] ppo_semantic_flat seed=828 iteration=6/200 episodes=72 difficulty=0.000 loss=-0.07141 wall=102.3s
[spatial train] ppo_vector_canonical seed=828 iteration=4/200 episodes=48 difficulty=0.000 loss=-0.00431 wall=104.3s
[spatial train] ppo_ontology_rgat seed=829 iteration=4/200 episodes=48 difficulty=0.000 loss=-0.04344 wall=106.6s
[spatial train] ppo_ontology_rgat seed=828 iteration=5/200 episodes=60 difficulty=0.000 loss=0.00556 wall=110.2s
[spatial train] ppo_semantic_flat seed=829 iteration=6/200 episodes=72 difficulty=0.000 loss=0.00502 wall=110.9s
[spatial train] ppo_vector_canonical seed=829 iteration=5/200 episodes=60 difficulty=0.000 loss=-0.00281 wall=117.5s
[spatial train] ppo_semantic_flat seed=828 iteration=7/200 episodes=84 difficulty=0.000 loss=-0.00409 wall=119.3s
[spatial train] ppo_semantic_flat seed=829 iteration=7/200 episodes=84 difficulty=0.000 loss=-0.01617 wall=121.0s
[spatial train] ppo_vector_canonical seed=828 iteration=5/200 episodes=60 difficulty=0.000 loss=-0.00318 wall=128.3s
[spatial train] ppo_vector_canonical seed=829 iteration=6/200 episodes=72 difficulty=0.000 loss=0.00478 wall=130.7s
[spatial train] ppo_semantic_flat seed=829 iteration=8/200 episodes=96 difficulty=0.000 loss=-0.01181 wall=132.4s
[spatial train] ppo_ontology_rgat seed=828 iteration=6/200 episodes=72 difficulty=0.000 loss=0.00685 wall=133.6s
[spatial train] ppo_ontology_rgat seed=829 iteration=5/200 episodes=60 difficulty=0.000 loss=-0.03029 wall=134.9s
[spatial train] ppo_semantic_flat seed=828 iteration=8/200 episodes=96 difficulty=0.000 loss=0.05468 wall=137.6s
[spatial train] ppo_vector_canonical seed=828 iteration=6/200 episodes=72 difficulty=0.000 loss=-0.00172 wall=147.6s
[spatial train] ppo_semantic_flat seed=829 iteration=9/200 episodes=108 difficulty=0.000 loss=-0.01965 wall=149.2s
[spatial train] ppo_ontology_rgat seed=829 iteration=6/200 episodes=72 difficulty=0.000 loss=0.00235 wall=156.4s
[spatial train] ppo_vector_canonical seed=829 iteration=7/200 episodes=84 difficulty=0.000 loss=-0.00436 wall=157.5s
[spatial train] ppo_semantic_flat seed=828 iteration=9/200 episodes=108 difficulty=0.000 loss=0.00353 wall=157.9s
[spatial train] ppo_ontology_rgat seed=828 iteration=7/200 episodes=84 difficulty=0.000 loss=0.03212 wall=166.2s
[spatial train] ppo_semantic_flat seed=828 iteration=10/200 episodes=120 difficulty=0.000 loss=-0.00331 wall=169.8s
[spatial train] ppo_semantic_flat seed=829 iteration=10/200 episodes=120 difficulty=0.000 loss=-0.01975 wall=170.4s
[spatial train] ppo_vector_canonical seed=828 iteration=7/200 episodes=84 difficulty=0.000 loss=-0.00344 wall=173.8s
[spatial train] ppo_ontology_rgat seed=829 iteration=7/200 episodes=84 difficulty=0.000 loss=0.01322 wall=177.9s
[spatial train] ppo_vector_canonical seed=829 iteration=8/200 episodes=96 difficulty=0.000 loss=-0.00490 wall=179.6s
[spatial train] ppo_semantic_flat seed=828 iteration=11/200 episodes=132 difficulty=0.000 loss=0.01546 wall=180.0s
[spatial train] ppo_semantic_flat seed=829 iteration=11/200 episodes=132 difficulty=0.000 loss=0.01978 wall=182.8s
[spatial train] ppo_ontology_rgat seed=828 iteration=8/200 episodes=96 difficulty=0.000 loss=0.04828 wall=189.9s
[spatial train] ppo_semantic_flat seed=828 iteration=12/200 episodes=144 difficulty=0.000 loss=-0.00308 wall=191.5s
[spatial train] ppo_semantic_flat seed=829 iteration=12/200 episodes=144 difficulty=0.000 loss=0.01376 wall=192.3s
[spatial train] ppo_vector_canonical seed=828 iteration=8/200 episodes=96 difficulty=0.000 loss=-0.00388 wall=194.4s
[spatial train] ppo_ontology_rgat seed=829 iteration=8/200 episodes=96 difficulty=0.000 loss=-0.00704 wall=197.4s
[spatial train] ppo_semantic_flat seed=829 iteration=13/200 episodes=156 difficulty=0.000 loss=0.00618 wall=199.7s
[spatial train] ppo_vector_canonical seed=829 iteration=9/200 episodes=108 difficulty=0.000 loss=0.00181 wall=203.5s
[spatial train] ppo_semantic_flat seed=828 iteration=13/200 episodes=156 difficulty=0.000 loss=0.00062 wall=208.5s
[spatial train] ppo_ontology_rgat seed=828 iteration=9/200 episodes=108 difficulty=0.000 loss=-0.02004 wall=212.1s
[spatial train] ppo_semantic_flat seed=829 iteration=14/200 episodes=168 difficulty=0.000 loss=0.02918 wall=212.4s
[spatial train] ppo_vector_canonical seed=828 iteration=9/200 episodes=108 difficulty=0.000 loss=-0.00582 wall=213.3s
[spatial train] ppo_ontology_rgat seed=829 iteration=9/200 episodes=108 difficulty=0.000 loss=0.02394 wall=213.3s
[spatial train] ppo_vector_canonical seed=829 iteration=10/200 episodes=120 difficulty=0.000 loss=-0.00639 wall=221.3s
[spatial train] ppo_semantic_flat seed=828 iteration=14/200 episodes=168 difficulty=0.000 loss=-0.05215 wall=224.8s
[spatial train] ppo_semantic_flat seed=829 iteration=15/200 episodes=180 difficulty=0.000 loss=0.00870 wall=224.4s
[spatial train] ppo_vector_canonical seed=828 iteration=10/200 episodes=120 difficulty=0.000 loss=0.00069 wall=229.6s
[spatial train] ppo_ontology_rgat seed=828 iteration=10/200 episodes=120 difficulty=0.000 loss=0.02958 wall=230.4s
[spatial train] ppo_semantic_flat seed=829 iteration=16/200 episodes=192 difficulty=0.000 loss=0.00724 wall=232.3s
[spatial train] ppo_ontology_rgat seed=829 iteration=10/200 episodes=120 difficulty=0.000 loss=0.01040 wall=234.2s
[spatial train] ppo_semantic_flat seed=828 iteration=15/200 episodes=180 difficulty=0.000 loss=-0.00004 wall=236.7s
[spatial train] ppo_vector_canonical seed=829 iteration=11/200 episodes=132 difficulty=0.000 loss=-0.00475 wall=238.7s
[spatial train] ppo_semantic_flat seed=829 iteration=17/200 episodes=204 difficulty=0.000 loss=-0.02910 wall=239.9s
[spatial train] ppo_vector_canonical seed=828 iteration=11/200 episodes=132 difficulty=0.000 loss=-0.00333 wall=243.6s
[spatial train] ppo_ontology_rgat seed=828 iteration=11/200 episodes=132 difficulty=0.000 loss=-0.00035 wall=246.9s
[spatial train] ppo_semantic_flat seed=828 iteration=16/200 episodes=192 difficulty=0.000 loss=-0.02550 wall=248.5s
[spatial train] ppo_ontology_rgat seed=829 iteration=11/200 episodes=132 difficulty=0.000 loss=0.03362 wall=252.1s
[spatial train] ppo_semantic_flat seed=828 iteration=17/200 episodes=204 difficulty=0.000 loss=-0.00648 wall=255.0s
[spatial train] ppo_vector_canonical seed=829 iteration=12/200 episodes=144 difficulty=0.000 loss=-0.00740 wall=255.6s
[spatial train] ppo_semantic_flat seed=829 iteration=18/200 episodes=216 difficulty=0.000 loss=-0.02817 wall=256.0s
[spatial train] ppo_vector_canonical seed=828 iteration=12/200 episodes=144 difficulty=0.000 loss=-0.00464 wall=264.0s
[spatial train] ppo_ontology_rgat seed=828 iteration=12/200 episodes=144 difficulty=0.000 loss=-0.01028 wall=266.4s
[spatial train] ppo_semantic_flat seed=829 iteration=19/200 episodes=228 difficulty=0.000 loss=0.00408 wall=267.5s
[spatial train] ppo_semantic_flat seed=828 iteration=18/200 episodes=216 difficulty=0.000 loss=-0.00224 wall=269.9s
[spatial train] ppo_ontology_rgat seed=829 iteration=12/200 episodes=144 difficulty=0.000 loss=0.01168 wall=271.3s
[spatial train] ppo_vector_canonical seed=829 iteration=13/200 episodes=156 difficulty=0.000 loss=-0.00407 wall=276.9s
[spatial train] ppo_semantic_flat seed=828 iteration=19/200 episodes=228 difficulty=0.000 loss=-0.00089 wall=282.9s
[spatial train] ppo_vector_canonical seed=828 iteration=13/200 episodes=156 difficulty=0.000 loss=-0.00737 wall=283.2s
[spatial train] ppo_semantic_flat seed=829 iteration=20/200 episodes=240 difficulty=0.000 loss=0.00926 wall=284.2s
[spatial train] ppo_ontology_rgat seed=828 iteration=13/200 episodes=156 difficulty=0.000 loss=0.01164 wall=287.1s
[spatial train] ppo_vector_canonical seed=829 iteration=14/200 episodes=168 difficulty=0.000 loss=-0.01522 wall=292.7s
[spatial train] ppo_ontology_rgat seed=829 iteration=13/200 episodes=156 difficulty=0.000 loss=0.00632 wall=293.2s
[spatial train] ppo_semantic_flat seed=828 iteration=20/200 episodes=240 difficulty=0.000 loss=-0.00311 wall=296.7s
[spatial train] ppo_semantic_flat seed=829 iteration=21/200 episodes=252 difficulty=0.000 loss=0.00529 wall=298.4s
[spatial train] ppo_vector_canonical seed=828 iteration=14/200 episodes=168 difficulty=0.000 loss=-0.00693 wall=305.7s
[spatial train] ppo_ontology_rgat seed=828 iteration=14/200 episodes=168 difficulty=0.000 loss=0.01479 wall=308.2s
[spatial train] ppo_vector_canonical seed=829 iteration=15/200 episodes=180 difficulty=0.000 loss=-0.00790 wall=308.2s
[spatial train] ppo_semantic_flat seed=828 iteration=21/200 episodes=252 difficulty=0.000 loss=0.02281 wall=308.4s
[spatial train] ppo_ontology_rgat seed=829 iteration=14/200 episodes=168 difficulty=0.000 loss=0.00851 wall=312.4s
[spatial train] ppo_semantic_flat seed=829 iteration=22/200 episodes=264 difficulty=0.000 loss=-0.00850 wall=317.9s
[spatial train] ppo_vector_canonical seed=828 iteration=15/200 episodes=180 difficulty=0.000 loss=-0.01104 wall=321.6s
[spatial train] ppo_vector_canonical seed=829 iteration=16/200 episodes=192 difficulty=0.000 loss=-0.00570 wall=325.4s
[spatial train] ppo_ontology_rgat seed=828 iteration=15/200 episodes=180 difficulty=0.000 loss=0.02547 wall=327.5s
[spatial train] ppo_semantic_flat seed=828 iteration=22/200 episodes=264 difficulty=0.000 loss=-0.01829 wall=328.5s
[spatial train] ppo_ontology_rgat seed=829 iteration=15/200 episodes=180 difficulty=0.000 loss=-0.02806 wall=331.6s
[spatial train] ppo_vector_canonical seed=828 iteration=16/200 episodes=192 difficulty=0.000 loss=-0.00648 wall=337.7s
[spatial train] ppo_semantic_flat seed=829 iteration=23/200 episodes=276 difficulty=0.000 loss=0.02903 wall=340.0s
[spatial train] ppo_vector_canonical seed=829 iteration=17/200 episodes=204 difficulty=0.000 loss=-0.00626 wall=344.4s
[spatial train] ppo_ontology_rgat seed=828 iteration=16/200 episodes=192 difficulty=0.000 loss=0.00570 wall=345.6s
[spatial train] ppo_semantic_flat seed=829 iteration=24/200 episodes=288 difficulty=0.000 loss=0.02660 wall=350.2s
[spatial train] ppo_ontology_rgat seed=829 iteration=16/200 episodes=192 difficulty=0.000 loss=0.00606 wall=351.2s
[spatial train] ppo_semantic_flat seed=828 iteration=23/200 episodes=276 difficulty=0.000 loss=-0.02835 wall=351.8s
[spatial train] ppo_vector_canonical seed=828 iteration=17/200 episodes=204 difficulty=0.000 loss=-0.00629 wall=355.4s
[spatial train] ppo_semantic_flat seed=829 iteration=25/200 episodes=300 difficulty=0.000 loss=0.02951 wall=356.9s
[spatial train] ppo_ontology_rgat seed=828 iteration=17/200 episodes=204 difficulty=0.000 loss=0.01489 wall=363.7s
[spatial train] ppo_vector_canonical seed=829 iteration=18/200 episodes=216 difficulty=0.000 loss=-0.00624 wall=366.8s
[spatial train] ppo_semantic_flat seed=828 iteration=24/200 episodes=288 difficulty=0.000 loss=0.00901 wall=369.0s
[spatial train] ppo_semantic_flat seed=829 iteration=26/200 episodes=312 difficulty=0.000 loss=-0.02293 wall=369.9s
[spatial train] ppo_ontology_rgat seed=829 iteration=17/200 episodes=204 difficulty=0.000 loss=0.02522 wall=374.7s
[spatial train] ppo_vector_canonical seed=828 iteration=18/200 episodes=216 difficulty=0.000 loss=-0.00030 wall=377.6s
[spatial train] ppo_ontology_rgat seed=828 iteration=18/200 episodes=216 difficulty=0.000 loss=0.01773 wall=383.3s
[spatial train] ppo_semantic_flat seed=829 iteration=27/200 episodes=324 difficulty=0.000 loss=0.00725 wall=385.6s
[spatial train] ppo_vector_canonical seed=829 iteration=19/200 episodes=228 difficulty=0.000 loss=-0.00282 wall=387.8s
[spatial train] ppo_semantic_flat seed=828 iteration=25/200 episodes=300 difficulty=0.000 loss=0.00834 wall=394.6s
[spatial train] ppo_ontology_rgat seed=829 iteration=18/200 episodes=216 difficulty=0.000 loss=0.00302 wall=395.7s
[spatial train] ppo_semantic_flat seed=829 iteration=28/200 episodes=336 difficulty=0.000 loss=0.02937 wall=397.1s
[spatial train] ppo_vector_canonical seed=828 iteration=19/200 episodes=228 difficulty=0.000 loss=-0.00533 wall=398.5s
[spatial train] ppo_ontology_rgat seed=828 iteration=19/200 episodes=228 difficulty=0.000 loss=0.00644 wall=407.6s
[spatial train] ppo_semantic_flat seed=828 iteration=26/200 episodes=312 difficulty=0.000 loss=0.01980 wall=411.4s
[spatial train] ppo_vector_canonical seed=829 iteration=20/200 episodes=240 difficulty=0.000 loss=-0.00254 wall=412.9s
[spatial train] ppo_semantic_flat seed=829 iteration=29/200 episodes=348 difficulty=0.000 loss=0.00537 wall=414.4s
[spatial train] ppo_ontology_rgat seed=829 iteration=19/200 episodes=228 difficulty=0.000 loss=-0.00311 wall=417.2s
[spatial train] ppo_vector_canonical seed=828 iteration=20/200 episodes=240 difficulty=0.000 loss=-0.00407 wall=422.0s
[spatial train] ppo_ontology_rgat seed=828 iteration=20/200 episodes=240 difficulty=0.000 loss=0.01169 wall=428.8s
[spatial train] ppo_semantic_flat seed=828 iteration=27/200 episodes=324 difficulty=0.000 loss=-0.00201 wall=429.6s
[spatial train] ppo_semantic_flat seed=829 iteration=30/200 episodes=360 difficulty=0.000 loss=0.02062 wall=430.0s
[spatial train] ppo_vector_canonical seed=829 iteration=21/200 episodes=252 difficulty=0.000 loss=-0.00494 wall=432.8s
[spatial train] ppo_vector_canonical seed=828 iteration=21/200 episodes=252 difficulty=0.000 loss=-0.00226 wall=437.1s
[spatial train] ppo_semantic_flat seed=828 iteration=28/200 episodes=336 difficulty=0.000 loss=0.01052 wall=446.5s
[spatial train] ppo_semantic_flat seed=829 iteration=31/200 episodes=372 difficulty=0.000 loss=0.02513 wall=446.9s
[spatial train] ppo_ontology_rgat seed=828 iteration=21/200 episodes=252 difficulty=0.000 loss=-0.01804 wall=448.2s
[spatial train] ppo_vector_canonical seed=829 iteration=22/200 episodes=264 difficulty=0.000 loss=-0.00740 wall=449.8s
[spatial train] ppo_vector_canonical seed=828 iteration=22/200 episodes=264 difficulty=0.000 loss=-0.00755 wall=451.5s
[spatial train] ppo_ontology_rgat seed=829 iteration=20/200 episodes=240 difficulty=0.000 loss=0.01116 wall=452.0s
[spatial train] ppo_semantic_flat seed=828 iteration=29/200 episodes=348 difficulty=0.000 loss=0.02986 wall=465.0s
[spatial train] ppo_semantic_flat seed=829 iteration=32/200 episodes=384 difficulty=0.000 loss=0.01563 wall=466.0s
[spatial train] ppo_vector_canonical seed=828 iteration=23/200 episodes=276 difficulty=0.000 loss=-0.00659 wall=468.8s
[spatial train] ppo_ontology_rgat seed=828 iteration=22/200 episodes=264 difficulty=0.000 loss=0.01908 wall=469.5s
[spatial train] ppo_vector_canonical seed=829 iteration=23/200 episodes=276 difficulty=0.000 loss=-0.00187 wall=469.6s
[spatial train] ppo_ontology_rgat seed=829 iteration=21/200 episodes=252 difficulty=0.000 loss=-0.01701 wall=477.5s
[spatial train] ppo_semantic_flat seed=828 iteration=30/200 episodes=360 difficulty=0.000 loss=0.00413 wall=481.4s
[spatial train] ppo_semantic_flat seed=829 iteration=33/200 episodes=396 difficulty=0.000 loss=-0.04083 wall=481.1s
[spatial train] ppo_vector_canonical seed=828 iteration=24/200 episodes=288 difficulty=0.000 loss=-0.00429 wall=485.8s
[spatial train] ppo_vector_canonical seed=829 iteration=24/200 episodes=288 difficulty=0.000 loss=-0.00459 wall=488.7s
[spatial train] ppo_ontology_rgat seed=828 iteration=23/200 episodes=276 difficulty=0.000 loss=0.00920 wall=488.8s
[spatial train] ppo_semantic_flat seed=828 iteration=31/200 episodes=372 difficulty=0.000 loss=-0.00680 wall=495.3s
[spatial train] ppo_ontology_rgat seed=829 iteration=22/200 episodes=264 difficulty=0.000 loss=0.01327 wall=496.4s
[spatial train] ppo_semantic_flat seed=829 iteration=34/200 episodes=408 difficulty=0.000 loss=0.00915 wall=500.0s
[spatial train] ppo_vector_canonical seed=828 iteration=25/200 episodes=300 difficulty=0.000 loss=-0.00308 wall=505.4s
[spatial train] ppo_vector_canonical seed=829 iteration=25/200 episodes=300 difficulty=0.000 loss=-0.00463 wall=506.7s
[spatial train] ppo_ontology_rgat seed=828 iteration=24/200 episodes=288 difficulty=0.000 loss=0.02739 wall=507.8s
[spatial train] ppo_semantic_flat seed=828 iteration=32/200 episodes=384 difficulty=0.000 loss=0.01521 wall=513.0s
[spatial train] ppo_ontology_rgat seed=829 iteration=23/200 episodes=276 difficulty=0.000 loss=-0.00565 wall=515.0s
[spatial train] ppo_semantic_flat seed=829 iteration=35/200 episodes=420 difficulty=0.000 loss=0.01016 wall=516.4s
[spatial train] ppo_vector_canonical seed=828 iteration=26/200 episodes=312 difficulty=0.000 loss=-0.00388 wall=522.4s
[spatial train] ppo_vector_canonical seed=829 iteration=26/200 episodes=312 difficulty=0.000 loss=-0.00504 wall=525.9s
[spatial train] ppo_ontology_rgat seed=828 iteration=25/200 episodes=300 difficulty=0.000 loss=0.02313 wall=526.7s
[spatial train] ppo_semantic_flat seed=828 iteration=33/200 episodes=396 difficulty=0.000 loss=0.02457 wall=526.9s
[spatial train] ppo_ontology_rgat seed=829 iteration=24/200 episodes=288 difficulty=0.000 loss=0.00406 wall=530.3s
[spatial train] ppo_semantic_flat seed=829 iteration=36/200 episodes=432 difficulty=0.000 loss=-0.00288 wall=533.1s
[spatial train] ppo_vector_canonical seed=828 iteration=27/200 episodes=324 difficulty=0.000 loss=-0.00631 wall=542.1s
[spatial train] ppo_semantic_flat seed=828 iteration=34/200 episodes=408 difficulty=0.000 loss=0.01436 wall=543.1s
[spatial train] ppo_vector_canonical seed=829 iteration=27/200 episodes=324 difficulty=0.000 loss=-0.00553 wall=543.8s
[spatial train] ppo_ontology_rgat seed=828 iteration=26/200 episodes=312 difficulty=0.000 loss=0.02059 wall=547.2s
[spatial train] ppo_ontology_rgat seed=829 iteration=25/200 episodes=300 difficulty=0.000 loss=0.02229 wall=548.8s
[spatial train] ppo_semantic_flat seed=829 iteration=37/200 episodes=444 difficulty=0.000 loss=0.03128 wall=549.3s
[spatial train] ppo_semantic_flat seed=828 iteration=35/200 episodes=420 difficulty=0.000 loss=0.02588 wall=556.8s
[spatial train] ppo_vector_canonical seed=828 iteration=28/200 episodes=336 difficulty=0.000 loss=-0.00373 wall=558.9s
[spatial train] ppo_vector_canonical seed=829 iteration=28/200 episodes=336 difficulty=0.000 loss=0.00060 wall=562.9s
[spatial train] ppo_semantic_flat seed=829 iteration=38/200 episodes=456 difficulty=0.000 loss=0.02383 wall=568.2s
[spatial train] ppo_ontology_rgat seed=829 iteration=26/200 episodes=312 difficulty=0.000 loss=0.01712 wall=569.0s
[spatial train] ppo_ontology_rgat seed=828 iteration=27/200 episodes=324 difficulty=0.000 loss=0.00725 wall=569.5s
[spatial train] ppo_semantic_flat seed=828 iteration=36/200 episodes=432 difficulty=0.000 loss=0.03595 wall=573.1s
[spatial train] ppo_vector_canonical seed=828 iteration=29/200 episodes=348 difficulty=0.000 loss=-0.00491 wall=573.3s
[spatial train] ppo_vector_canonical seed=829 iteration=29/200 episodes=348 difficulty=0.000 loss=-0.00358 wall=582.2s
[spatial train] ppo_semantic_flat seed=829 iteration=39/200 episodes=468 difficulty=0.000 loss=0.00367 wall=585.8s
[spatial train] ppo_vector_canonical seed=828 iteration=30/200 episodes=360 difficulty=0.000 loss=-0.00337 wall=589.0s
[spatial train] ppo_ontology_rgat seed=829 iteration=27/200 episodes=324 difficulty=0.000 loss=0.00171 wall=589.3s
[spatial train] ppo_ontology_rgat seed=828 iteration=28/200 episodes=336 difficulty=0.000 loss=0.00903 wall=591.9s
[spatial train] ppo_semantic_flat seed=828 iteration=37/200 episodes=444 difficulty=0.000 loss=-0.02928 wall=592.1s
[spatial train] ppo_semantic_flat seed=829 iteration=40/200 episodes=480 difficulty=0.000 loss=0.00702 wall=599.5s
[spatial train] ppo_vector_canonical seed=829 iteration=30/200 episodes=360 difficulty=0.000 loss=-0.00337 wall=601.5s
[spatial train] ppo_semantic_flat seed=828 iteration=38/200 episodes=456 difficulty=0.000 loss=0.01840 wall=605.9s
[spatial train] ppo_ontology_rgat seed=829 iteration=28/200 episodes=336 difficulty=0.000 loss=0.00812 wall=606.5s
[spatial train] ppo_vector_canonical seed=828 iteration=31/200 episodes=372 difficulty=0.000 loss=-0.00570 wall=607.4s
[spatial train] ppo_ontology_rgat seed=828 iteration=29/200 episodes=348 difficulty=0.000 loss=0.01317 wall=612.3s
[spatial train] ppo_semantic_flat seed=829 iteration=41/200 episodes=492 difficulty=0.000 loss=0.01344 wall=618.3s
[spatial train] ppo_vector_canonical seed=829 iteration=31/200 episodes=372 difficulty=0.000 loss=-0.00007 wall=620.3s
[spatial train] ppo_semantic_flat seed=828 iteration=39/200 episodes=468 difficulty=0.000 loss=0.00190 wall=622.2s
[spatial train] ppo_ontology_rgat seed=829 iteration=29/200 episodes=348 difficulty=0.000 loss=-0.01451 wall=623.5s
[spatial train] ppo_vector_canonical seed=828 iteration=32/200 episodes=384 difficulty=0.000 loss=-0.00585 wall=624.5s
[spatial train] ppo_ontology_rgat seed=828 iteration=30/200 episodes=360 difficulty=0.000 loss=0.00038 wall=629.7s
[spatial train] ppo_semantic_flat seed=829 iteration=42/200 episodes=504 difficulty=0.000 loss=-0.01713 wall=634.6s
[spatial train] ppo_vector_canonical seed=828 iteration=33/200 episodes=396 difficulty=0.000 loss=-0.01086 wall=637.5s
[spatial train] ppo_semantic_flat seed=828 iteration=40/200 episodes=480 difficulty=0.000 loss=0.01254 wall=638.5s
[spatial train] ppo_vector_canonical seed=829 iteration=32/200 episodes=384 difficulty=0.000 loss=-0.00292 wall=639.6s
[spatial train] ppo_ontology_rgat seed=829 iteration=30/200 episodes=360 difficulty=0.000 loss=0.00802 wall=640.5s
[spatial train] ppo_ontology_rgat seed=828 iteration=31/200 episodes=372 difficulty=0.000 loss=0.00747 wall=650.4s
[spatial train] ppo_semantic_flat seed=828 iteration=41/200 episodes=492 difficulty=0.000 loss=0.00334 wall=652.4s
[spatial train] ppo_semantic_flat seed=829 iteration=43/200 episodes=516 difficulty=0.000 loss=-0.06322 wall=652.2s
[spatial train] ppo_vector_canonical seed=828 iteration=34/200 episodes=408 difficulty=0.000 loss=-0.00016 wall=655.7s
[spatial train] ppo_vector_canonical seed=829 iteration=33/200 episodes=396 difficulty=0.000 loss=-0.00361 wall=656.3s
[spatial train] ppo_ontology_rgat seed=829 iteration=31/200 episodes=372 difficulty=0.000 loss=0.01234 wall=664.1s
[spatial train] ppo_semantic_flat seed=829 iteration=44/200 episodes=528 difficulty=0.000 loss=0.01523 wall=664.8s
[spatial train] ppo_semantic_flat seed=828 iteration=42/200 episodes=504 difficulty=0.000 loss=0.00591 wall=667.6s
[spatial train] ppo_vector_canonical seed=828 iteration=35/200 episodes=420 difficulty=0.000 loss=-0.00196 wall=672.5s
[spatial train] ppo_vector_canonical seed=829 iteration=34/200 episodes=408 difficulty=0.000 loss=-0.00308 wall=674.3s
[spatial train] ppo_ontology_rgat seed=828 iteration=32/200 episodes=384 difficulty=0.000 loss=0.00172 wall=674.7s
[spatial train] ppo_semantic_flat seed=829 iteration=45/200 episodes=540 difficulty=0.000 loss=-0.00233 wall=680.0s
[spatial train] ppo_semantic_flat seed=828 iteration=43/200 episodes=516 difficulty=0.000 loss=-0.01156 wall=683.9s
[spatial train] ppo_ontology_rgat seed=829 iteration=32/200 episodes=384 difficulty=0.000 loss=-0.00782 wall=685.8s
[spatial train] ppo_vector_canonical seed=828 iteration=36/200 episodes=432 difficulty=0.000 loss=-0.00434 wall=688.2s
[spatial train] ppo_semantic_flat seed=829 iteration=46/200 episodes=552 difficulty=0.000 loss=0.02359 wall=692.3s
[spatial train] ppo_vector_canonical seed=829 iteration=35/200 episodes=420 difficulty=0.000 loss=-0.00414 wall=693.5s
[spatial train] ppo_ontology_rgat seed=828 iteration=33/200 episodes=396 difficulty=0.000 loss=-0.00438 wall=693.8s
[spatial train] ppo_semantic_flat seed=828 iteration=44/200 episodes=528 difficulty=0.000 loss=-0.00007 wall=699.1s
[spatial train] ppo_vector_canonical seed=828 iteration=37/200 episodes=444 difficulty=0.000 loss=-0.01140 wall=704.0s
[spatial train] ppo_semantic_flat seed=829 iteration=47/200 episodes=564 difficulty=0.000 loss=0.01028 wall=703.6s
[spatial train] ppo_ontology_rgat seed=829 iteration=33/200 episodes=396 difficulty=0.000 loss=-0.00319 wall=706.0s
[spatial train] ppo_vector_canonical seed=829 iteration=36/200 episodes=432 difficulty=0.000 loss=-0.00184 wall=712.8s
[spatial train] ppo_semantic_flat seed=828 iteration=45/200 episodes=540 difficulty=0.000 loss=-0.00896 wall=714.2s
[spatial train] ppo_ontology_rgat seed=828 iteration=34/200 episodes=408 difficulty=0.000 loss=-0.01404 wall=714.6s
[spatial train] ppo_vector_canonical seed=828 iteration=38/200 episodes=456 difficulty=0.000 loss=-0.00450 wall=718.1s
[spatial train] ppo_semantic_flat seed=829 iteration=48/200 episodes=576 difficulty=0.000 loss=-0.00467 wall=721.2s
[spatial train] ppo_ontology_rgat seed=829 iteration=34/200 episodes=408 difficulty=0.000 loss=0.01597 wall=727.8s
[spatial train] ppo_semantic_flat seed=828 iteration=46/200 episodes=552 difficulty=0.000 loss=0.00200 wall=729.4s
[spatial train] ppo_ontology_rgat seed=828 iteration=35/200 episodes=420 difficulty=0.000 loss=0.01406 wall=731.9s
[spatial train] ppo_vector_canonical seed=829 iteration=37/200 episodes=444 difficulty=0.000 loss=-0.00293 wall=732.1s
[spatial train] ppo_vector_canonical seed=828 iteration=39/200 episodes=468 difficulty=0.000 loss=-0.00818 wall=733.8s
[spatial train] ppo_semantic_flat seed=829 iteration=49/200 episodes=588 difficulty=0.000 loss=0.01252 wall=738.9s
[spatial train] ppo_semantic_flat seed=828 iteration=47/200 episodes=564 difficulty=0.000 loss=0.00295 wall=747.0s
[spatial train] ppo_vector_canonical seed=828 iteration=40/200 episodes=480 difficulty=0.000 loss=0.00175 wall=748.0s
[spatial train] ppo_ontology_rgat seed=829 iteration=35/200 episodes=420 difficulty=0.000 loss=0.00599 wall=748.2s
[spatial train] ppo_vector_canonical seed=829 iteration=38/200 episodes=456 difficulty=0.000 loss=-0.00486 wall=751.5s
[spatial train] ppo_ontology_rgat seed=828 iteration=36/200 episodes=432 difficulty=0.000 loss=-0.00678 wall=752.8s
[spatial train] ppo_vector_canonical seed=828 iteration=41/200 episodes=492 difficulty=0.000 loss=-0.00219 wall=758.1s
[spatial train] ppo_semantic_flat seed=829 iteration=50/200 episodes=600 difficulty=0.000 loss=0.00930 wall=758.0s
[spatial train] ppo_semantic_flat seed=828 iteration=48/200 episodes=576 difficulty=0.000 loss=-0.01573 wall=763.5s
[spatial train] ppo_ontology_rgat seed=829 iteration=36/200 episodes=432 difficulty=0.000 loss=0.01443 wall=768.5s
[spatial train] ppo_vector_canonical seed=829 iteration=39/200 episodes=468 difficulty=0.000 loss=0.00005 wall=770.6s
[spatial train] ppo_ontology_rgat seed=828 iteration=37/200 episodes=444 difficulty=0.000 loss=-0.00103 wall=774.4s
[spatial train] ppo_semantic_flat seed=829 iteration=51/200 episodes=612 difficulty=0.000 loss=0.00660 wall=775.6s
[spatial train] ppo_vector_canonical seed=828 iteration=42/200 episodes=504 difficulty=0.000 loss=0.00072 wall=776.3s
[spatial train] ppo_semantic_flat seed=828 iteration=49/200 episodes=588 difficulty=0.000 loss=0.00110 wall=783.2s
[spatial train] ppo_vector_canonical seed=829 iteration=40/200 episodes=480 difficulty=0.000 loss=-0.00293 wall=793.0s
[spatial train] ppo_ontology_rgat seed=828 iteration=38/200 episodes=456 difficulty=0.000 loss=0.01256 wall=793.0s
[spatial train] ppo_semantic_flat seed=829 iteration=52/200 episodes=624 difficulty=0.000 loss=0.00628 wall=795.8s
[spatial train] ppo_vector_canonical seed=828 iteration=43/200 episodes=516 difficulty=0.000 loss=-0.00582 wall=800.9s
[spatial train] ppo_semantic_flat seed=828 iteration=50/200 episodes=600 difficulty=0.000 loss=-0.00509 wall=808.2s
[spatial train] ppo_vector_canonical seed=829 iteration=41/200 episodes=492 difficulty=0.000 loss=-0.00296 wall=815.4s
[spatial train] ppo_ontology_rgat seed=829 iteration=37/200 episodes=444 difficulty=0.000 loss=0.00585 wall=818.4s
[spatial train] ppo_semantic_flat seed=829 iteration=53/200 episodes=636 difficulty=0.000 loss=0.00348 wall=824.5s
[spatial train] ppo_ontology_rgat seed=828 iteration=39/200 episodes=468 difficulty=0.000 loss=0.00265 wall=826.1s
[spatial train] ppo_vector_canonical seed=828 iteration=44/200 episodes=528 difficulty=0.000 loss=-0.00365 wall=833.9s
[spatial train] ppo_vector_canonical seed=829 iteration=42/200 episodes=504 difficulty=0.000 loss=-0.00045 wall=847.1s
[spatial train] ppo_semantic_flat seed=828 iteration=51/200 episodes=612 difficulty=0.000 loss=0.00006 wall=848.4s
[spatial train] ppo_semantic_flat seed=829 iteration=54/200 episodes=648 difficulty=0.000 loss=0.01707 wall=856.2s
[spatial train] ppo_vector_canonical seed=828 iteration=45/200 episodes=540 difficulty=0.000 loss=-0.00602 wall=861.5s
[spatial train] ppo_ontology_rgat seed=828 iteration=40/200 episodes=480 difficulty=0.000 loss=0.00850 wall=868.6s
[spatial train] ppo_ontology_rgat seed=829 iteration=38/200 episodes=456 difficulty=0.000 loss=0.00954 wall=874.8s
[spatial train] ppo_vector_canonical seed=829 iteration=43/200 episodes=516 difficulty=0.000 loss=-0.00476 wall=875.2s
[spatial train] ppo_semantic_flat seed=828 iteration=52/200 episodes=624 difficulty=0.000 loss=0.01076 wall=886.6s
[spatial train] ppo_vector_canonical seed=828 iteration=46/200 episodes=552 difficulty=0.000 loss=-0.00153 wall=893.7s
[spatial train] ppo_semantic_flat seed=829 iteration=55/200 episodes=660 difficulty=0.000 loss=0.00720 wall=893.3s
[spatial train] ppo_vector_canonical seed=829 iteration=44/200 episodes=528 difficulty=0.000 loss=-0.00407 wall=898.6s
[spatial train] ppo_ontology_rgat seed=828 iteration=41/200 episodes=492 difficulty=0.000 loss=0.00246 wall=918.8s
[spatial train] ppo_semantic_flat seed=828 iteration=53/200 episodes=636 difficulty=0.000 loss=0.02547 wall=919.4s
[spatial train] ppo_semantic_flat seed=829 iteration=56/200 episodes=672 difficulty=0.000 loss=0.00676 wall=925.2s
[spatial train] ppo_vector_canonical seed=828 iteration=47/200 episodes=564 difficulty=0.000 loss=-0.00633 wall=931.8s
[spatial train] ppo_ontology_rgat seed=829 iteration=39/200 episodes=468 difficulty=0.000 loss=-0.00294 wall=944.0s
[spatial train] ppo_vector_canonical seed=829 iteration=45/200 episodes=540 difficulty=0.000 loss=-0.00247 wall=969.7s
[spatial train] ppo_semantic_flat seed=829 iteration=57/200 episodes=684 difficulty=0.000 loss=-0.00661 wall=971.8s
[spatial train] ppo_semantic_flat seed=828 iteration=54/200 episodes=648 difficulty=0.000 loss=0.02773 wall=973.5s
[spatial train] ppo_vector_canonical seed=828 iteration=48/200 episodes=576 difficulty=0.000 loss=-0.00333 wall=977.3s
[spatial train] ppo_ontology_rgat seed=829 iteration=40/200 episodes=480 difficulty=0.000 loss=0.00595 wall=997.8s
[spatial train] ppo_vector_canonical seed=829 iteration=46/200 episodes=552 difficulty=0.000 loss=-0.00435 wall=1001.9s
[spatial train] ppo_ontology_rgat seed=828 iteration=42/200 episodes=504 difficulty=0.000 loss=0.01890 wall=1004.4s
[spatial train] ppo_semantic_flat seed=829 iteration=58/200 episodes=696 difficulty=0.000 loss=-0.00059 wall=1004.0s
[spatial train] ppo_semantic_flat seed=828 iteration=55/200 episodes=660 difficulty=0.000 loss=0.00189 wall=1004.7s
[spatial train] ppo_vector_canonical seed=828 iteration=49/200 episodes=588 difficulty=0.000 loss=-0.00496 wall=1008.0s
[spatial train] ppo_ontology_rgat seed=829 iteration=41/200 episodes=492 difficulty=0.000 loss=0.02775 wall=1033.2s
[spatial train] ppo_semantic_flat seed=828 iteration=56/200 episodes=672 difficulty=0.000 loss=0.00836 wall=1035.8s
[spatial train] ppo_semantic_flat seed=829 iteration=59/200 episodes=708 difficulty=0.000 loss=0.01149 wall=1036.9s
[spatial train] ppo_vector_canonical seed=829 iteration=47/200 episodes=564 difficulty=0.000 loss=-0.00554 wall=1038.1s
[spatial train] ppo_vector_canonical seed=828 iteration=50/200 episodes=600 difficulty=0.000 loss=-0.00378 wall=1043.7s
[spatial train] ppo_ontology_rgat seed=828 iteration=43/200 episodes=516 difficulty=0.000 loss=0.00027 wall=1060.9s
[spatial train] ppo_semantic_flat seed=828 iteration=57/200 episodes=684 difficulty=0.000 loss=0.02369 wall=1065.8s
[spatial train] ppo_semantic_flat seed=829 iteration=60/200 episodes=720 difficulty=0.000 loss=0.05636 wall=1068.9s
[spatial train] ppo_vector_canonical seed=829 iteration=48/200 episodes=576 difficulty=0.000 loss=-0.00403 wall=1072.3s
[spatial train] ppo_ontology_rgat seed=829 iteration=42/200 episodes=504 difficulty=0.000 loss=0.00856 wall=1079.7s
[spatial train] ppo_vector_canonical seed=828 iteration=51/200 episodes=612 difficulty=0.000 loss=-0.00155 wall=1084.4s
[spatial train] ppo_semantic_flat seed=829 iteration=61/200 episodes=732 difficulty=0.010 loss=0.00155 wall=1085.2s
[spatial train] ppo_semantic_flat seed=828 iteration=58/200 episodes=696 difficulty=0.000 loss=0.05326 wall=1105.3s
[spatial train] ppo_vector_canonical seed=829 iteration=49/200 episodes=588 difficulty=0.000 loss=-0.00304 wall=1109.3s
[spatial train] ppo_ontology_rgat seed=828 iteration=44/200 episodes=528 difficulty=0.000 loss=0.00423 wall=1111.3s
[spatial train] ppo_ontology_rgat seed=829 iteration=43/200 episodes=516 difficulty=0.000 loss=0.02744 wall=1112.5s
[spatial train] ppo_semantic_flat seed=829 iteration=62/200 episodes=744 difficulty=0.020 loss=-0.01364 wall=1116.5s
[spatial train] ppo_vector_canonical seed=828 iteration=52/200 episodes=624 difficulty=0.000 loss=-0.00452 wall=1120.4s
[spatial train] ppo_semantic_flat seed=828 iteration=59/200 episodes=708 difficulty=0.000 loss=-0.00425 wall=1134.0s
[spatial train] ppo_ontology_rgat seed=829 iteration=44/200 episodes=528 difficulty=0.000 loss=0.00542 wall=1133.8s
[spatial train] ppo_vector_canonical seed=829 iteration=50/200 episodes=600 difficulty=0.000 loss=-0.00070 wall=1142.2s
[spatial train] ppo_ontology_rgat seed=828 iteration=45/200 episodes=540 difficulty=0.000 loss=0.02058 wall=1148.8s
[spatial train] ppo_semantic_flat seed=829 iteration=63/200 episodes=756 difficulty=0.030 loss=0.03555 wall=1150.4s
[spatial train] ppo_vector_canonical seed=828 iteration=53/200 episodes=636 difficulty=0.000 loss=-0.00774 wall=1151.4s
[spatial train] ppo_semantic_flat seed=828 iteration=60/200 episodes=720 difficulty=0.000 loss=-0.00261 wall=1161.1s
[spatial train] ppo_ontology_rgat seed=829 iteration=45/200 episodes=540 difficulty=0.000 loss=0.00829 wall=1165.9s
[spatial train] ppo_vector_canonical seed=829 iteration=51/200 episodes=612 difficulty=0.000 loss=-0.00372 wall=1183.5s
[spatial train] ppo_semantic_flat seed=829 iteration=64/200 episodes=768 difficulty=0.040 loss=0.01737 wall=1186.4s
[spatial train] ppo_vector_canonical seed=828 iteration=54/200 episodes=648 difficulty=0.000 loss=-0.00008 wall=1190.5s
[spatial train] ppo_semantic_flat seed=828 iteration=61/200 episodes=732 difficulty=0.010 loss=0.00102 wall=1196.2s
[spatial train] ppo_ontology_rgat seed=828 iteration=46/200 episodes=552 difficulty=0.000 loss=0.00100 wall=1197.4s
[spatial train] ppo_ontology_rgat seed=829 iteration=46/200 episodes=552 difficulty=0.000 loss=0.01053 wall=1199.6s
[spatial train] ppo_vector_canonical seed=829 iteration=52/200 episodes=624 difficulty=0.000 loss=-0.00685 wall=1215.1s
[spatial train] ppo_vector_canonical seed=828 iteration=55/200 episodes=660 difficulty=0.000 loss=-0.00511 wall=1227.1s
[spatial train] ppo_semantic_flat seed=829 iteration=65/200 episodes=780 difficulty=0.050 loss=0.00148 wall=1226.6s
[spatial train] ppo_semantic_flat seed=828 iteration=62/200 episodes=744 difficulty=0.020 loss=0.00776 wall=1232.8s
[spatial train] ppo_ontology_rgat seed=829 iteration=47/200 episodes=564 difficulty=0.000 loss=0.02228 wall=1232.9s
[spatial train] ppo_ontology_rgat seed=828 iteration=47/200 episodes=564 difficulty=0.000 loss=0.00249 wall=1241.3s
[spatial train] ppo_vector_canonical seed=829 iteration=53/200 episodes=636 difficulty=0.000 loss=-0.00539 wall=1257.7s
[spatial train] ppo_vector_canonical seed=828 iteration=56/200 episodes=672 difficulty=0.000 loss=0.00286 wall=1262.7s
[spatial train] ppo_semantic_flat seed=828 iteration=63/200 episodes=756 difficulty=0.030 loss=-0.01590 wall=1265.0s
[spatial train] ppo_ontology_rgat seed=829 iteration=48/200 episodes=576 difficulty=0.000 loss=0.01691 wall=1270.9s
[spatial train] ppo_semantic_flat seed=829 iteration=66/200 episodes=792 difficulty=0.060 loss=0.00119 wall=1272.7s
[spatial train] ppo_ontology_rgat seed=828 iteration=48/200 episodes=576 difficulty=0.000 loss=0.03708 wall=1285.1s
[spatial train] ppo_vector_canonical seed=829 iteration=54/200 episodes=648 difficulty=0.000 loss=-0.00488 wall=1292.9s
[spatial train] ppo_semantic_flat seed=829 iteration=67/200 episodes=804 difficulty=0.070 loss=-0.00549 wall=1300.2s
[spatial train] ppo_semantic_flat seed=828 iteration=64/200 episodes=768 difficulty=0.040 loss=0.01279 wall=1302.5s
[spatial train] ppo_vector_canonical seed=828 iteration=57/200 episodes=684 difficulty=0.000 loss=-0.00227 wall=1308.6s
[spatial train] ppo_ontology_rgat seed=829 iteration=49/200 episodes=588 difficulty=0.000 loss=-0.00575 wall=1312.8s
[spatial train] ppo_semantic_flat seed=829 iteration=68/200 episodes=816 difficulty=0.080 loss=0.00880 wall=1328.3s
[spatial train] ppo_ontology_rgat seed=828 iteration=49/200 episodes=588 difficulty=0.000 loss=-0.01871 wall=1330.3s
[spatial train] ppo_vector_canonical seed=829 iteration=55/200 episodes=660 difficulty=0.000 loss=-0.00334 wall=1342.0s
[spatial train] ppo_semantic_flat seed=828 iteration=65/200 episodes=780 difficulty=0.050 loss=-0.00158 wall=1342.1s
[spatial train] ppo_vector_canonical seed=828 iteration=58/200 episodes=696 difficulty=0.000 loss=-0.00270 wall=1348.0s
[spatial train] ppo_semantic_flat seed=829 iteration=69/200 episodes=828 difficulty=0.090 loss=0.00633 wall=1356.6s
[spatial train] ppo_ontology_rgat seed=829 iteration=50/200 episodes=600 difficulty=0.000 loss=0.00216 wall=1362.5s
[spatial train] ppo_semantic_flat seed=829 iteration=70/200 episodes=840 difficulty=0.100 loss=-0.00930 wall=1369.6s
[spatial train] ppo_semantic_flat seed=828 iteration=66/200 episodes=792 difficulty=0.060 loss=-0.00604 wall=1378.1s
[spatial train] ppo_vector_canonical seed=829 iteration=56/200 episodes=672 difficulty=0.000 loss=-0.00004 wall=1381.1s
[spatial train] ppo_vector_canonical seed=828 iteration=59/200 episodes=708 difficulty=0.000 loss=0.04606 wall=1381.6s
[spatial train] ppo_ontology_rgat seed=828 iteration=50/200 episodes=600 difficulty=0.000 loss=0.01453 wall=1387.0s
[spatial train] ppo_semantic_flat seed=829 iteration=71/200 episodes=852 difficulty=0.110 loss=-0.01124 wall=1392.3s
[spatial train] ppo_ontology_rgat seed=829 iteration=51/200 episodes=612 difficulty=0.000 loss=-0.00518 wall=1413.0s
[spatial train] ppo_vector_canonical seed=829 iteration=57/200 episodes=684 difficulty=0.000 loss=-0.00246 wall=1416.1s
[spatial train] ppo_semantic_flat seed=828 iteration=67/200 episodes=804 difficulty=0.070 loss=0.00163 wall=1420.8s
[spatial train] ppo_vector_canonical seed=828 iteration=60/200 episodes=720 difficulty=0.000 loss=-0.00098 wall=1420.9s
[spatial train] ppo_semantic_flat seed=829 iteration=72/200 episodes=864 difficulty=0.120 loss=0.00534 wall=1431.7s
[spatial train] ppo_ontology_rgat seed=828 iteration=51/200 episodes=612 difficulty=0.000 loss=0.00457 wall=1443.0s
[spatial train] ppo_vector_canonical seed=828 iteration=61/200 episodes=732 difficulty=0.010 loss=-0.00527 wall=1452.9s
[spatial train] ppo_vector_canonical seed=829 iteration=58/200 episodes=696 difficulty=0.000 loss=-0.00221 wall=1453.9s
[spatial train] ppo_ontology_rgat seed=829 iteration=52/200 episodes=624 difficulty=0.000 loss=-0.00883 wall=1460.2s
[spatial train] ppo_semantic_flat seed=828 iteration=68/200 episodes=816 difficulty=0.080 loss=0.00289 wall=1461.0s
[spatial train] ppo_semantic_flat seed=829 iteration=73/200 episodes=876 difficulty=0.130 loss=0.00355 wall=1473.2s
[spatial train] ppo_vector_canonical seed=829 iteration=59/200 episodes=708 difficulty=0.000 loss=-0.00227 wall=1493.8s
[spatial train] ppo_ontology_rgat seed=828 iteration=52/200 episodes=624 difficulty=0.000 loss=-0.00118 wall=1496.4s
[spatial train] ppo_vector_canonical seed=828 iteration=62/200 episodes=744 difficulty=0.020 loss=-0.00469 wall=1497.5s
[spatial train] ppo_semantic_flat seed=828 iteration=69/200 episodes=828 difficulty=0.090 loss=0.02180 wall=1498.6s
[spatial train] ppo_ontology_rgat seed=829 iteration=53/200 episodes=636 difficulty=0.000 loss=0.00708 wall=1502.9s
[spatial train] ppo_semantic_flat seed=829 iteration=74/200 episodes=888 difficulty=0.140 loss=-0.00649 wall=1510.6s
[spatial train] ppo_vector_canonical seed=829 iteration=60/200 episodes=720 difficulty=0.000 loss=-0.00177 wall=1534.6s
[spatial train] ppo_vector_canonical seed=828 iteration=63/200 episodes=756 difficulty=0.030 loss=-0.00039 wall=1535.2s
[spatial train] ppo_semantic_flat seed=828 iteration=70/200 episodes=840 difficulty=0.100 loss=0.02388 wall=1538.1s
[spatial train] ppo_ontology_rgat seed=828 iteration=53/200 episodes=636 difficulty=0.000 loss=-0.01591 wall=1538.2s
[spatial train] ppo_ontology_rgat seed=829 iteration=54/200 episodes=648 difficulty=0.000 loss=-0.00009 wall=1544.4s
[spatial train] ppo_semantic_flat seed=829 iteration=75/200 episodes=900 difficulty=0.150 loss=0.00715 wall=1551.7s
[spatial train] ppo_semantic_flat seed=828 iteration=71/200 episodes=852 difficulty=0.110 loss=0.02249 wall=1567.6s
[spatial train] ppo_vector_canonical seed=828 iteration=64/200 episodes=768 difficulty=0.040 loss=-0.00237 wall=1569.1s
[spatial train] ppo_vector_canonical seed=829 iteration=61/200 episodes=732 difficulty=0.010 loss=-0.00380 wall=1574.1s
[spatial train] ppo_semantic_flat seed=829 iteration=76/200 episodes=912 difficulty=0.160 loss=0.00103 wall=1585.8s
[spatial train] ppo_ontology_rgat seed=829 iteration=55/200 episodes=660 difficulty=0.000 loss=-0.02702 wall=1587.6s
[spatial train] ppo_ontology_rgat seed=828 iteration=54/200 episodes=648 difficulty=0.000 loss=-0.00895 wall=1592.9s
[spatial train] ppo_semantic_flat seed=828 iteration=72/200 episodes=864 difficulty=0.120 loss=0.01149 wall=1600.6s
[spatial train] ppo_vector_canonical seed=828 iteration=65/200 episodes=780 difficulty=0.050 loss=-0.00338 wall=1604.3s
[spatial train] ppo_vector_canonical seed=829 iteration=62/200 episodes=744 difficulty=0.020 loss=0.00025 wall=1614.9s
[spatial train] ppo_semantic_flat seed=829 iteration=77/200 episodes=924 difficulty=0.170 loss=0.02636 wall=1623.0s
[spatial train] ppo_ontology_rgat seed=828 iteration=55/200 episodes=660 difficulty=0.000 loss=-0.00053 wall=1626.8s
[spatial train] ppo_ontology_rgat seed=829 iteration=56/200 episodes=672 difficulty=0.000 loss=0.00163 wall=1629.4s
[spatial train] ppo_semantic_flat seed=828 iteration=73/200 episodes=876 difficulty=0.130 loss=-0.00756 wall=1641.1s
[spatial train] ppo_vector_canonical seed=828 iteration=66/200 episodes=792 difficulty=0.060 loss=-0.00586 wall=1641.5s
[spatial train] ppo_vector_canonical seed=829 iteration=63/200 episodes=756 difficulty=0.030 loss=-0.00429 wall=1656.4s
[spatial train] ppo_semantic_flat seed=829 iteration=78/200 episodes=936 difficulty=0.180 loss=0.01027 wall=1657.6s
[spatial train] ppo_ontology_rgat seed=828 iteration=56/200 episodes=672 difficulty=0.000 loss=0.03399 wall=1659.2s
[spatial train] ppo_ontology_rgat seed=829 iteration=57/200 episodes=684 difficulty=0.000 loss=0.04311 wall=1672.1s
[spatial train] ppo_vector_canonical seed=828 iteration=67/200 episodes=804 difficulty=0.070 loss=-0.00208 wall=1677.7s
[spatial train] ppo_semantic_flat seed=828 iteration=74/200 episodes=888 difficulty=0.140 loss=0.00602 wall=1681.9s
[spatial train] ppo_semantic_flat seed=829 iteration=79/200 episodes=948 difficulty=0.190 loss=0.00034 wall=1689.3s
[spatial train] ppo_vector_canonical seed=829 iteration=64/200 episodes=768 difficulty=0.040 loss=-0.00226 wall=1704.2s
[spatial train] ppo_ontology_rgat seed=828 iteration=57/200 episodes=684 difficulty=0.000 loss=0.00957 wall=1707.0s
[spatial train] ppo_ontology_rgat seed=829 iteration=58/200 episodes=696 difficulty=0.000 loss=0.00257 wall=1708.0s
[spatial train] ppo_vector_canonical seed=828 iteration=68/200 episodes=816 difficulty=0.080 loss=0.00096 wall=1720.4s
[spatial train] ppo_semantic_flat seed=828 iteration=75/200 episodes=900 difficulty=0.150 loss=0.00856 wall=1728.1s
[spatial train] ppo_vector_canonical seed=829 iteration=65/200 episodes=780 difficulty=0.050 loss=-0.00515 wall=1730.5s
[spatial train] ppo_semantic_flat seed=829 iteration=80/200 episodes=960 difficulty=0.200 loss=-0.00044 wall=1733.9s
[spatial train] ppo_ontology_rgat seed=828 iteration=58/200 episodes=696 difficulty=0.000 loss=-0.01146 wall=1738.0s
[spatial train] ppo_ontology_rgat seed=829 iteration=59/200 episodes=708 difficulty=0.000 loss=0.03460 wall=1750.2s
[spatial train] ppo_vector_canonical seed=828 iteration=69/200 episodes=828 difficulty=0.090 loss=-0.00106 wall=1759.4s
[spatial train] ppo_vector_canonical seed=829 iteration=66/200 episodes=792 difficulty=0.060 loss=-0.00198 wall=1761.0s
[spatial train] ppo_semantic_flat seed=828 iteration=76/200 episodes=912 difficulty=0.160 loss=0.03559 wall=1766.7s
[spatial train] ppo_semantic_flat seed=829 iteration=81/200 episodes=972 difficulty=0.210 loss=-0.00236 wall=1775.7s
[spatial train] ppo_ontology_rgat seed=828 iteration=59/200 episodes=708 difficulty=0.000 loss=0.01961 wall=1780.6s
[spatial train] ppo_vector_canonical seed=829 iteration=67/200 episodes=804 difficulty=0.070 loss=-0.00148 wall=1785.9s
[spatial train] ppo_ontology_rgat seed=829 iteration=60/200 episodes=720 difficulty=0.000 loss=0.00923 wall=1787.2s
[spatial train] ppo_vector_canonical seed=828 iteration=70/200 episodes=840 difficulty=0.100 loss=0.00036 wall=1787.7s
[spatial train] ppo_semantic_flat seed=828 iteration=77/200 episodes=924 difficulty=0.170 loss=0.00599 wall=1790.4s
[spatial train] ppo_semantic_flat seed=829 iteration=82/200 episodes=984 difficulty=0.220 loss=0.01362 wall=1794.7s
[spatial train] ppo_vector_canonical seed=829 iteration=68/200 episodes=816 difficulty=0.080 loss=-0.00669 wall=1804.0s
[spatial train] ppo_ontology_rgat seed=828 iteration=60/200 episodes=720 difficulty=0.000 loss=0.00469 wall=1805.0s
[spatial train] ppo_ontology_rgat seed=829 iteration=61/200 episodes=732 difficulty=0.010 loss=0.00126 wall=1805.9s
[spatial train] ppo_vector_canonical seed=828 iteration=71/200 episodes=852 difficulty=0.110 loss=0.00132 wall=1807.2s
[spatial train] ppo_semantic_flat seed=828 iteration=78/200 episodes=936 difficulty=0.180 loss=-0.02541 wall=1809.3s
[spatial train] ppo_semantic_flat seed=829 iteration=83/200 episodes=996 difficulty=0.230 loss=0.00314 wall=1813.7s
[spatial train] ppo_vector_canonical seed=829 iteration=69/200 episodes=828 difficulty=0.090 loss=-0.00207 wall=1829.6s
[spatial train] ppo_vector_canonical seed=828 iteration=72/200 episodes=864 difficulty=0.120 loss=-0.00291 wall=1835.1s
[spatial train] ppo_semantic_flat seed=828 iteration=79/200 episodes=948 difficulty=0.190 loss=-0.03499 wall=1837.3s
[spatial train] ppo_ontology_rgat seed=829 iteration=62/200 episodes=744 difficulty=0.020 loss=0.00779 wall=1837.0s
[spatial train] ppo_ontology_rgat seed=828 iteration=61/200 episodes=732 difficulty=0.010 loss=0.00772 wall=1839.5s
[spatial train] ppo_semantic_flat seed=829 iteration=84/200 episodes=1008 difficulty=0.240 loss=0.00809 wall=1842.8s
[spatial train] ppo_vector_canonical seed=829 iteration=70/200 episodes=840 difficulty=0.100 loss=0.01145 wall=1861.8s
[spatial train] ppo_ontology_rgat seed=829 iteration=63/200 episodes=756 difficulty=0.030 loss=0.02124 wall=1862.8s
[spatial train] ppo_vector_canonical seed=828 iteration=73/200 episodes=876 difficulty=0.130 loss=0.00097 wall=1867.7s
[spatial train] ppo_semantic_flat seed=828 iteration=80/200 episodes=960 difficulty=0.200 loss=-0.02466 wall=1868.9s
[spatial train] ppo_semantic_flat seed=829 iteration=85/200 episodes=1020 difficulty=0.250 loss=-0.00724 wall=1873.8s
[spatial train] ppo_ontology_rgat seed=828 iteration=62/200 episodes=744 difficulty=0.020 loss=0.00191 wall=1876.0s
[spatial train] ppo_vector_canonical seed=829 iteration=71/200 episodes=852 difficulty=0.110 loss=0.00394 wall=1885.1s
[spatial train] ppo_ontology_rgat seed=829 iteration=64/200 episodes=768 difficulty=0.040 loss=0.02350 wall=1892.5s
[spatial train] ppo_semantic_flat seed=828 iteration=81/200 episodes=972 difficulty=0.210 loss=0.00393 wall=1893.5s
[spatial train] ppo_vector_canonical seed=828 iteration=74/200 episodes=888 difficulty=0.140 loss=-0.00142 wall=1893.9s
[spatial train] ppo_semantic_flat seed=829 iteration=86/200 episodes=1032 difficulty=0.260 loss=-0.00387 wall=1898.0s
[spatial train] ppo_ontology_rgat seed=828 iteration=63/200 episodes=756 difficulty=0.030 loss=0.01663 wall=1902.4s
[spatial train] ppo_vector_canonical seed=829 iteration=72/200 episodes=864 difficulty=0.120 loss=-0.00358 wall=1907.6s
[spatial train] ppo_vector_canonical seed=828 iteration=75/200 episodes=900 difficulty=0.150 loss=-0.00383 wall=1916.8s
[spatial train] ppo_semantic_flat seed=828 iteration=82/200 episodes=984 difficulty=0.220 loss=0.00623 wall=1916.9s
[spatial train] ppo_semantic_flat seed=829 iteration=87/200 episodes=1044 difficulty=0.270 loss=-0.02342 wall=1919.6s
[spatial train] ppo_ontology_rgat seed=829 iteration=65/200 episodes=780 difficulty=0.050 loss=-0.00003 wall=1920.3s
[spatial train] ppo_vector_canonical seed=829 iteration=73/200 episodes=876 difficulty=0.130 loss=-0.00400 wall=1932.3s
[spatial train] ppo_ontology_rgat seed=828 iteration=64/200 episodes=768 difficulty=0.040 loss=-0.00058 wall=1936.4s
[spatial train] ppo_semantic_flat seed=828 iteration=83/200 episodes=996 difficulty=0.230 loss=-0.00025 wall=1941.4s
[spatial train] ppo_vector_canonical seed=828 iteration=76/200 episodes=912 difficulty=0.160 loss=0.00309 wall=1944.6s
[spatial train] ppo_semantic_flat seed=829 iteration=88/200 episodes=1056 difficulty=0.280 loss=0.00603 wall=1944.9s
[spatial train] ppo_ontology_rgat seed=829 iteration=66/200 episodes=792 difficulty=0.060 loss=0.00983 wall=1952.5s
[spatial train] ppo_vector_canonical seed=829 iteration=74/200 episodes=888 difficulty=0.140 loss=-0.00387 wall=1957.8s
[spatial train] ppo_semantic_flat seed=828 iteration=84/200 episodes=1008 difficulty=0.240 loss=0.03766 wall=1967.5s
[spatial train] ppo_semantic_flat seed=829 iteration=89/200 episodes=1068 difficulty=0.290 loss=-0.00490 wall=1969.1s
[spatial train] ppo_vector_canonical seed=828 iteration=77/200 episodes=924 difficulty=0.170 loss=-0.00024 wall=1971.1s
[spatial train] ppo_vector_canonical seed=829 iteration=75/200 episodes=900 difficulty=0.150 loss=-0.00317 wall=1983.5s
[spatial train] ppo_ontology_rgat seed=829 iteration=67/200 episodes=804 difficulty=0.070 loss=-0.01771 wall=1984.7s
[spatial train] ppo_ontology_rgat seed=828 iteration=65/200 episodes=780 difficulty=0.050 loss=-0.00249 wall=1985.4s
[spatial train] ppo_semantic_flat seed=828 iteration=85/200 episodes=1020 difficulty=0.250 loss=-0.00808 wall=1989.8s
[spatial train] ppo_semantic_flat seed=829 iteration=90/200 episodes=1080 difficulty=0.300 loss=0.01206 wall=1993.2s
[spatial train] ppo_vector_canonical seed=828 iteration=78/200 episodes=936 difficulty=0.180 loss=-0.00181 wall=1998.2s
[spatial train] ppo_vector_canonical seed=829 iteration=76/200 episodes=912 difficulty=0.160 loss=-0.00053 wall=2011.0s
[spatial train] ppo_semantic_flat seed=828 iteration=86/200 episodes=1032 difficulty=0.260 loss=-0.00232 wall=2016.2s
[spatial train] ppo_ontology_rgat seed=829 iteration=68/200 episodes=816 difficulty=0.080 loss=0.00830 wall=2019.4s
[spatial train] ppo_ontology_rgat seed=828 iteration=66/200 episodes=792 difficulty=0.060 loss=-0.00502 wall=2022.8s
[spatial train] ppo_semantic_flat seed=829 iteration=91/200 episodes=1092 difficulty=0.310 loss=0.01642 wall=2027.9s
[spatial train] ppo_vector_canonical seed=828 iteration=79/200 episodes=948 difficulty=0.190 loss=-0.00106 wall=2034.9s
[spatial train] ppo_vector_canonical seed=829 iteration=77/200 episodes=924 difficulty=0.170 loss=-0.00140 wall=2038.3s
[spatial train] ppo_semantic_flat seed=828 iteration=87/200 episodes=1044 difficulty=0.270 loss=0.00773 wall=2042.9s
[spatial train] ppo_ontology_rgat seed=829 iteration=69/200 episodes=828 difficulty=0.090 loss=-0.00554 wall=2055.0s
[spatial train] ppo_ontology_rgat seed=828 iteration=67/200 episodes=804 difficulty=0.070 loss=-0.00276 wall=2058.6s
[spatial train] ppo_semantic_flat seed=829 iteration=92/200 episodes=1104 difficulty=0.320 loss=-0.00512 wall=2064.4s
[spatial train] ppo_semantic_flat seed=828 iteration=88/200 episodes=1056 difficulty=0.280 loss=-0.00067 wall=2067.6s
[spatial train] ppo_vector_canonical seed=829 iteration=78/200 episodes=936 difficulty=0.180 loss=-0.00266 wall=2070.1s
[spatial train] ppo_vector_canonical seed=828 iteration=80/200 episodes=960 difficulty=0.200 loss=-0.00314 wall=2072.4s
[spatial train] ppo_semantic_flat seed=828 iteration=89/200 episodes=1068 difficulty=0.290 loss=0.00606 wall=2094.1s
[spatial train] ppo_ontology_rgat seed=829 iteration=70/200 episodes=840 difficulty=0.100 loss=0.00493 wall=2094.1s
[spatial train] ppo_semantic_flat seed=829 iteration=93/200 episodes=1116 difficulty=0.330 loss=-0.01429 wall=2100.6s
[spatial train] ppo_ontology_rgat seed=828 iteration=68/200 episodes=816 difficulty=0.080 loss=0.01028 wall=2104.1s
[spatial train] ppo_vector_canonical seed=829 iteration=79/200 episodes=948 difficulty=0.190 loss=-0.00209 wall=2106.7s
[spatial train] ppo_vector_canonical seed=828 iteration=81/200 episodes=972 difficulty=0.210 loss=-0.00323 wall=2109.4s
[spatial train] ppo_semantic_flat seed=828 iteration=90/200 episodes=1080 difficulty=0.300 loss=0.01246 wall=2118.8s
[spatial train] ppo_semantic_flat seed=829 iteration=94/200 episodes=1128 difficulty=0.340 loss=-0.02693 wall=2129.6s
[spatial train] ppo_ontology_rgat seed=829 iteration=71/200 episodes=852 difficulty=0.110 loss=-0.00888 wall=2133.6s
[spatial train] ppo_vector_canonical seed=829 iteration=80/200 episodes=960 difficulty=0.200 loss=-0.00160 wall=2144.3s
[spatial train] ppo_semantic_flat seed=828 iteration=91/200 episodes=1092 difficulty=0.310 loss=0.00189 wall=2145.9s
[spatial train] ppo_ontology_rgat seed=828 iteration=69/200 episodes=828 difficulty=0.090 loss=0.03788 wall=2150.6s
[spatial train] ppo_vector_canonical seed=828 iteration=82/200 episodes=984 difficulty=0.220 loss=-0.00167 wall=2155.7s
[spatial train] ppo_semantic_flat seed=829 iteration=95/200 episodes=1140 difficulty=0.350 loss=-0.04195 wall=2156.8s
[spatial train] ppo_semantic_flat seed=828 iteration=92/200 episodes=1104 difficulty=0.320 loss=0.01582 wall=2172.6s
[spatial train] ppo_ontology_rgat seed=829 iteration=72/200 episodes=864 difficulty=0.120 loss=0.00380 wall=2179.6s
[spatial train] ppo_vector_canonical seed=829 iteration=81/200 episodes=972 difficulty=0.210 loss=-0.00249 wall=2181.7s
[spatial train] ppo_semantic_flat seed=829 iteration=96/200 episodes=1152 difficulty=0.360 loss=0.00173 wall=2183.9s
[spatial train] ppo_ontology_rgat seed=828 iteration=70/200 episodes=840 difficulty=0.100 loss=-0.00020 wall=2196.9s
[spatial train] ppo_semantic_flat seed=828 iteration=93/200 episodes=1116 difficulty=0.330 loss=-0.01318 wall=2197.7s
[spatial train] ppo_vector_canonical seed=828 iteration=83/200 episodes=996 difficulty=0.230 loss=-0.00259 wall=2202.4s
[spatial train] ppo_semantic_flat seed=829 iteration=97/200 episodes=1164 difficulty=0.370 loss=0.00435 wall=2210.8s
[spatial train] ppo_ontology_rgat seed=829 iteration=73/200 episodes=876 difficulty=0.130 loss=0.01272 wall=2212.7s
[spatial train] ppo_vector_canonical seed=829 iteration=82/200 episodes=984 difficulty=0.220 loss=-0.00217 wall=2219.1s
[spatial train] ppo_semantic_flat seed=828 iteration=94/200 episodes=1128 difficulty=0.340 loss=-0.01854 wall=2222.7s
[spatial train] ppo_semantic_flat seed=829 iteration=98/200 episodes=1176 difficulty=0.380 loss=0.01358 wall=2237.5s
[spatial train] ppo_ontology_rgat seed=828 iteration=71/200 episodes=852 difficulty=0.110 loss=0.00166 wall=2243.5s
[spatial train] ppo_ontology_rgat seed=829 iteration=74/200 episodes=888 difficulty=0.140 loss=0.00013 wall=2245.6s
[spatial train] ppo_vector_canonical seed=828 iteration=84/200 episodes=1008 difficulty=0.240 loss=-0.00142 wall=2249.6s
[spatial train] ppo_semantic_flat seed=828 iteration=95/200 episodes=1140 difficulty=0.350 loss=0.02052 wall=2254.5s
[spatial train] ppo_vector_canonical seed=829 iteration=83/200 episodes=996 difficulty=0.230 loss=-0.00204 wall=2256.2s
[spatial train] ppo_semantic_flat seed=829 iteration=99/200 episodes=1188 difficulty=0.390 loss=0.00415 wall=2266.8s
[spatial train] ppo_ontology_rgat seed=828 iteration=72/200 episodes=864 difficulty=0.120 loss=0.00314 wall=2289.3s
[spatial train] ppo_ontology_rgat seed=829 iteration=75/200 episodes=900 difficulty=0.150 loss=0.00952 wall=2292.7s
[spatial train] ppo_semantic_flat seed=828 iteration=96/200 episodes=1152 difficulty=0.360 loss=0.00571 wall=2294.5s
[spatial train] ppo_vector_canonical seed=829 iteration=84/200 episodes=1008 difficulty=0.240 loss=-0.00289 wall=2294.5s
[spatial train] ppo_vector_canonical seed=828 iteration=85/200 episodes=1020 difficulty=0.250 loss=-0.00147 wall=2295.0s
[spatial train] ppo_semantic_flat seed=829 iteration=100/200 episodes=1200 difficulty=0.400 loss=0.00944 wall=2296.0s
[spatial train] ppo_semantic_flat seed=829 iteration=101/200 episodes=1212 difficulty=0.410 loss=0.00355 wall=2322.8s
[spatial train] ppo_vector_canonical seed=829 iteration=85/200 episodes=1020 difficulty=0.250 loss=-0.00155 wall=2332.1s
[spatial train] ppo_semantic_flat seed=828 iteration=97/200 episodes=1164 difficulty=0.370 loss=-0.00251 wall=2335.1s
[spatial train] ppo_ontology_rgat seed=828 iteration=73/200 episodes=876 difficulty=0.130 loss=0.00304 wall=2335.6s
[spatial train] ppo_vector_canonical seed=828 iteration=86/200 episodes=1032 difficulty=0.260 loss=-0.00136 wall=2340.4s
[spatial train] ppo_ontology_rgat seed=829 iteration=76/200 episodes=912 difficulty=0.160 loss=0.00380 wall=2340.4s
[spatial train] ppo_semantic_flat seed=829 iteration=102/200 episodes=1224 difficulty=0.420 loss=-0.03478 wall=2360.8s
[spatial train] ppo_semantic_flat seed=828 iteration=98/200 episodes=1176 difficulty=0.380 loss=0.00343 wall=2368.9s
[spatial train] ppo_vector_canonical seed=829 iteration=86/200 episodes=1032 difficulty=0.260 loss=-0.00178 wall=2369.9s
[spatial train] ppo_ontology_rgat seed=828 iteration=74/200 episodes=888 difficulty=0.140 loss=0.00092 wall=2379.5s
[spatial train] ppo_vector_canonical seed=828 iteration=87/200 episodes=1044 difficulty=0.270 loss=-0.00339 wall=2387.1s
[spatial train] ppo_ontology_rgat seed=829 iteration=77/200 episodes=924 difficulty=0.170 loss=-0.00108 wall=2391.8s
[spatial train] ppo_semantic_flat seed=829 iteration=103/200 episodes=1236 difficulty=0.430 loss=-0.01289 wall=2398.2s
[spatial train] ppo_semantic_flat seed=828 iteration=99/200 episodes=1188 difficulty=0.390 loss=0.01209 wall=2406.6s
[spatial train] ppo_vector_canonical seed=829 iteration=87/200 episodes=1044 difficulty=0.270 loss=-0.00203 wall=2408.6s
[spatial train] ppo_ontology_rgat seed=828 iteration=75/200 episodes=900 difficulty=0.150 loss=0.00267 wall=2428.0s
[spatial train] ppo_vector_canonical seed=828 iteration=88/200 episodes=1056 difficulty=0.280 loss=-0.00371 wall=2432.3s
[spatial train] ppo_semantic_flat seed=829 iteration=104/200 episodes=1248 difficulty=0.440 loss=0.01430 wall=2434.1s
[spatial train] ppo_semantic_flat seed=828 iteration=100/200 episodes=1200 difficulty=0.400 loss=-0.02250 wall=2437.5s
[spatial train] ppo_ontology_rgat seed=829 iteration=78/200 episodes=936 difficulty=0.180 loss=0.00336 wall=2438.9s
[spatial train] ppo_vector_canonical seed=829 iteration=88/200 episodes=1056 difficulty=0.280 loss=-0.00214 wall=2446.6s
[spatial train] ppo_semantic_flat seed=829 iteration=105/200 episodes=1260 difficulty=0.450 loss=-0.00680 wall=2460.2s
[spatial train] ppo_semantic_flat seed=828 iteration=101/200 episodes=1212 difficulty=0.410 loss=0.01068 wall=2473.8s
[spatial train] ppo_ontology_rgat seed=828 iteration=76/200 episodes=912 difficulty=0.160 loss=0.00186 wall=2474.5s
[spatial train] ppo_vector_canonical seed=828 iteration=89/200 episodes=1068 difficulty=0.290 loss=-0.00297 wall=2478.9s
[spatial train] ppo_vector_canonical seed=829 iteration=89/200 episodes=1068 difficulty=0.290 loss=0.00030 wall=2483.0s
[spatial train] ppo_ontology_rgat seed=829 iteration=79/200 episodes=948 difficulty=0.190 loss=-0.00006 wall=2487.4s
[spatial train] ppo_semantic_flat seed=829 iteration=106/200 episodes=1272 difficulty=0.460 loss=-0.02189 wall=2490.1s
[spatial train] ppo_semantic_flat seed=828 iteration=102/200 episodes=1224 difficulty=0.420 loss=-0.00101 wall=2512.4s
[spatial train] ppo_vector_canonical seed=829 iteration=90/200 episodes=1080 difficulty=0.300 loss=-0.00244 wall=2521.3s
[spatial train] ppo_vector_canonical seed=828 iteration=90/200 episodes=1080 difficulty=0.300 loss=-0.00244 wall=2525.0s
[spatial train] ppo_ontology_rgat seed=829 iteration=80/200 episodes=960 difficulty=0.200 loss=0.01036 wall=2525.2s
[spatial train] ppo_semantic_flat seed=829 iteration=107/200 episodes=1284 difficulty=0.470 loss=0.01061 wall=2527.8s
[spatial train] ppo_ontology_rgat seed=828 iteration=77/200 episodes=924 difficulty=0.170 loss=-0.00004 wall=2530.0s
[spatial train] ppo_semantic_flat seed=828 iteration=103/200 episodes=1236 difficulty=0.430 loss=0.02955 wall=2537.0s
[spatial train] ppo_semantic_flat seed=828 iteration=104/200 episodes=1248 difficulty=0.440 loss=-0.00074 wall=2563.0s
[spatial train] ppo_vector_canonical seed=829 iteration=91/200 episodes=1092 difficulty=0.310 loss=-0.00281 wall=2567.9s
[spatial train] ppo_vector_canonical seed=828 iteration=91/200 episodes=1092 difficulty=0.310 loss=-0.00296 wall=2568.1s
[spatial train] ppo_semantic_flat seed=829 iteration=108/200 episodes=1296 difficulty=0.480 loss=0.01507 wall=2569.8s
[spatial train] ppo_ontology_rgat seed=829 iteration=81/200 episodes=972 difficulty=0.210 loss=-0.00951 wall=2572.1s
[spatial train] ppo_ontology_rgat seed=828 iteration=78/200 episodes=936 difficulty=0.180 loss=0.01216 wall=2587.5s
[spatial train] ppo_semantic_flat seed=828 iteration=105/200 episodes=1260 difficulty=0.450 loss=0.00011 wall=2590.7s
[spatial train] ppo_vector_canonical seed=828 iteration=92/200 episodes=1104 difficulty=0.320 loss=-0.00359 wall=2604.1s
[spatial train] ppo_vector_canonical seed=829 iteration=92/200 episodes=1104 difficulty=0.320 loss=0.01581 wall=2613.1s
[spatial train] ppo_semantic_flat seed=829 iteration=109/200 episodes=1308 difficulty=0.490 loss=-0.01313 wall=2613.9s
[spatial train] ppo_semantic_flat seed=828 iteration=106/200 episodes=1272 difficulty=0.460 loss=-0.03589 wall=2619.3s
[spatial train] ppo_ontology_rgat seed=829 iteration=82/200 episodes=984 difficulty=0.220 loss=0.00058 wall=2633.5s
[spatial train] ppo_ontology_rgat seed=828 iteration=79/200 episodes=948 difficulty=0.190 loss=0.00105 wall=2636.4s
[spatial train] ppo_vector_canonical seed=828 iteration=93/200 episodes=1116 difficulty=0.330 loss=-0.00133 wall=2638.8s
[spatial train] ppo_vector_canonical seed=829 iteration=93/200 episodes=1116 difficulty=0.330 loss=-0.00167 wall=2656.8s
[spatial train] ppo_semantic_flat seed=829 iteration=110/200 episodes=1320 difficulty=0.500 loss=-0.01402 wall=2658.2s
[spatial train] ppo_semantic_flat seed=828 iteration=107/200 episodes=1284 difficulty=0.470 loss=0.03320 wall=2662.6s
[spatial train] ppo_ontology_rgat seed=828 iteration=80/200 episodes=960 difficulty=0.200 loss=0.00282 wall=2674.1s
[spatial train] ppo_vector_canonical seed=828 iteration=94/200 episodes=1128 difficulty=0.340 loss=-0.00548 wall=2680.1s
[spatial train] ppo_semantic_flat seed=829 iteration=111/200 episodes=1332 difficulty=0.510 loss=0.00745 wall=2689.6s
[spatial train] ppo_ontology_rgat seed=829 iteration=83/200 episodes=996 difficulty=0.230 loss=-0.00908 wall=2690.7s
[spatial train] ppo_vector_canonical seed=829 iteration=94/200 episodes=1128 difficulty=0.340 loss=-0.00228 wall=2702.4s
[spatial train] ppo_semantic_flat seed=828 iteration=108/200 episodes=1296 difficulty=0.480 loss=-0.01459 wall=2704.3s
[spatial train] ppo_ontology_rgat seed=828 iteration=81/200 episodes=972 difficulty=0.210 loss=0.02088 wall=2718.5s
[spatial train] ppo_vector_canonical seed=828 iteration=95/200 episodes=1140 difficulty=0.350 loss=-0.00189 wall=2723.7s
[spatial train] ppo_ontology_rgat seed=829 iteration=84/200 episodes=1008 difficulty=0.240 loss=0.00324 wall=2743.7s
[spatial train] ppo_semantic_flat seed=829 iteration=112/200 episodes=1344 difficulty=0.520 loss=-0.00944 wall=2744.4s
[spatial train] ppo_semantic_flat seed=828 iteration=109/200 episodes=1308 difficulty=0.490 loss=0.02346 wall=2763.6s
[spatial train] ppo_vector_canonical seed=828 iteration=96/200 episodes=1152 difficulty=0.360 loss=-0.00146 wall=2771.6s
[spatial train] ppo_semantic_flat seed=829 iteration=113/200 episodes=1356 difficulty=0.530 loss=0.00609 wall=2783.0s
[spatial train] ppo_vector_canonical seed=829 iteration=95/200 episodes=1140 difficulty=0.350 loss=0.00618 wall=2783.7s
[spatial train] ppo_semantic_flat seed=828 iteration=110/200 episodes=1320 difficulty=0.500 loss=0.01704 wall=2790.2s
[spatial train] ppo_ontology_rgat seed=829 iteration=85/200 episodes=1020 difficulty=0.250 loss=0.00535 wall=2792.0s
[spatial train] ppo_ontology_rgat seed=828 iteration=82/200 episodes=984 difficulty=0.220 loss=-0.00269 wall=2793.8s
[spatial train] ppo_vector_canonical seed=828 iteration=97/200 episodes=1164 difficulty=0.370 loss=-0.00218 wall=2797.2s
[spatial train] ppo_semantic_flat seed=829 iteration=114/200 episodes=1368 difficulty=0.540 loss=0.00745 wall=2811.3s
[spatial train] ppo_semantic_flat seed=828 iteration=111/200 episodes=1332 difficulty=0.510 loss=-0.00486 wall=2815.0s
[spatial train] ppo_vector_canonical seed=828 iteration=98/200 episodes=1176 difficulty=0.380 loss=-0.00519 wall=2824.0s
[spatial train] ppo_vector_canonical seed=829 iteration=96/200 episodes=1152 difficulty=0.360 loss=0.00106 wall=2826.7s
[spatial train] ppo_ontology_rgat seed=829 iteration=86/200 episodes=1032 difficulty=0.260 loss=0.00571 wall=2838.1s
[spatial train] ppo_semantic_flat seed=829 iteration=115/200 episodes=1380 difficulty=0.550 loss=-0.01697 wall=2847.8s
[spatial train] ppo_semantic_flat seed=828 iteration=112/200 episodes=1344 difficulty=0.520 loss=0.00506 wall=2850.6s
[spatial train] ppo_ontology_rgat seed=828 iteration=83/200 episodes=996 difficulty=0.230 loss=0.00335 wall=2854.2s
[spatial train] ppo_vector_canonical seed=828 iteration=99/200 episodes=1188 difficulty=0.390 loss=0.00388 wall=2855.3s
[spatial train] ppo_vector_canonical seed=829 iteration=97/200 episodes=1164 difficulty=0.370 loss=0.00025 wall=2871.9s
[spatial train] ppo_ontology_rgat seed=829 iteration=87/200 episodes=1044 difficulty=0.270 loss=0.01502 wall=2884.4s
[spatial train] ppo_vector_canonical seed=828 iteration=100/200 episodes=1200 difficulty=0.400 loss=-0.00356 wall=2886.5s
[spatial train] ppo_semantic_flat seed=828 iteration=113/200 episodes=1356 difficulty=0.530 loss=0.00928 wall=2888.3s
[spatial train] ppo_semantic_flat seed=829 iteration=116/200 episodes=1392 difficulty=0.560 loss=-0.03233 wall=2887.9s
[spatial train] ppo_ontology_rgat seed=828 iteration=84/200 episodes=1008 difficulty=0.240 loss=-0.00930 wall=2915.8s
[spatial train] ppo_vector_canonical seed=829 iteration=98/200 episodes=1176 difficulty=0.380 loss=-0.00309 wall=2917.7s
[spatial train] ppo_semantic_flat seed=829 iteration=117/200 episodes=1404 difficulty=0.570 loss=0.00380 wall=2920.3s
[spatial train] ppo_vector_canonical seed=828 iteration=101/200 episodes=1212 difficulty=0.410 loss=-0.00033 wall=2923.0s
[spatial train] ppo_semantic_flat seed=828 iteration=114/200 episodes=1368 difficulty=0.540 loss=0.00925 wall=2926.9s
[spatial train] ppo_ontology_rgat seed=829 iteration=88/200 episodes=1056 difficulty=0.280 loss=0.01112 wall=2933.9s
[spatial train] ppo_semantic_flat seed=829 iteration=118/200 episodes=1416 difficulty=0.580 loss=0.01625 wall=2958.0s
[spatial train] ppo_semantic_flat seed=828 iteration=115/200 episodes=1380 difficulty=0.550 loss=-0.02113 wall=2962.5s
[spatial train] ppo_vector_canonical seed=829 iteration=99/200 episodes=1188 difficulty=0.390 loss=-0.00390 wall=2963.4s
[spatial train] ppo_vector_canonical seed=828 iteration=102/200 episodes=1224 difficulty=0.420 loss=-0.00139 wall=2967.3s
[spatial train] ppo_ontology_rgat seed=829 iteration=89/200 episodes=1068 difficulty=0.290 loss=-0.00296 wall=2975.2s
[spatial train] ppo_ontology_rgat seed=828 iteration=85/200 episodes=1020 difficulty=0.250 loss=0.02066 wall=2976.7s
[spatial train] ppo_semantic_flat seed=829 iteration=119/200 episodes=1428 difficulty=0.590 loss=-0.00088 wall=2983.5s
[spatial train] ppo_vector_canonical seed=828 iteration=103/200 episodes=1236 difficulty=0.430 loss=-0.00211 wall=2987.8s
[spatial train] ppo_ontology_rgat seed=829 iteration=90/200 episodes=1080 difficulty=0.300 loss=0.01791 wall=3000.8s
[spatial train] ppo_semantic_flat seed=828 iteration=116/200 episodes=1392 difficulty=0.560 loss=-0.02247 wall=3006.3s
[spatial train] ppo_vector_canonical seed=828 iteration=104/200 episodes=1248 difficulty=0.440 loss=-0.00201 wall=3009.1s
[spatial train] ppo_semantic_flat seed=829 iteration=120/200 episodes=1440 difficulty=0.600 loss=0.02747 wall=3009.0s
[spatial train] ppo_vector_canonical seed=829 iteration=100/200 episodes=1200 difficulty=0.400 loss=-0.00327 wall=3012.3s
[spatial train] ppo_ontology_rgat seed=829 iteration=91/200 episodes=1092 difficulty=0.310 loss=-0.00125 wall=3029.1s
[spatial train] ppo_semantic_flat seed=829 iteration=121/200 episodes=1452 difficulty=0.610 loss=-0.01481 wall=3031.5s
[spatial train] ppo_vector_canonical seed=828 iteration=105/200 episodes=1260 difficulty=0.450 loss=-0.00423 wall=3039.6s
[spatial train] ppo_ontology_rgat seed=828 iteration=86/200 episodes=1032 difficulty=0.260 loss=0.00385 wall=3042.1s
[spatial train] ppo_semantic_flat seed=828 iteration=117/200 episodes=1404 difficulty=0.570 loss=-0.01968 wall=3046.7s
[spatial train] ppo_semantic_flat seed=829 iteration=122/200 episodes=1464 difficulty=0.620 loss=0.01197 wall=3052.4s
[spatial train] ppo_ontology_rgat seed=829 iteration=92/200 episodes=1104 difficulty=0.320 loss=0.02023 wall=3057.5s
[spatial train] ppo_vector_canonical seed=829 iteration=101/200 episodes=1212 difficulty=0.410 loss=-0.00173 wall=3061.5s
[spatial train] ppo_vector_canonical seed=828 iteration=106/200 episodes=1272 difficulty=0.460 loss=-0.00418 wall=3063.4s
[spatial train] ppo_vector_canonical seed=828 iteration=107/200 episodes=1284 difficulty=0.470 loss=-0.00014 wall=3084.2s
[spatial train] ppo_ontology_rgat seed=829 iteration=93/200 episodes=1116 difficulty=0.330 loss=0.00421 wall=3085.0s
[spatial train] ppo_semantic_flat seed=828 iteration=118/200 episodes=1416 difficulty=0.580 loss=0.01466 wall=3087.0s
[spatial train] ppo_semantic_flat seed=829 iteration=123/200 episodes=1476 difficulty=0.630 loss=-0.00935 wall=3099.9s
[spatial train] ppo_vector_canonical seed=828 iteration=108/200 episodes=1296 difficulty=0.480 loss=-0.00448 wall=3107.3s
[spatial train] ppo_vector_canonical seed=829 iteration=102/200 episodes=1224 difficulty=0.420 loss=0.00067 wall=3107.4s
[spatial train] ppo_ontology_rgat seed=828 iteration=87/200 episodes=1044 difficulty=0.270 loss=0.02785 wall=3107.6s
[spatial train] ppo_ontology_rgat seed=829 iteration=94/200 episodes=1128 difficulty=0.340 loss=0.00573 wall=3110.0s
[spatial train] ppo_semantic_flat seed=828 iteration=119/200 episodes=1428 difficulty=0.590 loss=0.00901 wall=3120.3s
[spatial train] ppo_vector_canonical seed=828 iteration=109/200 episodes=1308 difficulty=0.490 loss=-0.00299 wall=3130.1s
[spatial train] ppo_ontology_rgat seed=829 iteration=95/200 episodes=1140 difficulty=0.350 loss=-0.00165 wall=3136.4s
[spatial train] ppo_semantic_flat seed=829 iteration=124/200 episodes=1488 difficulty=0.640 loss=0.00454 wall=3147.4s
[spatial train] ppo_vector_canonical seed=829 iteration=103/200 episodes=1236 difficulty=0.430 loss=-0.00103 wall=3149.7s
[spatial train] ppo_ontology_rgat seed=828 iteration=88/200 episodes=1056 difficulty=0.280 loss=-0.00336 wall=3154.5s
[spatial train] ppo_vector_canonical seed=828 iteration=110/200 episodes=1320 difficulty=0.500 loss=0.00308 wall=3156.5s
[spatial train] ppo_semantic_flat seed=828 iteration=120/200 episodes=1440 difficulty=0.600 loss=0.00887 wall=3159.0s
[spatial train] ppo_ontology_rgat seed=829 iteration=96/200 episodes=1152 difficulty=0.360 loss=-0.00248 wall=3165.2s
[spatial train] ppo_vector_canonical seed=829 iteration=104/200 episodes=1248 difficulty=0.440 loss=0.00073 wall=3172.1s
[spatial train] ppo_vector_canonical seed=828 iteration=111/200 episodes=1332 difficulty=0.510 loss=-0.00395 wall=3182.5s
[spatial train] ppo_ontology_rgat seed=828 iteration=89/200 episodes=1068 difficulty=0.290 loss=-0.00170 wall=3187.4s
[spatial train] ppo_semantic_flat seed=829 iteration=125/200 episodes=1500 difficulty=0.650 loss=0.01079 wall=3188.5s
[spatial train] ppo_ontology_rgat seed=829 iteration=97/200 episodes=1164 difficulty=0.370 loss=0.00414 wall=3195.9s
[spatial train] ppo_vector_canonical seed=829 iteration=105/200 episodes=1260 difficulty=0.450 loss=-0.00118 wall=3197.6s
[spatial train] ppo_semantic_flat seed=828 iteration=121/200 episodes=1452 difficulty=0.610 loss=0.01010 wall=3203.8s
[spatial train] ppo_vector_canonical seed=828 iteration=112/200 episodes=1344 difficulty=0.520 loss=-0.00701 wall=3211.6s
[spatial train] ppo_semantic_flat seed=829 iteration=126/200 episodes=1512 difficulty=0.660 loss=-0.00982 wall=3212.9s
[spatial train] ppo_ontology_rgat seed=828 iteration=90/200 episodes=1080 difficulty=0.300 loss=0.00129 wall=3217.3s
[spatial train] ppo_vector_canonical seed=829 iteration=106/200 episodes=1272 difficulty=0.460 loss=-0.00282 wall=3220.1s
[spatial train] ppo_ontology_rgat seed=829 iteration=98/200 episodes=1176 difficulty=0.380 loss=0.01560 wall=3230.9s
[spatial train] ppo_semantic_flat seed=829 iteration=127/200 episodes=1524 difficulty=0.670 loss=0.00462 wall=3231.7s
[spatial train] ppo_vector_canonical seed=828 iteration=113/200 episodes=1356 difficulty=0.530 loss=-0.00474 wall=3236.9s
[spatial train] ppo_vector_canonical seed=829 iteration=107/200 episodes=1284 difficulty=0.470 loss=-0.00187 wall=3245.6s
[spatial train] ppo_ontology_rgat seed=828 iteration=91/200 episodes=1092 difficulty=0.310 loss=0.00665 wall=3246.9s
[spatial train] ppo_semantic_flat seed=828 iteration=122/200 episodes=1464 difficulty=0.620 loss=0.00824 wall=3249.0s
[spatial train] ppo_semantic_flat seed=829 iteration=128/200 episodes=1536 difficulty=0.680 loss=-0.04453 wall=3249.7s
[spatial train] ppo_ontology_rgat seed=829 iteration=99/200 episodes=1188 difficulty=0.390 loss=-0.01408 wall=3258.2s
[spatial train] ppo_vector_canonical seed=828 iteration=114/200 episodes=1368 difficulty=0.540 loss=-0.00305 wall=3260.9s
[spatial train] ppo_vector_canonical seed=829 iteration=108/200 episodes=1296 difficulty=0.480 loss=-0.00116 wall=3268.4s
[spatial train] ppo_semantic_flat seed=829 iteration=129/200 episodes=1548 difficulty=0.690 loss=-0.00632 wall=3271.8s
[spatial train] ppo_ontology_rgat seed=828 iteration=92/200 episodes=1104 difficulty=0.320 loss=0.00217 wall=3275.2s
[spatial train] ppo_vector_canonical seed=828 iteration=115/200 episodes=1380 difficulty=0.550 loss=-0.00141 wall=3283.3s
[spatial train] ppo_ontology_rgat seed=829 iteration=100/200 episodes=1200 difficulty=0.400 loss=-0.00648 wall=3287.3s
[spatial train] ppo_semantic_flat seed=829 iteration=130/200 episodes=1560 difficulty=0.700 loss=-0.01499 wall=3287.6s
[spatial train] ppo_vector_canonical seed=829 iteration=109/200 episodes=1308 difficulty=0.490 loss=-0.00056 wall=3294.8s
[spatial train] ppo_semantic_flat seed=828 iteration=123/200 episodes=1476 difficulty=0.630 loss=0.01976 wall=3295.1s
[spatial train] ppo_semantic_flat seed=829 iteration=131/200 episodes=1572 difficulty=0.710 loss=-0.00981 wall=3306.9s
[spatial train] ppo_ontology_rgat seed=828 iteration=93/200 episodes=1116 difficulty=0.330 loss=-0.00089 wall=3307.7s
[spatial train] ppo_vector_canonical seed=828 iteration=116/200 episodes=1392 difficulty=0.560 loss=-0.00239 wall=3308.6s
[spatial train] ppo_ontology_rgat seed=829 iteration=101/200 episodes=1212 difficulty=0.410 loss=0.01388 wall=3312.9s
[spatial train] ppo_vector_canonical seed=829 iteration=110/200 episodes=1320 difficulty=0.500 loss=-0.00183 wall=3320.7s
[spatial train] ppo_semantic_flat seed=829 iteration=132/200 episodes=1584 difficulty=0.720 loss=-0.00918 wall=3326.2s
[spatial train] ppo_vector_canonical seed=828 iteration=117/200 episodes=1404 difficulty=0.570 loss=-0.00170 wall=3330.1s
[spatial train] ppo_semantic_flat seed=828 iteration=124/200 episodes=1488 difficulty=0.640 loss=0.01841 wall=3334.6s
[spatial train] ppo_ontology_rgat seed=828 iteration=94/200 episodes=1128 difficulty=0.340 loss=0.02007 wall=3335.9s
[spatial train] ppo_ontology_rgat seed=829 iteration=102/200 episodes=1224 difficulty=0.420 loss=0.03043 wall=3338.3s
[spatial train] ppo_semantic_flat seed=829 iteration=133/200 episodes=1596 difficulty=0.730 loss=0.00029 wall=3344.8s
[spatial train] ppo_vector_canonical seed=829 iteration=111/200 episodes=1332 difficulty=0.510 loss=0.01887 wall=3345.6s
[spatial train] ppo_vector_canonical seed=828 iteration=118/200 episodes=1416 difficulty=0.580 loss=-0.00552 wall=3353.1s
[spatial train] ppo_ontology_rgat seed=829 iteration=103/200 episodes=1236 difficulty=0.430 loss=-0.00296 wall=3361.8s
[spatial train] ppo_ontology_rgat seed=828 iteration=95/200 episodes=1140 difficulty=0.350 loss=0.00786 wall=3367.5s
[spatial train] ppo_semantic_flat seed=829 iteration=134/200 episodes=1608 difficulty=0.740 loss=0.01047 wall=3368.1s
[spatial train] ppo_vector_canonical seed=829 iteration=112/200 episodes=1344 difficulty=0.520 loss=-0.00361 wall=3371.0s
[spatial train] ppo_vector_canonical seed=828 iteration=119/200 episodes=1428 difficulty=0.590 loss=-0.00558 wall=3375.8s
[spatial train] ppo_semantic_flat seed=828 iteration=125/200 episodes=1500 difficulty=0.650 loss=0.01266 wall=3377.6s
[spatial train] ppo_semantic_flat seed=829 iteration=135/200 episodes=1620 difficulty=0.750 loss=0.00950 wall=3384.7s
[spatial train] ppo_ontology_rgat seed=829 iteration=104/200 episodes=1248 difficulty=0.440 loss=-0.00075 wall=3387.5s
[spatial train] ppo_vector_canonical seed=829 iteration=113/200 episodes=1356 difficulty=0.530 loss=-0.00202 wall=3393.4s
[spatial train] ppo_vector_canonical seed=828 iteration=120/200 episodes=1440 difficulty=0.600 loss=-0.00014 wall=3398.3s
[spatial train] ppo_ontology_rgat seed=828 iteration=96/200 episodes=1152 difficulty=0.360 loss=0.00281 wall=3401.1s
[spatial train] ppo_semantic_flat seed=829 iteration=136/200 episodes=1632 difficulty=0.760 loss=0.00828 wall=3401.2s
[spatial train] ppo_ontology_rgat seed=829 iteration=105/200 episodes=1260 difficulty=0.450 loss=0.00391 wall=3415.1s
[spatial train] ppo_vector_canonical seed=829 iteration=114/200 episodes=1368 difficulty=0.540 loss=-0.00007 wall=3415.5s
[spatial train] ppo_vector_canonical seed=828 iteration=121/200 episodes=1452 difficulty=0.610 loss=-0.00393 wall=3420.9s
[spatial train] ppo_semantic_flat seed=829 iteration=137/200 episodes=1644 difficulty=0.770 loss=-0.00931 wall=3421.7s
[spatial train] ppo_semantic_flat seed=828 iteration=126/200 episodes=1512 difficulty=0.660 loss=0.00562 wall=3422.6s
[spatial train] ppo_ontology_rgat seed=828 iteration=97/200 episodes=1164 difficulty=0.370 loss=-0.03761 wall=3433.7s
[spatial train] ppo_vector_canonical seed=829 iteration=115/200 episodes=1380 difficulty=0.550 loss=-0.00040 wall=3437.9s
[spatial train] ppo_vector_canonical seed=828 iteration=122/200 episodes=1464 difficulty=0.620 loss=-0.00432 wall=3443.3s
[spatial train] ppo_semantic_flat seed=829 iteration=138/200 episodes=1656 difficulty=0.780 loss=0.00736 wall=3442.9s
[spatial train] ppo_ontology_rgat seed=829 iteration=106/200 episodes=1272 difficulty=0.460 loss=0.00586 wall=3443.6s
[spatial train] ppo_vector_canonical seed=829 iteration=116/200 episodes=1392 difficulty=0.560 loss=-0.00552 wall=3461.4s
[spatial train] ppo_semantic_flat seed=828 iteration=127/200 episodes=1524 difficulty=0.670 loss=-0.00870 wall=3464.9s
[spatial train] ppo_semantic_flat seed=829 iteration=139/200 episodes=1668 difficulty=0.790 loss=-0.00593 wall=3464.7s
[spatial train] ppo_vector_canonical seed=828 iteration=123/200 episodes=1476 difficulty=0.630 loss=-0.00545 wall=3466.5s
[spatial train] ppo_ontology_rgat seed=829 iteration=107/200 episodes=1284 difficulty=0.470 loss=-0.00785 wall=3470.0s
[spatial train] ppo_vector_canonical seed=829 iteration=117/200 episodes=1404 difficulty=0.570 loss=-0.00516 wall=3481.6s
[spatial train] ppo_semantic_flat seed=829 iteration=140/200 episodes=1680 difficulty=0.800 loss=0.00770 wall=3486.5s
[spatial train] ppo_vector_canonical seed=828 iteration=124/200 episodes=1488 difficulty=0.640 loss=-0.00445 wall=3488.2s
[spatial train] ppo_ontology_rgat seed=828 iteration=98/200 episodes=1176 difficulty=0.380 loss=-0.01006 wall=3498.6s
[spatial train] ppo_ontology_rgat seed=829 iteration=108/200 episodes=1296 difficulty=0.480 loss=0.00388 wall=3502.7s
[spatial train] ppo_vector_canonical seed=829 iteration=118/200 episodes=1416 difficulty=0.580 loss=-0.00175 wall=3504.3s
[spatial train] ppo_semantic_flat seed=829 iteration=141/200 episodes=1692 difficulty=0.810 loss=-0.00434 wall=3506.4s
[spatial train] ppo_semantic_flat seed=828 iteration=128/200 episodes=1536 difficulty=0.680 loss=0.00646 wall=3509.9s
[spatial train] ppo_vector_canonical seed=828 iteration=125/200 episodes=1500 difficulty=0.650 loss=0.00700 wall=3511.1s
[spatial train] ppo_vector_canonical seed=829 iteration=119/200 episodes=1428 difficulty=0.590 loss=-0.00157 wall=3526.7s
[spatial train] ppo_ontology_rgat seed=829 iteration=109/200 episodes=1308 difficulty=0.490 loss=0.00952 wall=3530.3s
[spatial train] ppo_vector_canonical seed=828 iteration=126/200 episodes=1512 difficulty=0.660 loss=-0.00392 wall=3535.3s
[spatial train] ppo_semantic_flat seed=829 iteration=142/200 episodes=1704 difficulty=0.820 loss=-0.00117 wall=3535.2s
[spatial train] ppo_vector_canonical seed=829 iteration=120/200 episodes=1440 difficulty=0.600 loss=0.01350 wall=3547.8s
[spatial train] ppo_semantic_flat seed=828 iteration=129/200 episodes=1548 difficulty=0.690 loss=-0.00472 wall=3551.9s
[spatial train] ppo_ontology_rgat seed=829 iteration=110/200 episodes=1320 difficulty=0.500 loss=-0.00051 wall=3558.4s
[spatial train] ppo_vector_canonical seed=828 iteration=127/200 episodes=1524 difficulty=0.670 loss=-0.00040 wall=3559.8s
[spatial train] ppo_ontology_rgat seed=828 iteration=99/200 episodes=1188 difficulty=0.390 loss=-0.00871 wall=3563.9s
[spatial train] ppo_semantic_flat seed=829 iteration=143/200 episodes=1716 difficulty=0.830 loss=-0.01567 wall=3567.9s
[spatial train] ppo_vector_canonical seed=829 iteration=121/200 episodes=1452 difficulty=0.610 loss=-0.00235 wall=3572.5s
[spatial train] ppo_vector_canonical seed=828 iteration=128/200 episodes=1536 difficulty=0.680 loss=-0.00289 wall=3585.3s
[spatial train] ppo_ontology_rgat seed=829 iteration=111/200 episodes=1332 difficulty=0.510 loss=-0.00151 wall=3588.0s
[spatial train] ppo_vector_canonical seed=829 iteration=122/200 episodes=1464 difficulty=0.620 loss=0.00331 wall=3592.1s
[spatial train] ppo_semantic_flat seed=828 iteration=130/200 episodes=1560 difficulty=0.700 loss=-0.01649 wall=3598.5s
[spatial train] ppo_semantic_flat seed=829 iteration=144/200 episodes=1728 difficulty=0.840 loss=0.00798 wall=3599.8s
[spatial train] ppo_ontology_rgat seed=828 iteration=100/200 episodes=1200 difficulty=0.400 loss=0.00530 wall=3600.6s
[spatial train] ppo_vector_canonical seed=828 iteration=129/200 episodes=1548 difficulty=0.690 loss=-0.00308 wall=3609.6s
[spatial train] ppo_vector_canonical seed=829 iteration=123/200 episodes=1476 difficulty=0.630 loss=-0.00107 wall=3611.3s
[spatial train] ppo_semantic_flat seed=829 iteration=145/200 episodes=1740 difficulty=0.850 loss=-0.00737 wall=3624.2s
[spatial train] ppo_ontology_rgat seed=828 iteration=101/200 episodes=1212 difficulty=0.410 loss=-0.00122 wall=3635.7s
[spatial train] ppo_vector_canonical seed=828 iteration=130/200 episodes=1560 difficulty=0.700 loss=-0.00332 wall=3640.9s
[spatial train] ppo_vector_canonical seed=829 iteration=124/200 episodes=1488 difficulty=0.640 loss=-0.00567 wall=3658.6s
[spatial train] ppo_semantic_flat seed=829 iteration=146/200 episodes=1752 difficulty=0.860 loss=0.00893 wall=3659.8s
[spatial train] ppo_vector_canonical seed=828 iteration=131/200 episodes=1572 difficulty=0.710 loss=-0.00576 wall=3673.7s
[spatial train] ppo_semantic_flat seed=829 iteration=147/200 episodes=1764 difficulty=0.870 loss=-0.00968 wall=3676.1s
[spatial train] ppo_ontology_rgat seed=828 iteration=102/200 episodes=1224 difficulty=0.420 loss=-0.01375 wall=3681.6s
[spatial train] ppo_vector_canonical seed=829 iteration=125/200 episodes=1500 difficulty=0.650 loss=-0.00254 wall=3683.7s
[spatial train] ppo_semantic_flat seed=828 iteration=131/200 episodes=1572 difficulty=0.710 loss=0.00424 wall=3685.3s
[spatial train] ppo_ontology_rgat seed=829 iteration=112/200 episodes=1344 difficulty=0.520 loss=-0.00254 wall=3687.0s
[spatial train] ppo_semantic_flat seed=829 iteration=148/200 episodes=1776 difficulty=0.880 loss=-0.00073 wall=3688.3s
[spatial train] ppo_vector_canonical seed=828 iteration=132/200 episodes=1584 difficulty=0.720 loss=-0.00272 wall=3690.7s
[spatial train] ppo_semantic_flat seed=829 iteration=149/200 episodes=1788 difficulty=0.890 loss=-0.00763 wall=3701.9s
[spatial train] ppo_vector_canonical seed=829 iteration=126/200 episodes=1512 difficulty=0.660 loss=-0.00413 wall=3706.7s
[spatial train] ppo_ontology_rgat seed=828 iteration=103/200 episodes=1236 difficulty=0.430 loss=-0.00278 wall=3708.1s
[spatial train] ppo_vector_canonical seed=828 iteration=133/200 episodes=1596 difficulty=0.730 loss=-0.00863 wall=3710.1s
[spatial train] ppo_semantic_flat seed=829 iteration=150/200 episodes=1800 difficulty=0.900 loss=0.00081 wall=3712.2s
[spatial train] ppo_semantic_flat seed=828 iteration=132/200 episodes=1584 difficulty=0.720 loss=-0.05829 wall=3726.6s
[spatial train] ppo_vector_canonical seed=829 iteration=127/200 episodes=1524 difficulty=0.670 loss=-0.00515 wall=3728.7s
[spatial train] ppo_semantic_flat seed=829 iteration=151/200 episodes=1812 difficulty=0.910 loss=0.01718 wall=3728.8s
[spatial train] ppo_vector_canonical seed=828 iteration=134/200 episodes=1608 difficulty=0.740 loss=-0.00352 wall=3735.9s
[spatial train] ppo_ontology_rgat seed=829 iteration=113/200 episodes=1356 difficulty=0.530 loss=-0.00305 wall=3741.6s
[spatial train] ppo_semantic_flat seed=829 iteration=152/200 episodes=1824 difficulty=0.920 loss=0.00130 wall=3743.7s
[spatial train] ppo_ontology_rgat seed=828 iteration=104/200 episodes=1248 difficulty=0.440 loss=0.00461 wall=3748.1s
[spatial train] ppo_vector_canonical seed=829 iteration=128/200 episodes=1536 difficulty=0.680 loss=-0.00064 wall=3751.1s
[spatial train] ppo_vector_canonical seed=828 iteration=135/200 episodes=1620 difficulty=0.750 loss=-0.00313 wall=3760.0s
[spatial train] ppo_semantic_flat seed=829 iteration=153/200 episodes=1836 difficulty=0.930 loss=0.00406 wall=3762.2s
[spatial train] ppo_semantic_flat seed=828 iteration=133/200 episodes=1596 difficulty=0.730 loss=0.01643 wall=3764.2s
[spatial train] ppo_ontology_rgat seed=828 iteration=105/200 episodes=1260 difficulty=0.450 loss=0.02504 wall=3776.9s
[spatial train] ppo_semantic_flat seed=829 iteration=154/200 episodes=1848 difficulty=0.940 loss=0.00950 wall=3776.9s
[spatial train] ppo_vector_canonical seed=829 iteration=129/200 episodes=1548 difficulty=0.690 loss=-0.00155 wall=3778.3s
[spatial train] ppo_vector_canonical seed=828 iteration=136/200 episodes=1632 difficulty=0.760 loss=-0.00747 wall=3782.5s
[spatial train] ppo_semantic_flat seed=829 iteration=155/200 episodes=1860 difficulty=0.950 loss=0.00310 wall=3791.8s
Traceback (most recent call last):
  File "/home/j/SynologyDrive/junsuk/학술대회/CICS2026/Ontology_RGAT_UAV_RL_ISAAC_PX4/Ontology_RGAT_UAV_RL_ISAAC_PX4/python/run_spatial_pipeline.py", line 532, in <module>
    
  File "/home/j/SynologyDrive/junsuk/학술대회/CICS2026/Ontology_RGAT_UAV_RL_ISAAC_PX4/Ontology_RGAT_UAV_RL_ISAAC_PX4/python/run_spatial_pipeline.py", line 438, in main
    with multiprocessing.get_context("spawn").Pool(args.workers) as pool:
  File "/home/j/SynologyDrive/junsuk/학술대회/CICS2026/Ontology_RGAT_UAV_RL_ISAAC_PX4/Ontology_RGAT_UAV_RL_ISAAC_PX4/python/run_spatial_pipeline.py", line 430, in train_all
    )
  File "/usr/lib/python3.10/multiprocessing/pool.py", line 367, in map
    return self._map_async(func, iterable, mapstar, chunksize).get()
  File "/usr/lib/python3.10/multiprocessing/pool.py", line 768, in get
    self.wait(timeout)
  File "/usr/lib/python3.10/multiprocessing/pool.py", line 765, in wait
    self._event.wait(timeout)
  File "/usr/lib/python3.10/threading.py", line 607, in wait
    signaled = self._cond.wait(timeout)
  File "/usr/lib/python3.10/threading.py", line 320, in wait
    waiter.acquire()
  File "/home/j/SynologyDrive/junsuk/학술대회/CICS2026/Ontology_RGAT_UAV_RL_ISAAC_PX4/Ontology_RGAT_UAV_RL_ISAAC_PX4/python/run_spatial_pipeline.py", line 527, in request_shutdown
    )
KeyboardInterrupt: spatial shutdown requested
