run root : /home/j/SynologyDrive/junsuk/학술대회/CICS2026/Ontology_RGAT_UAV_RL_ISAAC_PX4/results/full_pipeline_20261007_v11_5seeds
cells    : low_sigma_kl
arms     : 3   seeds: 828 829 830 831 832   iterations: 200   workers: 10
Isaac/PX4 : ON -- will start a stack and fly eligible cells

[clone:plain] behaviour-cloning the teacher
  $ /usr/bin/python3 /home/j/SynologyDrive/junsuk/학술대회/CICS2026/Ontology_RGAT_UAV_RL_ISAAC_PX4/Ontology_RGAT_UAV_RL_ISAAC_PX4/tools/clone_spatial_teacher.py --output /home/j/SynologyDrive/junsuk/학술대회/CICS2026/Ontology_RGAT_UAV_RL_ISAAC_PX4/results/full_pipeline_20261007_v11_5seeds/clone_plain --seeds 828 829 830 831 832
    log -> /home/j/SynologyDrive/junsuk/학술대회/CICS2026/Ontology_RGAT_UAV_RL_ISAAC_PX4/results/logs/full_clone_plain.log
[train:low_sigma_kl] --final-log-std -3.5 --log-std-anneal-fraction 0.02 --enforce-target-kl
  $ /usr/bin/python3 /home/j/SynologyDrive/junsuk/학술대회/CICS2026/Ontology_RGAT_UAV_RL_ISAAC_PX4/Ontology_RGAT_UAV_RL_ISAAC_PX4/python/run_spatial_pipeline.py --stage train --output /home/j/SynologyDrive/junsuk/학술대회/CICS2026/Ontology_RGAT_UAV_RL_ISAAC_PX4/results/full_pipeline_20261007_v11_5seeds/low_sigma_kl --initialize-from /home/j/SynologyDrive/junsuk/학술대회/CICS2026/Ontology_RGAT_UAV_RL_ISAAC_PX4/results/full_pipeline_20261007_v11_5seeds/clone_plain --seeds 828 829 830 831 832 --iterations 200 --episodes-per-iteration 12 --evaluation-every 20 --ppo-preset reference-v28-episodic --activation-iterations 25 --activation-decisions 2048 --workers 10 --final-log-std -3.5 --log-std-anneal-fraction 0.02 --enforce-target-kl
    log -> /home/j/SynologyDrive/junsuk/학술대회/CICS2026/Ontology_RGAT_UAV_RL_ISAAC_PX4/results/logs/full_train_low_sigma_kl.log
  $ /usr/bin/python3 /home/j/SynologyDrive/junsuk/학술대회/CICS2026/Ontology_RGAT_UAV_RL_ISAAC_PX4/Ontology_RGAT_UAV_RL_ISAAC_PX4/tools/compare_spatial_arms.py /home/j/SynologyDrive/junsuk/학술대회/CICS2026/Ontology_RGAT_UAV_RL_ISAAC_PX4/results/full_pipeline_20261007_v11_5seeds/clone_plain /home/j/SynologyDrive/junsuk/학술대회/CICS2026/Ontology_RGAT_UAV_RL_ISAAC_PX4/results/full_pipeline_20261007_v11_5seeds/low_sigma_kl --seeds 4100 4148 --report /home/j/SynologyDrive/junsuk/학술대회/CICS2026/Ontology_RGAT_UAV_RL_ISAAC_PX4/results/full_pipeline_20261007_v11_5seeds/held_out.json
    log -> /home/j/SynologyDrive/junsuk/학술대회/CICS2026/Ontology_RGAT_UAV_RL_ISAAC_PX4/results/logs/full_held_out.log
[isaac:low_sigma_kl] flying 15 run(s)
  $ /usr/bin/python3 /home/j/SynologyDrive/junsuk/학술대회/CICS2026/Ontology_RGAT_UAV_RL_ISAAC_PX4/Ontology_RGAT_UAV_RL_ISAAC_PX4/python/run_spatial_pipeline.py --stage isaac --output /home/j/SynologyDrive/junsuk/학술대회/CICS2026/Ontology_RGAT_UAV_RL_ISAAC_PX4/results/full_pipeline_20261007_v11_5seeds/low_sigma_kl --seeds 828 829 830 831 832 --workers 1 --isaac-episodes 2 --reset-recoveries 2
    log -> /home/j/SynologyDrive/junsuk/학술대회/CICS2026/Ontology_RGAT_UAV_RL_ISAAC_PX4/results/logs/full_isaac_low_sigma_kl.log
[isaac:low_sigma_kl] acceptance FAILED (read isaac_acceptance.json)
    ppo_vector_canonical   seed828 TASK_TIMEOUT TASK_TIMEOUT
    ppo_semantic_flat      seed828 SUCCESS SUCCESS
    ppo_ontology_rgat      seed828 SUCCESS SUCCESS
    ppo_vector_canonical   seed829 SAFE_ABORT TASK_TIMEOUT
    ppo_semantic_flat      seed829 SAFETY_ENVELOPE_VIOLATION SUCCESS
    ppo_ontology_rgat      seed829 SUCCESS SUCCESS
    ppo_vector_canonical   seed830 SAFE_ABORT TASK_TIMEOUT
    ppo_semantic_flat      seed830 SUCCESS SUCCESS
    ppo_ontology_rgat      seed830 SAFETY_ENVELOPE_VIOLATION SUCCESS
    ppo_vector_canonical   seed831 SAFE_ABORT TASK_TIMEOUT
    ppo_semantic_flat      seed831 SUCCESS SUCCESS
    ppo_ontology_rgat      seed831 SUCCESS SUCCESS
    ppo_vector_canonical   seed832 TASK_TIMEOUT SUCCESS
    ppo_semantic_flat      seed832 SUCCESS SUCCESS
    ppo_ontology_rgat      seed832 SUCCESS SUCCESS

held-out landing on 48 seeds 4100-4147, deterministic; 'relation' is whether the proposed arm's relational path was live in the deployed checkpoint

cell                 run                             BC start  after PPO  unsafe   return  train SUCCESS  relation
low_sigma_kl         ppo_ontology_rgat__seed828         68.8%      91.7%    4.2%    26.61   2238/2400         live
low_sigma_kl         ppo_ontology_rgat__seed829         85.4%      93.8%    2.1%    28.13   2238/2400         live
low_sigma_kl         ppo_ontology_rgat__seed830         77.1%      93.8%    2.1%    27.24   2236/2400         live
low_sigma_kl         ppo_ontology_rgat__seed831         70.8%      91.7%    4.2%    26.32   2142/2400         live
low_sigma_kl         ppo_ontology_rgat__seed832         83.3%      95.8%    0.0%    28.79   2242/2400         live
low_sigma_kl         ppo_semantic_flat__seed828         70.8%      93.8%    2.1%    28.19   2170/2400            -
low_sigma_kl         ppo_semantic_flat__seed829         83.3%      93.8%    2.1%    28.07   2202/2400            -
low_sigma_kl         ppo_semantic_flat__seed830         77.1%      93.8%    2.1%    27.73   2203/2400            -
low_sigma_kl         ppo_semantic_flat__seed831         75.0%      93.8%    2.1%    27.75   2153/2400            -
low_sigma_kl         ppo_semantic_flat__seed832         91.7%      91.7%    4.2%    26.48   2239/2400            -
low_sigma_kl         ppo_vector_canonical__seed828      39.6%      93.8%    2.1%    26.85   2028/2400            -
low_sigma_kl         ppo_vector_canonical__seed829      33.3%      93.8%    0.0%    27.03   1850/2400            -
low_sigma_kl         ppo_vector_canonical__seed830      50.0%      95.8%    0.0%    28.24   2025/2400            -
low_sigma_kl         ppo_vector_canonical__seed831      52.1%      87.5%    2.1%    23.70   2017/2400            -
low_sigma_kl         ppo_vector_canonical__seed832      47.9%      87.5%    8.3%    22.57   1913/2400            -

wrote /home/j/SynologyDrive/junsuk/학술대회/CICS2026/Ontology_RGAT_UAV_RL_ISAAC_PX4/results/full_pipeline_20261007_v11_5seeds/summary.json
