
=== CICS2026 Ontology-TA-GAT Adaptive PF Experiment ===
Mode        : SYNTHETIC
Run folder  : C:\Users\user\SynologyDrive\junsuk\학술대회\CICS2026\codes\CICS2026_Ontology_TAGAT_PF_MATLAB\results\run_20260822_215734
MATLAB      : 25.2.0.3312555 (R2025b) Update 6

Samples: total=240 train=132 val=36 test=72

--- Training GAT baseline ---
epoch 01 | train 0.09958 | val 0.08802

--- Training ontology R-GAT baseline ---
epoch 01 | train 0.08614 | val 0.05100

--- Training ontology TA-GAT proposed model ---
epoch 01 | train 0.09013 | val 0.07461

=== Running particle-filter baselines ===

[1/6] PF-Fixed

[2/6] PF-Adaptive

[3/6] Ontology-Rule-PF

[4/6] GAT-PF

[5/6] Ontology-RGAT-PF

[6/6] Ontology-TAGAT-PF

=== Summary ===
           Model           PositionRMSE_m    PositionMAE_m    PositionP95_m    YawRMSE_deg    FailureRate_pct    MeanNEES2D    MeanParticles    MaxParticles    MeanRuntime_ms    P95Runtime_ms    RealTimeFactor
    ___________________    ______________    _____________    _____________    ___________    _______________    __________    _____________    ____________    ______________    _____________    ______________

    "PF-Fixed"                0.49482           0.46977          0.74416         1.5773              0            0.76911            250            250             1.0611            4.4952           188.48    
    "PF-Adaptive"             0.25696           0.22475          0.42985         1.3068              0            0.20446         446.53            450            0.40323           0.58674           495.99    
    "Ontology-Rule-PF"        0.58767           0.52914          0.91196         7.4904              0             3.9318         447.79            450            0.60487            2.3222           330.65    
    "GAT-PF"                  0.60548           0.59326          0.78239         3.2813              0             3.5953            450            450            0.42534           0.62645           470.22    
    "Ontology-RGAT-PF"        0.60046           0.57088          0.90242         3.9813              0              3.819            450            450            0.39372            0.5426           507.97    
    "Ontology-TAGAT-PF"       0.57494           0.53838          0.83512         1.0936              0             3.9022            450            450            0.44216           0.57877           452.33    

Results saved to:
C:\Users\user\SynologyDrive\junsuk\학술대회\CICS2026\codes\CICS2026_Ontology_TAGAT_PF_MATLAB\results\run_20260822_215734
