
=== CICS2026 Ontology-TA-GAT Adaptive PF Experiment ===
Mode        : NCLT
Run folder  : C:\Users\user\SynologyDrive\junsuk\학술대회\CICS2026\codes\CICS2026_Ontology_TAGAT_PF_MATLAB\results\run_20260822_215548
MATLAB      : 25.2.0.3312555 (R2025b) Update 6

Loading prepared cache: C:\Users\user\SynologyDrive\junsuk\학술대회\CICS2026\codes\CICS2026_Ontology_TAGAT_PF_MATLAB\data\cache\NCLT_2013-01-10_dt_0p20_n_2500_s_1_hok_1.mat
Samples: total=2500 train=1375 val=375 test=750

--- Training GAT baseline ---
epoch 01 | train 0.05640 | val 0.04780
epoch 02 | train 0.03065 | val 0.02451
epoch 03 | train 0.02588 | val 0.02852
epoch 04 | train 0.02110 | val 0.03541
epoch 05 | train 0.01479 | val 0.03654
epoch 06 | train 0.00970 | val 0.05545
epoch 07 | train 0.00681 | val 0.08810
early stop at epoch 7

--- Training ontology R-GAT baseline ---
epoch 01 | train 0.04587 | val 0.03744
epoch 02 | train 0.02202 | val 0.03098
epoch 03 | train 0.01110 | val 0.03850
epoch 04 | train 0.00874 | val 0.04355
epoch 05 | train 0.00793 | val 0.04288
epoch 06 | train 0.00760 | val 0.04926
epoch 07 | train 0.00698 | val 0.05928
early stop at epoch 7

--- Training ontology TA-GAT proposed model ---
epoch 01 | train 0.03475 | val 0.05013
epoch 02 | train 0.01408 | val 0.05045
epoch 03 | train 0.00963 | val 0.04451
epoch 04 | train 0.00801 | val 0.05553
epoch 05 | train 0.00680 | val 0.06673
epoch 06 | train 0.00613 | val 0.07984
epoch 07 | train 0.00535 | val 0.08622
epoch 08 | train 0.00480 | val 0.08444
early stop at epoch 8

=== Running particle-filter baselines ===

[1/6] PF-Fixed

[2/6] PF-Adaptive

[3/6] Ontology-Rule-PF

[4/6] GAT-PF

[5/6] Ontology-RGAT-PF

[6/6] Ontology-TAGAT-PF

=== Summary ===
           Model           PositionRMSE_m    PositionMAE_m    PositionP95_m    YawRMSE_deg    FailureRate_pct    MeanNEES2D    MeanParticles    MaxParticles    MeanRuntime_ms    P95Runtime_ms    RealTimeFactor
    ___________________    ______________    _____________    _____________    ___________    _______________    __________    _____________    ____________    ______________    _____________    ______________

    "PF-Fixed"                 6.0462           5.4213           8.3061          12.184           55.467           112.18           1000            1000           0.58485           0.91258           341.97    
    "PF-Adaptive"              6.2557           5.4684           9.0017           14.44           55.867           119.34         1007.3            1975           0.60483           0.93919           330.67    
    "Ontology-Rule-PF"         9.6831           8.4493           14.229          32.684           69.067           973.76           3497            3500            1.5471            2.3752           129.27    
    "GAT-PF"                   4.8346             4.62           6.6647          7.9671           40.933           41.178         3497.3            3500            2.1939            3.0727           91.162    
    "Ontology-RGAT-PF"         4.8538           4.6158           6.7967          10.812           44.267           34.678         3497.6            3500            1.8599            2.6311           107.53    
    "Ontology-TAGAT-PF"        4.8962           4.6051           6.8615           9.469           51.733           27.716         3497.7            3500            2.0625            2.8245            96.97    

Results saved to:
C:\Users\user\SynologyDrive\junsuk\학술대회\CICS2026\codes\CICS2026_Ontology_TAGAT_PF_MATLAB\results\run_20260822_215548
