[INFO] [1791300868.438840299] [ontology_rgat_px4_gateway_0]: gateway target=sitl, UDP=127.0.0.1:14650, PX4 namespace=/fmu, arm_allowed=True, offboard_allowed=True, heartbeat=50 Hz, pad_motion=random_walk, gnss=off, battery=on (hover 186 W)
[INFO] [1791300868.442734413] [ontology_rgat_px4_gateway_0]: PX4 local frame is at world ENU (-0.0, 0.0, 2.87) m; deck poses will be brought into it.
[INFO] [1791301030.794855986] [ontology_rgat_px4_gateway_0]: physical pad touchdown: OFFBOARD hold retained until SITL force-disarm confirmation (truth pad xyz=-0.10,0.08,0.11)
[WARN] [1791301031.058044316] [ontology_rgat_px4_gateway_0]: PX4 rejected command 400 with result 1 (reason 0)
[INFO] [1791301069.086127263] [ontology_rgat_px4_gateway_0]: physical pad touchdown: OFFBOARD hold retained until SITL force-disarm confirmation (truth pad xyz=-0.19,0.02,0.10)
[INFO] [1791301100.603143916] [ontology_rgat_px4_gateway_0]: physical pad touchdown: OFFBOARD hold retained until SITL force-disarm confirmation (truth pad xyz=-0.15,0.10,0.08)
[WARN] [1791301100.864097139] [ontology_rgat_px4_gateway_0]: PX4 rejected command 400 with result 1 (reason 0)
[INFO] [1791301130.825928558] [ontology_rgat_px4_gateway_0]: physical pad touchdown: OFFBOARD hold retained until SITL force-disarm confirmation (truth pad xyz=0.04,0.02,0.10)
[WARN] [1791301183.805182673] [ontology_rgat_px4_gateway_0]: PX4 rejected command 400 with result 1 (reason 0)
[INFO] [1791301265.995578514] [ontology_rgat_px4_gateway_0]: physical pad touchdown: OFFBOARD hold retained until SITL force-disarm confirmation (truth pad xyz=-0.07,0.05,0.10)
[WARN] [1791301266.260746681] [ontology_rgat_px4_gateway_0]: PX4 rejected command 400 with result 1 (reason 0)
[WARN] [1791301266.903383972] [ontology_rgat_px4_gateway_0]: PX4 rejected command 400 with result 1 (reason 0)
[WARN] [1791301268.968462192] [ontology_rgat_px4_gateway_0]: PX4 rejected command 400 with result 1 (reason 0)
[INFO] [1791301398.746719951] [ontology_rgat_px4_gateway_0]: physical pad touchdown: OFFBOARD hold retained until SITL force-disarm confirmation (truth pad xyz=-0.18,0.04,0.07)
[WARN] [1791301399.011658936] [ontology_rgat_px4_gateway_0]: PX4 rejected command 400 with result 1 (reason 0)
[INFO] [1791301432.039102975] [ontology_rgat_px4_gateway_0]: physical pad touchdown: OFFBOARD hold retained until SITL force-disarm confirmation (truth pad xyz=-0.20,0.04,0.12)
[INFO] [1791301484.364587012] [ontology_rgat_px4_gateway_0]: physical pad touchdown: OFFBOARD hold retained until SITL force-disarm confirmation (truth pad xyz=0.00,0.21,0.07)
[WARN] [1791301484.631265919] [ontology_rgat_px4_gateway_0]: PX4 rejected command 400 with result 1 (reason 0)
[INFO] [1791301553.245772408] [ontology_rgat_px4_gateway_0]: physical pad touchdown: OFFBOARD hold retained until SITL force-disarm confirmation (truth pad xyz=-0.04,0.11,0.10)
[INFO] [1791301582.820103024] [ontology_rgat_px4_gateway_0]: physical pad touchdown: OFFBOARD hold retained until SITL force-disarm confirmation (truth pad xyz=-0.27,0.10,0.11)
[WARN] [1791301583.083227163] [ontology_rgat_px4_gateway_0]: PX4 rejected command 400 with result 1 (reason 0)
[INFO] [1791301613.480570820] [ontology_rgat_px4_gateway_0]: physical pad touchdown: OFFBOARD hold retained until SITL force-disarm confirmation (truth pad xyz=-0.21,0.07,0.08)
[INFO] [1791301646.735842962] [ontology_rgat_px4_gateway_0]: physical pad touchdown: OFFBOARD hold retained until SITL force-disarm confirmation (truth pad xyz=-0.14,0.19,0.07)
[WARN] [1791301647.003149811] [ontology_rgat_px4_gateway_0]: PX4 rejected command 400 with result 1 (reason 0)
[INFO] [1791301685.138621705] [ontology_rgat_px4_gateway_0]: physical pad touchdown: OFFBOARD hold retained until SITL force-disarm confirmation (truth pad xyz=-0.31,0.14,0.09)
[WARN] [1791301747.599112536] [ontology_rgat_px4_gateway_0]: PX4 rejected command 400 with result 1 (reason 0)
[WARN] [1791301766.759965352] [ontology_rgat_px4_gateway_0]: XRCE-DDS rebased the PX4 timestamp (raw delta -1791301258.051 s); continuing on the monotonic simulated-time axis
[WARN] [1791301768.589743996] [ontology_rgat_px4_gateway_0]: XRCE-DDS rebased the PX4 timestamp (raw delta 1791301260.567 s); continuing on the monotonic simulated-time axis
[INFO] [1791301839.065708268] [ontology_rgat_px4_gateway_0]: physical pad touchdown: OFFBOARD hold retained until SITL force-disarm confirmation (truth pad xyz=-0.18,0.16,0.10)
[WARN] [1791301839.433129548] [ontology_rgat_px4_gateway_0]: PX4 rejected command 400 with result 1 (reason 0)
[INFO] [1791301885.654513952] [ontology_rgat_px4_gateway_0]: physical pad touchdown: OFFBOARD hold retained until SITL force-disarm confirmation (truth pad xyz=-0.31,0.08,0.08)
[INFO] [1791301915.196700887] [ontology_rgat_px4_gateway_0]: physical pad touchdown: OFFBOARD hold retained until SITL force-disarm confirmation (truth pad xyz=-0.18,0.18,0.10)
[WARN] [1791301915.458154988] [ontology_rgat_px4_gateway_0]: PX4 rejected command 400 with result 1 (reason 0)
[INFO] [1791301942.603492841] [ontology_rgat_px4_gateway_0]: physical pad touchdown: OFFBOARD hold retained until SITL force-disarm confirmation (truth pad xyz=-0.05,0.03,0.09)
[INFO] [1791302086.500917449] [ontology_rgat_px4_gateway_0]: physical pad touchdown: OFFBOARD hold retained until SITL force-disarm confirmation (truth pad xyz=-0.26,0.40,0.07)
[WARN] [1791302086.784705385] [ontology_rgat_px4_gateway_0]: PX4 rejected command 400 with result 1 (reason 0)
[INFO] [1791302228.194129903] [ontology_rgat_px4_gateway_0]: physical pad touchdown: OFFBOARD hold retained until SITL force-disarm confirmation (truth pad xyz=-0.17,0.57,0.15)
[INFO] [1791302257.745786033] [ontology_rgat_px4_gateway_0]: physical pad touchdown: OFFBOARD hold retained until SITL force-disarm confirmation (truth pad xyz=-0.14,0.26,0.07)
[WARN] [1791302258.005252821] [ontology_rgat_px4_gateway_0]: PX4 rejected command 400 with result 1 (reason 0)
[INFO] [1791302292.413847103] [ontology_rgat_px4_gateway_0]: physical pad touchdown: OFFBOARD hold retained until SITL force-disarm confirmation (truth pad xyz=0.12,0.09,0.08)
[INFO] [1791302328.107400985] [ontology_rgat_px4_gateway_0]: physical pad touchdown: OFFBOARD hold retained until SITL force-disarm confirmation (truth pad xyz=0.01,0.06,0.08)
[WARN] [1791302328.369786213] [ontology_rgat_px4_gateway_0]: PX4 rejected command 400 with result 1 (reason 0)
[INFO] [1791302364.887761505] [ontology_rgat_px4_gateway_0]: physical pad touchdown: OFFBOARD hold retained until SITL force-disarm confirmation (truth pad xyz=-0.20,0.09,0.07)
