
=== CICS2026 Ontology-TA-GAT Adaptive PF Experiment ===
Mode        : NCLT
Run folder  : c:\Users\user\SynologyDrive\junsuk\학술대회\CICS2026\codes\CICS2026_Ontology_TAGAT_PF_MATLAB\results\run_20260822_214804
MATLAB      : 25.2.0.3312555 (R2025b) Update 6

Reading Hokuyo stream...
Estimating scan-to-scan Hokuyo odometry (300 synchronized scans)...
Saving prepared cache: c:\Users\user\SynologyDrive\junsuk\학술대회\CICS2026\codes\CICS2026_Ontology_TAGAT_PF_MATLAB\data\cache\NCLT_2013-01-10_dt_0p20_n_300_s_1_hok_1.mat
Samples: total=300 train=165 val=45 test=90

--- Training GAT baseline ---
epoch 01 | train 0.10488 | val 0.03383

--- Training ontology R-GAT baseline ---
epoch 01 | train 0.03140 | val 0.00299

--- Training ontology TA-GAT proposed model ---
epoch 01 | train 0.12152 | val 0.05390

=== Running particle-filter baselines ===

[1/6] PF-Fixed

[2/6] PF-Adaptive

[3/6] Ontology-Rule-PF

[4/6] GAT-PF

[5/6] Ontology-RGAT-PF

[6/6] Ontology-TAGAT-PF

=== Summary ===
           Model           PositionRMSE_m    PositionMAE_m    PositionP95_m    YawRMSE_deg    FailureRate_pct    MeanNEES2D    MeanParticles    MaxParticles    MeanRuntime_ms    P95Runtime_ms    RealTimeFactor
    ___________________    ______________    _____________    _____________    ___________    _______________    __________    _____________    ____________    ______________    _____________    ______________

    "PF-Fixed"                 5.2287           5.1071           6.1895          20.038               70           89.957           150             150            0.71639            2.1682           279.18    
    "PF-Adaptive"              5.1152           4.9225           6.1271          20.085           68.889           83.345           298             300            0.35873           0.68194           557.52    
    "Ontology-Rule-PF"         5.3599           5.2583           6.1857          20.197               70           521.31           300             300            0.46999           0.82923           425.54    
    "GAT-PF"                   3.5815            3.476           4.4802          20.085                0           39.345           300             300             0.3025           0.47436           661.15    
    "Ontology-RGAT-PF"         2.6833           2.5177           4.2307          19.558                0            33.05           300             300             0.2948           0.47017           678.43    
    "Ontology-TAGAT-PF"        5.0928           4.9731           6.0589          20.122           66.667           88.091           300             300            0.25593           0.27761           781.48    

Results saved to:
c:\Users\user\SynologyDrive\junsuk\학술대회\CICS2026\codes\CICS2026_Ontology_TAGAT_PF_MATLAB\results\run_20260822_214804
